Archive member included to satisfy reference by file (symbol)

c:/st/stm32cubeide_1.7.0/stm32cubeide/plugins/com.st.stm32cube.ide.mcu.externaltools.gnu-tools-for-stm32.9-2020-q2-update.win32_2.0.0.202105311346/tools/bin/../lib/gcc/arm-none-eabi/9.3.1/../../../../arm-none-eabi/lib/thumb/v6-m/nofp\libc_nano.a(lib_a-errno.o)
                              ./Core/Src/syscalls.o (__errno)
c:/st/stm32cubeide_1.7.0/stm32cubeide/plugins/com.st.stm32cube.ide.mcu.externaltools.gnu-tools-for-stm32.9-2020-q2-update.win32_2.0.0.202105311346/tools/bin/../lib/gcc/arm-none-eabi/9.3.1/../../../../arm-none-eabi/lib/thumb/v6-m/nofp\libc_nano.a(lib_a-exit.o)
                              c:/st/stm32cubeide_1.7.0/stm32cubeide/plugins/com.st.stm32cube.ide.mcu.externaltools.gnu-tools-for-stm32.9-2020-q2-update.win32_2.0.0.202105311346/tools/bin/../lib/gcc/arm-none-eabi/9.3.1/../../../../arm-none-eabi/lib/thumb/v6-m/nofp/crt0.o (exit)
c:/st/stm32cubeide_1.7.0/stm32cubeide/plugins/com.st.stm32cube.ide.mcu.externaltools.gnu-tools-for-stm32.9-2020-q2-update.win32_2.0.0.202105311346/tools/bin/../lib/gcc/arm-none-eabi/9.3.1/../../../../arm-none-eabi/lib/thumb/v6-m/nofp\libc_nano.a(lib_a-impure.o)
                              c:/st/stm32cubeide_1.7.0/stm32cubeide/plugins/com.st.stm32cube.ide.mcu.externaltools.gnu-tools-for-stm32.9-2020-q2-update.win32_2.0.0.202105311346/tools/bin/../lib/gcc/arm-none-eabi/9.3.1/../../../../arm-none-eabi/lib/thumb/v6-m/nofp\libc_nano.a(lib_a-exit.o) (_global_impure_ptr)
c:/st/stm32cubeide_1.7.0/stm32cubeide/plugins/com.st.stm32cube.ide.mcu.externaltools.gnu-tools-for-stm32.9-2020-q2-update.win32_2.0.0.202105311346/tools/bin/../lib/gcc/arm-none-eabi/9.3.1/../../../../arm-none-eabi/lib/thumb/v6-m/nofp\libc_nano.a(lib_a-init.o)
                              c:/st/stm32cubeide_1.7.0/stm32cubeide/plugins/com.st.stm32cube.ide.mcu.externaltools.gnu-tools-for-stm32.9-2020-q2-update.win32_2.0.0.202105311346/tools/bin/../lib/gcc/arm-none-eabi/9.3.1/../../../../arm-none-eabi/lib/thumb/v6-m/nofp/crt0.o (__libc_init_array)
c:/st/stm32cubeide_1.7.0/stm32cubeide/plugins/com.st.stm32cube.ide.mcu.externaltools.gnu-tools-for-stm32.9-2020-q2-update.win32_2.0.0.202105311346/tools/bin/../lib/gcc/arm-none-eabi/9.3.1/../../../../arm-none-eabi/lib/thumb/v6-m/nofp\libc_nano.a(lib_a-malloc.o)
                              ./Drivers/RingBuffer/ringbuffer.o (malloc)
c:/st/stm32cubeide_1.7.0/stm32cubeide/plugins/com.st.stm32cube.ide.mcu.externaltools.gnu-tools-for-stm32.9-2020-q2-update.win32_2.0.0.202105311346/tools/bin/../lib/gcc/arm-none-eabi/9.3.1/../../../../arm-none-eabi/lib/thumb/v6-m/nofp\libc_nano.a(lib_a-memcmp.o)
                              ./Drivers/GSM/gsm_hw_layer.o (memcmp)
c:/st/stm32cubeide_1.7.0/stm32cubeide/plugins/com.st.stm32cube.ide.mcu.externaltools.gnu-tools-for-stm32.9-2020-q2-update.win32_2.0.0.202105311346/tools/bin/../lib/gcc/arm-none-eabi/9.3.1/../../../../arm-none-eabi/lib/thumb/v6-m/nofp\libc_nano.a(lib_a-memcpy-stub.o)
                              ./Drivers/RTT_Debug/SEGGER_RTT.o (memcpy)
c:/st/stm32cubeide_1.7.0/stm32cubeide/plugins/com.st.stm32cube.ide.mcu.externaltools.gnu-tools-for-stm32.9-2020-q2-update.win32_2.0.0.202105311346/tools/bin/../lib/gcc/arm-none-eabi/9.3.1/../../../../arm-none-eabi/lib/thumb/v6-m/nofp\libc_nano.a(lib_a-memset.o)
                              c:/st/stm32cubeide_1.7.0/stm32cubeide/plugins/com.st.stm32cube.ide.mcu.externaltools.gnu-tools-for-stm32.9-2020-q2-update.win32_2.0.0.202105311346/tools/bin/../lib/gcc/arm-none-eabi/9.3.1/../../../../arm-none-eabi/lib/thumb/v6-m/nofp/crt0.o (memset)
c:/st/stm32cubeide_1.7.0/stm32cubeide/plugins/com.st.stm32cube.ide.mcu.externaltools.gnu-tools-for-stm32.9-2020-q2-update.win32_2.0.0.202105311346/tools/bin/../lib/gcc/arm-none-eabi/9.3.1/../../../../arm-none-eabi/lib/thumb/v6-m/nofp\libc_nano.a(lib_a-nano-freer.o)
                              c:/st/stm32cubeide_1.7.0/stm32cubeide/plugins/com.st.stm32cube.ide.mcu.externaltools.gnu-tools-for-stm32.9-2020-q2-update.win32_2.0.0.202105311346/tools/bin/../lib/gcc/arm-none-eabi/9.3.1/../../../../arm-none-eabi/lib/thumb/v6-m/nofp\libc_nano.a(lib_a-malloc.o) (_free_r)
c:/st/stm32cubeide_1.7.0/stm32cubeide/plugins/com.st.stm32cube.ide.mcu.externaltools.gnu-tools-for-stm32.9-2020-q2-update.win32_2.0.0.202105311346/tools/bin/../lib/gcc/arm-none-eabi/9.3.1/../../../../arm-none-eabi/lib/thumb/v6-m/nofp\libc_nano.a(lib_a-nano-mallocr.o)
                              c:/st/stm32cubeide_1.7.0/stm32cubeide/plugins/com.st.stm32cube.ide.mcu.externaltools.gnu-tools-for-stm32.9-2020-q2-update.win32_2.0.0.202105311346/tools/bin/../lib/gcc/arm-none-eabi/9.3.1/../../../../arm-none-eabi/lib/thumb/v6-m/nofp\libc_nano.a(lib_a-malloc.o) (_malloc_r)
c:/st/stm32cubeide_1.7.0/stm32cubeide/plugins/com.st.stm32cube.ide.mcu.externaltools.gnu-tools-for-stm32.9-2020-q2-update.win32_2.0.0.202105311346/tools/bin/../lib/gcc/arm-none-eabi/9.3.1/../../../../arm-none-eabi/lib/thumb/v6-m/nofp\libc_nano.a(lib_a-sbrkr.o)
[...]
Memory Configuration

Name             Origin             Length             Attributes
RAM              0x0000000020000000 0x0000000000005000 xrw
FLASH            0x0000000008000000 0x0000000000030000 xr
*default*        0x0000000000000000 0xffffffffffffffff

Linker script and memory map

LOAD c:/st/stm32cubeide_1.7.0/stm32cubeide/plugins/com.st.stm32cube.ide.mcu.externaltools.gnu-tools-for-stm32.9-2020-q2-update.win32_2.0.0.202105311346/tools/bin/../lib/gcc/arm-none-eabi/9.3.1/thumb/v6-m/nofp/crti.o
LOAD c:/st/stm32cubeide_1.7.0/stm32cubeide/plugins/com.st.stm32cube.ide.mcu.externaltools.gnu-tools-for-stm32.9-2020-q2-update.win32_2.0.0.202105311346/tools/bin/../lib/gcc/arm-none-eabi/9.3.1/thumb/v6-m/nofp/crtbegin.o
LOAD c:/st/stm32cubeide_1.7.0/stm32cubeide/plugins/com.st.stm32cube.ide.mcu.externaltools.gnu-tools-for-stm32.9-2020-q2-update.win32_2.0.0.202105311346/tools/bin/../lib/gcc/arm-none-eabi/9.3.1/../../../../arm-none-eabi/lib/thumb/v6-m/nofp/crt0.o
LOAD ./App/App_Main.o
LOAD ./Core/Src/gpio.o
LOAD ./Core/Src/main.o
LOAD ./Core/Src/stm32l0xx_hal_msp.o
LOAD ./Core/Src/stm32l0xx_it.o
LOAD ./Core/Src/syscalls.o
LOAD ./Core/Src/sysmem.o
LOAD ./Core/Src/system_stm32l0xx.o
LOAD ./Core/Src/usart.o
LOAD ./Core/Startup/startup_stm32l071rztx.o
LOAD ./Drivers/GSM/gsm_data_layer.o
LOAD ./Drivers/GSM/gsm_hw_layer.o
LOAD ./Drivers/GSM/gsm_utilities/gsm_utilities.o
LOAD ./Drivers/RTT_Debug/SEGGER_RTT.o
LOAD ./Drivers/RTT_Debug/SEGGER_RTT_ASM_ARMv7M.o
LOAD ./Drivers/RTT_Debug/SEGGER_RTT_printf.o
LOAD ./Drivers/RingBuffer/ringbuffer.o
LOAD ./Drivers/STM32L0xx_HAL_Driver/Src/stm32l0xx_hal.o
LOAD ./Drivers/STM32L0xx_HAL_Driver/Src/stm32l0xx_hal_cortex.o
LOAD ./Drivers/STM32L0xx_HAL_Driver/Src/stm32l0xx_hal_dma.o
LOAD ./Drivers/STM32L0xx_HAL_Driver/Src/stm32l0xx_hal_exti.o
LOAD ./Drivers/STM32L0xx_HAL_Driver/Src/stm32l0xx_hal_flash.o
LOAD ./Drivers/STM32L0xx_HAL_Driver/Src/stm32l0xx_hal_flash_ex.o
LOAD ./Drivers/STM32L0xx_HAL_Driver/Src/stm32l0xx_hal_flash_ramfunc.o
LOAD ./Drivers/STM32L0xx_HAL_Driver/Src/stm32l0xx_hal_gpio.o
LOAD ./Drivers/STM32L0xx_HAL_Driver/Src/stm32l0xx_hal_i2c.o
LOAD ./Drivers/STM32L0xx_HAL_Driver/Src/stm32l0xx_hal_i2c_ex.o
LOAD ./Drivers/STM32L0xx_HAL_Driver/Src/stm32l0xx_hal_pwr.o
LOAD ./Drivers/STM32L0xx_HAL_Driver/Src/stm32l0xx_hal_pwr_ex.o
LOAD ./Drivers/STM32L0xx_HAL_Driver/Src/stm32l0xx_hal_rcc.o
LOAD ./Drivers/STM32L0xx_HAL_Driver/Src/stm32l0xx_hal_rcc_ex.o
LOAD ./Drivers/STM32L0xx_HAL_Driver/Src/stm32l0xx_hal_tim.o
LOAD ./Drivers/STM32L0xx_HAL_Driver/Src/stm32l0xx_hal_tim_ex.o
LOAD ./Drivers/STM32L0xx_HAL_Driver/Src/stm32l0xx_hal_uart.o
LOAD ./Drivers/STM32L0xx_HAL_Driver/Src/stm32l0xx_hal_uart_ex.o
START GROUP
LOAD c:/st/stm32cubeide_1.7.0/stm32cubeide/plugins/com.st.stm32cube.ide.mcu.externaltools.gnu-tools-for-stm32.9-2020-q2-update.win32_2.0.0.202105311346/tools/bin/../lib/gcc/arm-none-eabi/9.3.1/../../../../arm-none-eabi/lib/thumb/v6-m/nofp\libc_nano.a
LOAD c:/st/stm32cubeide_1.7.0/stm32cubeide/plugins/com.st.stm32cube.ide.mcu.externaltools.gnu-tools-for-stm32.9-2020-q2-update.win32_2.0.0.202105311346/tools/bin/../lib/gcc/arm-none-eabi/9.3.1/../../../../arm-none-eabi/lib/thumb/v6-m/nofp\libm.a
END GROUP
START GROUP
LOAD c:/st/stm32cubeide_1.7.0/stm32cubeide/plugins/com.st.stm32cube.ide.mcu.externaltools.gnu-tools-for-stm32.9-2020-q2-update.win32_2.0.0.202105311346/tools/bin/../lib/gcc/arm-none-eabi/9.3.1/thumb/v6-m/nofp\libgcc.a
LOAD c:/st/stm32cubeide_1.7.0/stm32cubeide/plugins/com.st.stm32cube.ide.mcu.externaltools.gnu-tools-for-stm32.9-2020-q2-update.win32_2.0.0.202105311346/tools/bin/../lib/gcc/arm-none-eabi/9.3.1/../../../../arm-none-eabi/lib/thumb/v6-m/nofp\libc_nano.a
END GROUP
START GROUP
LOAD c:/st/stm32cubeide_1.7.0/stm32cubeide/plugins/com.st.stm32cube.ide.mcu.externaltools.gnu-tools-for-stm32.9-2020-q2-update.win32_2.0.0.202105311346/tools/bin/../lib/gcc/arm-none-eabi/9.3.1/thumb/v6-m/nofp\libgcc.a
LOAD c:/st/stm32cubeide_1.7.0/stm32cubeide/plugins/com.st.stm32cube.ide.mcu.externaltools.gnu-tools-for-stm32.9-2020-q2-update.win32_2.0.0.202105311346/tools/bin/../lib/gcc/arm-none-eabi/9.3.1/../../../../arm-none-eabi/lib/thumb/v6-m/nofp\libc_nano.a
LOAD c:/st/stm32cubeide_1.7.0/stm32cubeide/plugins/com.st.stm32cube.ide.mcu.externaltools.gnu-tools-for-stm32.9-2020-q2-update.win32_2.0.0.202105311346/tools/bin/../lib/gcc/arm-none-eabi/9.3.1/../../../../arm-none-eabi/lib/thumb/v6-m/nofp\libnosys.a
END GROUP
START GROUP
LOAD c:/st/stm32cubeide_1.7.0/stm32cubeide/plugins/com.st.stm32cube.ide.mcu.externaltools.gnu-tools-for-stm32.9-2020-q2-update.win32_2.0.0.202105311346/tools/bin/../lib/gcc/arm-none-eabi/9.3.1/thumb/v6-m/nofp\libgcc.a
LOAD c:/st/stm32cubeide_1.7.0/stm32cubeide/plugins/com.st.stm32cube.ide.mcu.externaltools.gnu-tools-for-stm32.9-2020-q2-update.win32_2.0.0.202105311346/tools/bin/../lib/gcc/arm-none-eabi/9.3.1/../../../../arm-none-eabi/lib/thumb/v6-m/nofp\libc_nano.a
LOAD c:/st/stm32cubeide_1.7.0/stm32cubeide/plugins/com.st.stm32cube.ide.mcu.externaltools.gnu-tools-for-stm32.9-2020-q2-update.win32_2.0.0.202105311346/tools/bin/../lib/gcc/arm-none-eabi/9.3.1/../../../../arm-none-eabi/lib/thumb/v6-m/nofp\libnosys.a
END GROUP
LOAD c:/st/stm32cubeide_1.7.0/stm32cubeide/plugins/com.st.stm32cube.ide.mcu.externaltools.gnu-tools-for-stm32.9-2020-q2-update.win32_2.0.0.202105311346/tools/bin/../lib/gcc/arm-none-eabi/9.3.1/thumb/v6-m/nofp/crtend.o
LOAD c:/st/stm32cubeide_1.7.0/stm32cubeide/plugins/com.st.stm32cube.ide.mcu.externaltools.gnu-tools-for-stm32.9-2020-q2-update.win32_2.0.0.202105311346/tools/bin/../lib/gcc/arm-none-eabi/9.3.1/thumb/v6-m/nofp/crtn.o
                0x0000000020005000                _estack = (ORIGIN (RAM) + LENGTH (RAM))
                0x0000000000000200                _Min_Heap_Size = 0x200
                0x0000000000000400                _Min_Stack_Size = 0x400

.isr_vector     0x0000000008000000       0xc0
                0x0000000008000000                . = ALIGN (0x4)
 *(.isr_vector)
 .isr_vector    0x0000000008000000       0xc0 ./Core/Startup/startup_stm32l071rztx.o
                0x0000000008000000                g_pfnVectors
                0x00000000080000c0                . = ALIGN (0x4)

.text           0x00000000080000c0     0x4de8
                0x00000000080000c0                . = ALIGN (0x4)
 *(.text)
 .text          0x00000000080000c0       0x48 c:/st/stm32cubeide_1.7.0/stm32cubeide/plugins/com.st.stm32cube.ide.mcu.externaltools.gnu-tools-for-stm32.9-2020-q2-update.win32_2.0.0.202105311346/tools/bin/../lib/gcc/arm-none-eabi/9.3.1/thumb/v6-m/nofp/crtbegin.o
 .text          0x0000000008000108        0xe c:/st/stm32cubeide_1.7.0/stm32cubeide/plugins/com.st.stm32cube.ide.mcu.externaltools.gnu-tools-for-stm32.9-2020-q2-update.win32_2.0.0.202105311346/tools/bin/../lib/gcc/arm-none-eabi/9.3.1/../../../../arm-none-eabi/lib/thumb/v6-m/nofp\libc_nano.a(lib_a-strlen.o)
                0x0000000008000108                strlen
 *fill*         0x0000000008000116        0x2 
 .text          0x0000000008000118      0x114 c:/st/stm32cubeide_1.7.0/stm32cubeide/plugins/com.st.stm32cube.ide.mcu.externaltools.gnu-tools-for-stm32.9-2020-q2-update.win32_2.0.0.202105311346/tools/bin/../lib/gcc/arm-none-eabi/9.3.1/thumb/v6-m/nofp\libgcc.a(_udivsi3.o)
                0x0000000008000118                __aeabi_uidiv
                0x0000000008000118                __udivsi3
                0x0000000008000224                __aeabi_uidivmod
 .text          0x000000000800022c      0x1d4 c:/st/stm32cubeide_1.7.0/stm32cubeide/plugins/com.st.stm32cube.ide.mcu.externaltools.gnu-tools-for-stm32.9-2020-q2-update.win32_2.0.0.202105311346/tools/bin/../lib/gcc/arm-none-eabi/9.3.1/thumb/v6-m/nofp\libgcc.a(_divsi3.o)
                0x000000000800022c                __divsi3
                0x000000000800022c                __aeabi_idiv
                0x00000000080003f8                __aeabi_idivmod
 .text          0x0000000008000400        0x4 c:/st/stm32cubeide_1.7.0/stm32cubeide/plugins/com.st.stm32cube.ide.mcu.externaltools.gnu-tools-for-stm32.9-2020-q2-update.win32_2.0.0.202105311346/tools/bin/../lib/gcc/arm-none-eabi/9.3.1/thumb/v6-m/nofp\libgcc.a(_dvmd_tls.o)
                0x0000000008000400                __aeabi_idiv0
                0x0000000008000400                __aeabi_ldiv0
 .text          0x0000000008000404       0x40 c:/st/stm32cubeide_1.7.0/stm32cubeide/plugins/com.st.stm32cube.ide.mcu.externaltools.gnu-tools-for-stm32.9-2020-q2-update.win32_2.0.0.202105311346/tools/bin/../lib/gcc/arm-none-eabi/9.3.1/thumb/v6-m/nofp\libgcc.a(_aeabi_uldivmod.o)
                0x0000000008000404                __aeabi_uldivmod
 .text          0x0000000008000444       0x50 c:/st/stm32cubeide_1.7.0/stm32cubeide/plugins/com.st.stm32cube.ide.mcu.externaltools.gnu-tools-for-stm32.9-2020-q2-update.win32_2.0.0.202105311346/tools/bin/../lib/gcc/arm-none-eabi/9.3.1/thumb/v6-m/nofp\libgcc.a(_muldi3.o)
                0x0000000008000444                __muldi3
                0x0000000008000444                __aeabi_lmul
 .text          0x0000000008000494      0x198 c:/st/stm32cubeide_1.7.0/stm32cubeide/plugins/com.st.stm32cube.ide.mcu.externaltools.gnu-tools-for-stm32.9-2020-q2-update.win32_2.0.0.202105311346/tools/bin/../lib/gcc/arm-none-eabi/9.3.1/thumb/v6-m/nofp\libgcc.a(_udivmoddi4.o)
                0x0000000008000494                __udivmoddi4
 .text          0x000000000800062c       0x18 c:/st/stm32cubeide_1.7.0/stm32cubeide/plugins/com.st.stm32cube.ide.mcu.externaltools.gnu-tools-for-stm32.9-2020-q2-update.win32_2.0.0.202105311346/tools/bin/../lib/gcc/arm-none-eabi/9.3.1/thumb/v6-m/nofp\libgcc.a(_clzdi2.o)
                0x000000000800062c                __clzdi2
 .text          0x0000000008000644       0x3c c:/st/stm32cubeide_1.7.0/stm32cubeide/plugins/com.st.stm32cube.ide.mcu.externaltools.gnu-tools-for-stm32.9-2020-q2-update.win32_2.0.0.202105311346/tools/bin/../lib/gcc/arm-none-eabi/9.3.1/thumb/v6-m/nofp\libgcc.a(_clzsi2.o)
                0x0000000008000644                __clzsi2
 *(.text*)
 .text.HAL_UART_RxCpltCallback
                0x0000000008000680       0x38 ./App/App_Main.o
                0x0000000008000680                HAL_UART_RxCpltCallback
 .text.App_Main
                0x00000000080006b8       0x24 ./App/App_Main.o
                0x00000000080006b8                App_Main
 .text.MX_GPIO_Init
                0x00000000080006dc      0x12c ./Core/Src/gpio.o
                0x00000000080006dc                MX_GPIO_Init
 .text.main     0x0000000008000808       0x1a ./Core/Src/main.o
                0x0000000008000808                main
 *fill*         0x0000000008000822        0x2 
 .text.SystemClock_Config
                0x0000000008000824       0xe4 ./Core/Src/main.o
                0x0000000008000824                SystemClock_Config
 .text.Error_Handler
                0x0000000008000908        0xa ./Core/Src/main.o
                0x0000000008000908                Error_Handler
 *fill*         0x0000000008000912        0x2 
 .text.HAL_MspInit
                0x0000000008000914       0x28 ./Core/Src/stm32l0xx_hal_msp.o
                0x0000000008000914                HAL_MspInit
 .text.NMI_Handler
                0x000000000800093c        0x6 ./Core/Src/stm32l0xx_it.o
                0x000000000800093c                NMI_Handler
 .text.HardFault_Handler
                0x0000000008000942        0x6 ./Core/Src/stm32l0xx_it.o
                0x0000000008000942                HardFault_Handler
 .text.SVC_Handler
                0x0000000008000948        0xa ./Core/Src/stm32l0xx_it.o
                0x0000000008000948                SVC_Handler
 .text.PendSV_Handler
                0x0000000008000952        0xa ./Core/Src/stm32l0xx_it.o
                0x0000000008000952                PendSV_Handler
 .text.SysTick_Handler
                0x000000000800095c        0xe ./Core/Src/stm32l0xx_it.o
                0x000000000800095c                SysTick_Handler
 *fill*         0x000000000800096a        0x2 
 .text.USART1_IRQHandler
                0x000000000800096c       0x18 ./Core/Src/stm32l0xx_it.o
                0x000000000800096c                USART1_IRQHandler
 .text._sbrk    0x0000000008000984       0x6c ./Core/Src/sysmem.o
                0x0000000008000984                _sbrk
 .text.SystemInit
                0x00000000080009f0        0xa ./Core/Src/system_stm32l0xx.o
                0x00000000080009f0                SystemInit
 *fill*         0x00000000080009fa        0x2 
 .text.MX_USART1_UART_Init
                0x00000000080009fc       0x60 ./Core/Src/usart.o
                0x00000000080009fc                MX_USART1_UART_Init
 .text.HAL_UART_MspInit
                0x0000000008000a5c       0x98 ./Core/Src/usart.o
                0x0000000008000a5c                HAL_UART_MspInit
 .text.Reset_Handler
                0x0000000008000af4       0x50 ./Core/Startup/startup_stm32l071rztx.o
                0x0000000008000af4                Reset_Handler
 .text.Default_Handler
                0x0000000008000b44        0x2 ./Core/Startup/startup_stm32l071rztx.o
                0x0000000008000b44                ADC1_COMP_IRQHandler
                0x0000000008000b44                TIM6_IRQHandler
                0x0000000008000b44                PVD_IRQHandler
                0x0000000008000b44                I2C1_IRQHandler
                0x0000000008000b44                SPI1_IRQHandler
                0x0000000008000b44                EXTI2_3_IRQHandler
                0x0000000008000b44                I2C2_IRQHandler
                0x0000000008000b44                RTC_IRQHandler
                0x0000000008000b44                DMA1_Channel4_5_6_7_IRQHandler
                0x0000000008000b44                TIM3_IRQHandler
                0x0000000008000b44                EXTI4_15_IRQHandler
                0x0000000008000b44                RCC_IRQHandler
                0x0000000008000b44                DMA1_Channel1_IRQHandler
                0x0000000008000b44                USART4_5_IRQHandler
                0x0000000008000b44                Default_Handler
                0x0000000008000b44                TIM22_IRQHandler
                0x0000000008000b44                TIM7_IRQHandler
                0x0000000008000b44                EXTI0_1_IRQHandler
                0x0000000008000b44                I2C3_IRQHandler
                0x0000000008000b44                SPI2_IRQHandler
                0x0000000008000b44                TIM21_IRQHandler
                0x0000000008000b44                WWDG_IRQHandler
                0x0000000008000b44                LPUART1_IRQHandler
                0x0000000008000b44                TIM2_IRQHandler
                0x0000000008000b44                DMA1_Channel2_3_IRQHandler
                0x0000000008000b44                USART2_IRQHandler
                0x0000000008000b44                FLASH_IRQHandler
                0x0000000008000b44                LPTIM1_IRQHandler
 *fill*         0x0000000008000b46        0x2 
 .text.GSM_Config_Module
                0x0000000008000b48      0x2f8 ./Drivers/GSM/gsm_data_layer.o
                0x0000000008000b48                GSM_Config_Module
 .text.GSM_mnr_task
                0x0000000008000e40       0x12 ./Drivers/GSM/gsm_data_layer.o
                0x0000000008000e40                GSM_mnr_task
 *fill*         0x0000000008000e52        0x2 
 .text.Polling_GSM_StateMachine
                0x0000000008000e54       0xa4 ./Drivers/GSM/gsm_data_layer.o
                0x0000000008000e54                Polling_GSM_StateMachine
 .text.GSM_Manager_ChangeState
                0x0000000008000ef8       0x28 ./Drivers/GSM/gsm_data_layer.o
                0x0000000008000ef8                GSM_Manager_ChangeState
 .text.GMS_Hardware_Init
                0x0000000008000f20       0x24 ./Drivers/GSM/gsm_hw_layer.o
                0x0000000008000f20                GMS_Hardware_Init
 .text.GSM_Hardware_Layer_Run
                0x0000000008000f44      0x338 ./Drivers/GSM/gsm_hw_layer.o
                0x0000000008000f44                GSM_Hardware_Layer_Run
 .text.GSM_Turn_on_Power
                0x000000000800127c      0x154 ./Drivers/GSM/gsm_hw_layer.o
                0x000000000800127c                GSM_Turn_on_Power
 .text.GSM_SendCommand_AT
                0x00000000080013d0       0xb4 ./Drivers/GSM/gsm_hw_layer.o
                0x00000000080013d0                GSM_SendCommand_AT
 .text.sys_get_tick_ms
                0x0000000008001484       0x10 ./Drivers/GSM/gsm_hw_layer.o
                0x0000000008001484                sys_get_tick_ms
 .text._DoInit  0x0000000008001494       0xa8 ./Drivers/RTT_Debug/SEGGER_RTT.o
 .text._WriteBlocking
                0x000000000800153c       0xb8 ./Drivers/RTT_Debug/SEGGER_RTT.o
 .text._WriteNoCheck
                0x00000000080015f4       0x8c ./Drivers/RTT_Debug/SEGGER_RTT.o
 .text._GetAvailWriteSpace
                0x0000000008001680       0x42 ./Drivers/RTT_Debug/SEGGER_RTT.o
 *fill*         0x00000000080016c2        0x2 
 .text.SEGGER_RTT_WriteNoLock
                0x00000000080016c4       0xb0 ./Drivers/RTT_Debug/SEGGER_RTT.o
                0x00000000080016c4                SEGGER_RTT_WriteNoLock
 .text.SEGGER_RTT_Write
                0x0000000008001774       0x50 ./Drivers/RTT_Debug/SEGGER_RTT.o
                0x0000000008001774                SEGGER_RTT_Write
 .text.SEGGER_RTT_Init
                0x00000000080017c4        0xe ./Drivers/RTT_Debug/SEGGER_RTT.o
                0x00000000080017c4                SEGGER_RTT_Init
 .text._StoreChar
                0x00000000080017d2       0x80 ./Drivers/RTT_Debug/SEGGER_RTT_printf.o
 *fill*         0x0000000008001852        0x2 
 .text._PrintUnsigned
                0x0000000008001854      0x168 ./Drivers/RTT_Debug/SEGGER_RTT_printf.o
 .text._PrintInt
                0x00000000080019bc      0x150 ./Drivers/RTT_Debug/SEGGER_RTT_printf.o
 .text.SEGGER_RTT_vprintf
                0x0000000008001b0c      0x3cc ./Drivers/RTT_Debug/SEGGER_RTT_printf.o
                0x0000000008001b0c                SEGGER_RTT_vprintf
 .text.SEGGER_RTT_printf
                0x0000000008001ed8       0x32 ./Drivers/RTT_Debug/SEGGER_RTT_printf.o
                0x0000000008001ed8                SEGGER_RTT_printf
 .text.RingBuffer_Init
                0x0000000008001f0a       0x34 ./Drivers/RingBuffer/ringbuffer.o
                0x0000000008001f0a                RingBuffer_Init
 .text.RingBuffer_Push
                0x0000000008001f3e       0x74 ./Drivers/RingBuffer/ringbuffer.o
                0x0000000008001f3e                RingBuffer_Push
 .text.RingBuffer_Pop
                0x0000000008001fb2       0x62 ./Drivers/RingBuffer/ringbuffer.o
                0x0000000008001fb2                RingBuffer_Pop
 .text.RingBuffer_GetBuffer
                0x0000000008002014       0x7a ./Drivers/RingBuffer/ringbuffer.o
                0x0000000008002014                RingBuffer_GetBuffer
 .text.RingBuffer_GetNumberElements
                0x000000000800208e       0x42 ./Drivers/RingBuffer/ringbuffer.o
                0x000000000800208e                RingBuffer_GetNumberElements
 .text.HAL_Init
                0x00000000080020d0       0x40 ./Drivers/STM32L0xx_HAL_Driver/Src/stm32l0xx_hal.o
                0x00000000080020d0                HAL_Init
 .text.HAL_InitTick
                0x0000000008002110       0x68 ./Drivers/STM32L0xx_HAL_Driver/Src/stm32l0xx_hal.o
                0x0000000008002110                HAL_InitTick
 .text.HAL_IncTick
                0x0000000008002178       0x24 ./Drivers/STM32L0xx_HAL_Driver/Src/stm32l0xx_hal.o
                0x0000000008002178                HAL_IncTick
 .text.HAL_GetTick
                0x000000000800219c       0x14 ./Drivers/STM32L0xx_HAL_Driver/Src/stm32l0xx_hal.o
                0x000000000800219c                HAL_GetTick
 .text.__NVIC_EnableIRQ
                0x00000000080021b0       0x34 ./Drivers/STM32L0xx_HAL_Driver/Src/stm32l0xx_hal_cortex.o
 .text.__NVIC_SetPriority
                0x00000000080021e4       0xdc ./Drivers/STM32L0xx_HAL_Driver/Src/stm32l0xx_hal_cortex.o
 .text.SysTick_Config
                0x00000000080022c0       0x48 ./Drivers/STM32L0xx_HAL_Driver/Src/stm32l0xx_hal_cortex.o
 .text.HAL_NVIC_SetPriority
                0x0000000008002308       0x2a ./Drivers/STM32L0xx_HAL_Driver/Src/stm32l0xx_hal_cortex.o
                0x0000000008002308                HAL_NVIC_SetPriority
 .text.HAL_NVIC_EnableIRQ
                0x0000000008002332       0x20 ./Drivers/STM32L0xx_HAL_Driver/Src/stm32l0xx_hal_cortex.o
                0x0000000008002332                HAL_NVIC_EnableIRQ
 .text.HAL_SYSTICK_Config
                0x0000000008002352       0x1a ./Drivers/STM32L0xx_HAL_Driver/Src/stm32l0xx_hal_cortex.o
                0x0000000008002352                HAL_SYSTICK_Config
 .text.HAL_DMA_Abort
                0x000000000800236c       0x80 ./Drivers/STM32L0xx_HAL_Driver/Src/stm32l0xx_hal_dma.o
                0x000000000800236c                HAL_DMA_Abort
 .text.HAL_DMA_Abort_IT
                0x00000000080023ec       0x8e ./Drivers/STM32L0xx_HAL_Driver/Src/stm32l0xx_hal_dma.o
                0x00000000080023ec                HAL_DMA_Abort_IT
 *fill*         0x000000000800247a        0x2 
 .text.HAL_GPIO_Init
                0x000000000800247c      0x2fc ./Drivers/STM32L0xx_HAL_Driver/Src/stm32l0xx_hal_gpio.o
                0x000000000800247c                HAL_GPIO_Init
 .text.HAL_GPIO_WritePin
                0x0000000008002778       0x3a ./Drivers/STM32L0xx_HAL_Driver/Src/stm32l0xx_hal_gpio.o
                0x0000000008002778                HAL_GPIO_WritePin
 *fill*         0x00000000080027b2        0x2 
 .text.HAL_RCC_OscConfig
                0x00000000080027b4      0x6f8 ./Drivers/STM32L0xx_HAL_Driver/Src/stm32l0xx_hal_rcc.o
                0x00000000080027b4                HAL_RCC_OscConfig
 .text.HAL_RCC_ClockConfig
                0x0000000008002eac      0x290 ./Drivers/STM32L0xx_HAL_Driver/Src/stm32l0xx_hal_rcc.o
                0x0000000008002eac                HAL_RCC_ClockConfig
 .text.HAL_RCC_GetSysClockFreq
                0x000000000800313c      0x14c ./Drivers/STM32L0xx_HAL_Driver/Src/stm32l0xx_hal_rcc.o
                0x000000000800313c                HAL_RCC_GetSysClockFreq
 .text.HAL_RCC_GetHCLKFreq
                0x0000000008003288       0x14 ./Drivers/STM32L0xx_HAL_Driver/Src/stm32l0xx_hal_rcc.o
                0x0000000008003288                HAL_RCC_GetHCLKFreq
 .text.HAL_RCC_GetPCLK1Freq
                0x000000000800329c       0x2c ./Drivers/STM32L0xx_HAL_Driver/Src/stm32l0xx_hal_rcc.o
                0x000000000800329c                HAL_RCC_GetPCLK1Freq
 .text.HAL_RCC_GetPCLK2Freq
                0x00000000080032c8       0x2c ./Drivers/STM32L0xx_HAL_Driver/Src/stm32l0xx_hal_rcc.o
                0x00000000080032c8                HAL_RCC_GetPCLK2Freq
 .text.HAL_RCCEx_PeriphCLKConfig
                0x00000000080032f4      0x28c ./Drivers/STM32L0xx_HAL_Driver/Src/stm32l0xx_hal_rcc_ex.o
                0x00000000080032f4                HAL_RCCEx_PeriphCLKConfig
 .text.HAL_UART_Init
                0x0000000008003580       0xa8 ./Drivers/STM32L0xx_HAL_Driver/Src/stm32l0xx_hal_uart.o
                0x0000000008003580                HAL_UART_Init
 .text.HAL_UART_Transmit
                0x0000000008003628      0x150 ./Drivers/STM32L0xx_HAL_Driver/Src/stm32l0xx_hal_uart.o
                0x0000000008003628                HAL_UART_Transmit
 .text.HAL_UART_Receive_IT
                0x0000000008003778       0xd0 ./Drivers/STM32L0xx_HAL_Driver/Src/stm32l0xx_hal_uart.o
                0x0000000008003778                HAL_UART_Receive_IT
 .text.HAL_UART_IRQHandler
                0x0000000008003848      0x5b4 ./Drivers/STM32L0xx_HAL_Driver/Src/stm32l0xx_hal_uart.o
                0x0000000008003848                HAL_UART_IRQHandler
 .text.HAL_UART_TxCpltCallback
                0x0000000008003dfc       0x10 ./Drivers/STM32L0xx_HAL_Driver/Src/stm32l0xx_hal_uart.o
                0x0000000008003dfc                HAL_UART_TxCpltCallback
 .text.HAL_UART_ErrorCallback
                0x0000000008003e0c       0x10 ./Drivers/STM32L0xx_HAL_Driver/Src/stm32l0xx_hal_uart.o
                0x0000000008003e0c                HAL_UART_ErrorCallback
 .text.HAL_UARTEx_RxEventCallback
                0x0000000008003e1c       0x16 ./Drivers/STM32L0xx_HAL_Driver/Src/stm32l0xx_hal_uart.o
                0x0000000008003e1c                HAL_UARTEx_RxEventCallback
 *fill*         0x0000000008003e32        0x2 
 .text.UART_SetConfig
                0x0000000008003e34      0x57c ./Drivers/STM32L0xx_HAL_Driver/Src/stm32l0xx_hal_uart.o
                0x0000000008003e34                UART_SetConfig
 .text.UART_AdvFeatureConfig
                0x00000000080043b0      0x168 ./Drivers/STM32L0xx_HAL_Driver/Src/stm32l0xx_hal_uart.o
                0x00000000080043b0                UART_AdvFeatureConfig
 .text.UART_CheckIdleState
                0x0000000008004518       0x90 ./Drivers/STM32L0xx_HAL_Driver/Src/stm32l0xx_hal_uart.o
                0x0000000008004518                UART_CheckIdleState
 .text.UART_WaitOnFlagUntilTimeout
                0x00000000080045a8      0x188 ./Drivers/STM32L0xx_HAL_Driver/Src/stm32l0xx_hal_uart.o
                0x00000000080045a8                UART_WaitOnFlagUntilTimeout
 .text.UART_Start_Receive_IT
                0x0000000008004730      0x160 ./Drivers/STM32L0xx_HAL_Driver/Src/stm32l0xx_hal_uart.o
                0x0000000008004730                UART_Start_Receive_IT
 .text.UART_EndRxTransfer
                0x0000000008004890       0xc4 ./Drivers/STM32L0xx_HAL_Driver/Src/stm32l0xx_hal_uart.o
 .text.UART_DMAAbortOnError
                0x0000000008004954       0x2e ./Drivers/STM32L0xx_HAL_Driver/Src/stm32l0xx_hal_uart.o
 .text.UART_EndTransmit_IT
                0x0000000008004982       0x56 ./Drivers/STM32L0xx_HAL_Driver/Src/stm32l0xx_hal_uart.o
 .text.UART_RxISR_8BIT
                0x00000000080049d8      0x168 ./Drivers/STM32L0xx_HAL_Driver/Src/stm32l0xx_hal_uart.o
 .text.UART_RxISR_16BIT
                0x0000000008004b40      0x168 ./Drivers/STM32L0xx_HAL_Driver/Src/stm32l0xx_hal_uart.o
 .text.HAL_UARTEx_WakeupCallback
                0x0000000008004ca8       0x10 ./Drivers/STM32L0xx_HAL_Driver/Src/stm32l0xx_hal_uart_ex.o
                0x0000000008004ca8                HAL_UARTEx_WakeupCallback
 .text.__errno  0x0000000008004cb8        0xc c:/st/stm32cubeide_1.7.0/stm32cubeide/plugins/com.st.stm32cube.ide.mcu.externaltools.gnu-tools-for-stm32.9-2020-q2-update.win32_2.0.0.202105311346/tools/bin/../lib/gcc/arm-none-eabi/9.3.1/../../../../arm-none-eabi/lib/thumb/v6-m/nofp\libc_nano.a(lib_a-errno.o)
                0x0000000008004cb8                __errno
 .text.__libc_init_array
                0x0000000008004cc4       0x48 c:/st/stm32cubeide_1.7.0/stm32cubeide/plugins/com.st.stm32cube.ide.mcu.externaltools.gnu-tools-for-stm32.9-2020-q2-update.win32_2.0.0.202105311346/tools/bin/../lib/gcc/arm-none-eabi/9.3.1/../../../../arm-none-eabi/lib/thumb/v6-m/nofp\libc_nano.a(lib_a-init.o)
                0x0000000008004cc4                __libc_init_array
 .text.malloc   0x0000000008004d0c       0x14 c:/st/stm32cubeide_1.7.0/stm32cubeide/plugins/com.st.stm32cube.ide.mcu.externaltools.gnu-tools-for-stm32.9-2020-q2-update.win32_2.0.0.202105311346/tools/bin/../lib/gcc/arm-none-eabi/9.3.1/../../../../arm-none-eabi/lib/thumb/v6-m/nofp\libc_nano.a(lib_a-malloc.o)
                0x0000000008004d0c                malloc
 .text.memcmp   0x0000000008004d20       0x1c c:/st/stm32cubeide_1.7.0/stm32cubeide/plugins/com.st.stm32cube.ide.mcu.externaltools.gnu-tools-for-stm32.9-2020-q2-update.win32_2.0.0.202105311346/tools/bin/../lib/gcc/arm-none-eabi/9.3.1/../../../../arm-none-eabi/lib/thumb/v6-m/nofp\libc_nano.a(lib_a-memcmp.o)
                0x0000000008004d20                memcmp
 .text.memcpy   0x0000000008004d3c       0x12 c:/st/stm32cubeide_1.7.0/stm32cubeide/plugins/com.st.stm32cube.ide.mcu.externaltools.gnu-tools-for-stm32.9-2020-q2-update.win32_2.0.0.202105311346/tools/bin/../lib/gcc/arm-none-eabi/9.3.1/../../../../arm-none-eabi/lib/thumb/v6-m/nofp\libc_nano.a(lib_a-memcpy-stub.o)
                0x0000000008004d3c                memcpy
 .text.memset   0x0000000008004d4e       0x10 c:/st/stm32cubeide_1.7.0/stm32cubeide/plugins/com.st.stm32cube.ide.mcu.externaltools.gnu-tools-for-stm32.9-2020-q2-update.win32_2.0.0.202105311346/tools/bin/../lib/gcc/arm-none-eabi/9.3.1/../../../../arm-none-eabi/lib/thumb/v6-m/nofp\libc_nano.a(lib_a-memset.o)
                0x0000000008004d4e                memset
 *fill*         0x0000000008004d5e        0x2 
 .text._malloc_r
                0x0000000008004d60       0xbc c:/st/stm32cubeide_1.7.0/stm32cubeide/plugins/com.st.stm32cube.ide.mcu.externaltools.gnu-tools-for-stm32.9-2020-q2-update.win32_2.0.0.202105311346/tools/bin/../lib/gcc/arm-none-eabi/9.3.1/../../../../arm-none-eabi/lib/thumb/v6-m/nofp\libc_nano.a(lib_a-nano-mallocr.o)
                0x0000000008004d60                _malloc_r
 .text._sbrk_r  0x0000000008004e1c       0x24 c:/st/stm32cubeide_1.7.0/stm32cubeide/plugins/com.st.stm32cube.ide.mcu.externaltools.gnu-tools-for-stm32.9-2020-q2-update.win32_2.0.0.202105311346/tools/bin/../lib/gcc/arm-none-eabi/9.3.1/../../../../arm-none-eabi/lib/thumb/v6-m/nofp\libc_nano.a(lib_a-sbrkr.o)
                0x0000000008004e1c                _sbrk_r
 .text.strstr   0x0000000008004e40       0x2c c:/st/stm32cubeide_1.7.0/stm32cubeide/plugins/com.st.stm32cube.ide.mcu.externaltools.gnu-tools-for-stm32.9-2020-q2-update.win32_2.0.0.202105311346/tools/bin/../lib/gcc/arm-none-eabi/9.3.1/../../../../arm-none-eabi/lib/thumb/v6-m/nofp\libc_nano.a(lib_a-strstr.o)
                0x0000000008004e40                strstr
 .text.__malloc_lock
                0x0000000008004e6c       0x10 c:/st/stm32cubeide_1.7.0/stm32cubeide/plugins/com.st.stm32cube.ide.mcu.externaltools.gnu-tools-for-stm32.9-2020-q2-update.win32_2.0.0.202105311346/tools/bin/../lib/gcc/arm-none-eabi/9.3.1/../../../../arm-none-eabi/lib/thumb/v6-m/nofp\libc_nano.a(lib_a-mlock.o)
                0x0000000008004e6c                __malloc_lock
 .text.__malloc_unlock
                0x0000000008004e7c       0x10 c:/st/stm32cubeide_1.7.0/stm32cubeide/plugins/com.st.stm32cube.ide.mcu.externaltools.gnu-tools-for-stm32.9-2020-q2-update.win32_2.0.0.202105311346/tools/bin/../lib/gcc/arm-none-eabi/9.3.1/../../../../arm-none-eabi/lib/thumb/v6-m/nofp\libc_nano.a(lib_a-mlock.o)
                0x0000000008004e7c                __malloc_unlock
 .text.__retarget_lock_acquire_recursive
                0x0000000008004e8c        0x2 c:/st/stm32cubeide_1.7.0/stm32cubeide/plugins/com.st.stm32cube.ide.mcu.externaltools.gnu-tools-for-stm32.9-2020-q2-update.win32_2.0.0.202105311346/tools/bin/../lib/gcc/arm-none-eabi/9.3.1/../../../../arm-none-eabi/lib/thumb/v6-m/nofp\libc_nano.a(lib_a-lock.o)
                0x0000000008004e8c                __retarget_lock_acquire_recursive
 .text.__retarget_lock_release_recursive
                0x0000000008004e8e        0x2 c:/st/stm32cubeide_1.7.0/stm32cubeide/plugins/com.st.stm32cube.ide.mcu.externaltools.gnu-tools-for-stm32.9-2020-q2-update.win32_2.0.0.202105311346/tools/bin/../lib/gcc/arm-none-eabi/9.3.1/../../../../arm-none-eabi/lib/thumb/v6-m/nofp\libc_nano.a(lib_a-lock.o)
                0x0000000008004e8e                __retarget_lock_release_recursive
 *(.glue_7)
 .glue_7        0x0000000008004e90        0x0 linker stubs
 *(.glue_7t)
 .glue_7t       0x0000000008004e90        0x0 linker stubs
 *(.eh_frame)
 .eh_frame      0x0000000008004e90        0x0 c:/st/stm32cubeide_1.7.0/stm32cubeide/plugins/com.st.stm32cube.ide.mcu.externaltools.gnu-tools-for-stm32.9-2020-q2-update.win32_2.0.0.202105311346/tools/bin/../lib/gcc/arm-none-eabi/9.3.1/thumb/v6-m/nofp/crtbegin.o
 *(.init)
 .init          0x0000000008004e90        0x4 c:/st/stm32cubeide_1.7.0/stm32cubeide/plugins/com.st.stm32cube.ide.mcu.externaltools.gnu-tools-for-stm32.9-2020-q2-update.win32_2.0.0.202105311346/tools/bin/../lib/gcc/arm-none-eabi/9.3.1/thumb/v6-m/nofp/crti.o
                0x0000000008004e90                _init
 .init          0x0000000008004e94        0x8 c:/st/stm32cubeide_1.7.0/stm32cubeide/plugins/com.st.stm32cube.ide.mcu.externaltools.gnu-tools-for-stm32.9-2020-q2-update.win32_2.0.0.202105311346/tools/bin/../lib/gcc/arm-none-eabi/9.3.1/thumb/v6-m/nofp/crtn.o
 *(.fini)
 .fini          0x0000000008004e9c        0x4 c:/st/stm32cubeide_1.7.0/stm32cubeide/plugins/com.st.stm32cube.ide.mcu.externaltools.gnu-tools-for-stm32.9-2020-q2-update.win32_2.0.0.202105311346/tools/bin/../lib/gcc/arm-none-eabi/9.3.1/thumb/v6-m/nofp/crti.o
                0x0000000008004e9c                _fini
 .fini          0x0000000008004ea0        0x8 c:/st/stm32cubeide_1.7.0/stm32cubeide/plugins/com.st.stm32cube.ide.mcu.externaltools.gnu-tools-for-stm32.9-2020-q2-update.win32_2.0.0.202105311346/tools/bin/../lib/gcc/arm-none-eabi/9.3.1/thumb/v6-m/nofp/crtn.o
                0x0000000008004ea8                . = ALIGN (0x4)
                0x0000000008004ea8                _etext = .

.vfp11_veneer   0x0000000008004ea8        0x0
 .vfp11_veneer  0x0000000008004ea8        0x0 linker stubs

.v4_bx          0x0000000008004ea8        0x0
 .v4_bx         0x0000000008004ea8        0x0 linker stubs

.iplt           0x0000000008004ea8        0x0
 .iplt          0x0000000008004ea8        0x0 c:/st/stm32cubeide_1.7.0/stm32cubeide/plugins/com.st.stm32cube.ide.mcu.externaltools.gnu-tools-for-stm32.9-2020-q2-update.win32_2.0.0.202105311346/tools/bin/../lib/gcc/arm-none-eabi/9.3.1/thumb/v6-m/nofp/crtbegin.o

.rodata         0x0000000008004ea8      0x3a8
                0x0000000008004ea8                . = ALIGN (0x4)
 *(.rodata)
 .rodata        0x0000000008004ea8      0x1b6 ./Drivers/GSM/gsm_data_layer.o
 *fill*         0x000000000800505e        0x2 
 .rodata        0x0000000008005060       0x87 ./Drivers/GSM/gsm_hw_layer.o
 *fill*         0x00000000080050e7        0x1 
 .rodata        0x00000000080050e8       0x17 ./Drivers/RTT_Debug/SEGGER_RTT.o
 *(.rodata*)
 *fill*         0x00000000080050ff        0x1 
 .rodata.AHBPrescTable
                0x0000000008005100       0x10 ./Core/Src/system_stm32l0xx.o
                0x0000000008005100                AHBPrescTable
 .rodata.APBPrescTable
                0x0000000008005110        0x8 ./Core/Src/system_stm32l0xx.o
                0x0000000008005110                APBPrescTable
 .rodata.PLLMulTable
                0x0000000008005118        0x9 ./Core/Src/system_stm32l0xx.o
                0x0000000008005118                PLLMulTable
 *fill*         0x0000000008005121        0x3 
 .rodata.GSM_Config_Module
                0x0000000008005124       0x30 ./Drivers/GSM/gsm_data_layer.o
 .rodata.GSM_Turn_on_Power
                0x0000000008005154       0x20 ./Drivers/GSM/gsm_hw_layer.o
 .rodata.SEGGER_RTT_vprintf
                0x0000000008005174       0x84 ./Drivers/RTT_Debug/SEGGER_RTT_printf.o
 .rodata._aV2C.4960
                0x00000000080051f8       0x10 ./Drivers/RTT_Debug/SEGGER_RTT_printf.o
 .rodata.UART_SetConfig
                0x0000000008005208       0x48 ./Drivers/STM32L0xx_HAL_Driver/Src/stm32l0xx_hal_uart.o
                0x0000000008005250                . = ALIGN (0x4)

.ARM.extab      0x0000000008005250        0x0
                0x0000000008005250                . = ALIGN (0x4)
 *(.ARM.extab* .gnu.linkonce.armextab.*)
                0x0000000008005250                . = ALIGN (0x4)

.ARM            0x0000000008005250        0x8
                0x0000000008005250                . = ALIGN (0x4)
                0x0000000008005250                __exidx_start = .
 *(.ARM.exidx*)
 .ARM.exidx     0x0000000008005250        0x8 c:/st/stm32cubeide_1.7.0/stm32cubeide/plugins/com.st.stm32cube.ide.mcu.externaltools.gnu-tools-for-stm32.9-2020-q2-update.win32_2.0.0.202105311346/tools/bin/../lib/gcc/arm-none-eabi/9.3.1/thumb/v6-m/nofp\libgcc.a(_udivmoddi4.o)
                0x0000000008005258                __exidx_end = .
                0x0000000008005258                . = ALIGN (0x4)

.rel.dyn        0x0000000008005258        0x0
 .rel.iplt      0x0000000008005258        0x0 c:/st/stm32cubeide_1.7.0/stm32cubeide/plugins/com.st.stm32cube.ide.mcu.externaltools.gnu-tools-for-stm32.9-2020-q2-update.win32_2.0.0.202105311346/tools/bin/../lib/gcc/arm-none-eabi/9.3.1/thumb/v6-m/nofp/crtbegin.o

.preinit_array  0x0000000008005258        0x0
                0x0000000008005258                . = ALIGN (0x4)
                0x0000000008005258                PROVIDE (__preinit_array_start = .)
 *(.preinit_array*)
                0x0000000008005258                PROVIDE (__preinit_array_end = .)
                0x0000000008005258                . = ALIGN (0x4)

.init_array     0x0000000008005258        0x4
                0x0000000008005258                . = ALIGN (0x4)
                0x0000000008005258                PROVIDE (__init_array_start = .)
 *(SORT_BY_NAME(.init_array.*))
 *(.init_array*)
 .init_array    0x0000000008005258        0x4 c:/st/stm32cubeide_1.7.0/stm32cubeide/plugins/com.st.stm32cube.ide.mcu.externaltools.gnu-tools-for-stm32.9-2020-q2-update.win32_2.0.0.202105311346/tools/bin/../lib/gcc/arm-none-eabi/9.3.1/thumb/v6-m/nofp/crtbegin.o
                0x000000000800525c                PROVIDE (__init_array_end = .)
                0x000000000800525c                . = ALIGN (0x4)

.fini_array     0x000000000800525c        0x4
                0x000000000800525c                . = ALIGN (0x4)
                [!provide]                        PROVIDE (__fini_array_start = .)
 *(SORT_BY_NAME(.fini_array.*))
 *(.fini_array*)
 .fini_array    0x000000000800525c        0x4 c:/st/stm32cubeide_1.7.0/stm32cubeide/plugins/com.st.stm32cube.ide.mcu.externaltools.gnu-tools-for-stm32.9-2020-q2-update.win32_2.0.0.202105311346/tools/bin/../lib/gcc/arm-none-eabi/9.3.1/thumb/v6-m/nofp/crtbegin.o
                [!provide]                        PROVIDE (__fini_array_end = .)
                0x0000000008005260                . = ALIGN (0x4)
                0x0000000008005260                _sidata = LOADADDR (.data)

.data           0x0000000020000000       0x70 load address 0x0000000008005260
                0x0000000020000000                . = ALIGN (0x4)
                0x0000000020000000                _sdata = .
 *(.data)
 *(.data*)
 .data.SystemCoreClock
                0x0000000020000000        0x4 ./Core/Src/system_stm32l0xx.o
                0x0000000020000000                SystemCoreClock
 .data.uwTickPrio
                0x0000000020000004        0x4 ./Drivers/STM32L0xx_HAL_Driver/Src/stm32l0xx_hal.o
                0x0000000020000004                uwTickPrio
 .data.uwTickFreq
                0x0000000020000008        0x1 ./Drivers/STM32L0xx_HAL_Driver/Src/stm32l0xx_hal.o
                0x0000000020000008                uwTickFreq
 *fill*         0x0000000020000009        0x3 
 .data._impure_ptr
                0x000000002000000c        0x4 c:/st/stm32cubeide_1.7.0/stm32cubeide/plugins/com.st.stm32cube.ide.mcu.externaltools.gnu-tools-for-stm32.9-2020-q2-update.win32_2.0.0.202105311346/tools/bin/../lib/gcc/arm-none-eabi/9.3.1/../../../../arm-none-eabi/lib/thumb/v6-m/nofp\libc_nano.a(lib_a-impure.o)
                0x000000002000000c                _impure_ptr
 .data.impure_data
                0x0000000020000010       0x60 c:/st/stm32cubeide_1.7.0/stm32cubeide/plugins/com.st.stm32cube.ide.mcu.externaltools.gnu-tools-for-stm32.9-2020-q2-update.win32_2.0.0.202105311346/tools/bin/../lib/gcc/arm-none-eabi/9.3.1/../../../../arm-none-eabi/lib/thumb/v6-m/nofp\libc_nano.a(lib_a-impure.o)
 *(.RamFunc)
 *(.RamFunc*)
                0x0000000020000070                . = ALIGN (0x4)
                0x0000000020000070                _edata = .

.igot.plt       0x0000000020000070        0x0 load address 0x00000000080052d0
 .igot.plt      0x0000000020000070        0x0 c:/st/stm32cubeide_1.7.0/stm32cubeide/plugins/com.st.stm32cube.ide.mcu.externaltools.gnu-tools-for-stm32.9-2020-q2-update.win32_2.0.0.202105311346/tools/bin/../lib/gcc/arm-none-eabi/9.3.1/thumb/v6-m/nofp/crtbegin.o
                0x0000000020000070                . = ALIGN (0x4)

.bss            0x0000000020000070      0x3a8 load address 0x00000000080052d0
                0x0000000020000070                _sbss = .
                0x0000000020000070                __bss_start__ = _sbss
 *(.bss)
 .bss           0x0000000020000070       0x1c c:/st/stm32cubeide_1.7.0/stm32cubeide/plugins/com.st.stm32cube.ide.mcu.externaltools.gnu-tools-for-stm32.9-2020-q2-update.win32_2.0.0.202105311346/tools/bin/../lib/gcc/arm-none-eabi/9.3.1/thumb/v6-m/nofp/crtbegin.o
 *(.bss*)
 .bss.data      0x000000002000008c        0x1 ./App/App_Main.o
                0x000000002000008c                data
 *fill*         0x000000002000008d        0x3 
 .bss.__sbrk_heap_end
                0x0000000020000090        0x4 ./Core/Src/sysmem.o
 .bss.last_tick.6674
                0x0000000020000094        0x4 ./Drivers/GSM/gsm_data_layer.o
 .bss.m_gsm_atc
                0x0000000020000098      0x124 ./Drivers/GSM/gsm_hw_layer.o
 .bss.LastTick.6868
                0x00000000200001bc        0x4 ./Drivers/GSM/gsm_hw_layer.o
 .bss.step.6880
                0x00000000200001c0        0x1 ./Drivers/GSM/gsm_hw_layer.o
 *fill*         0x00000000200001c1        0x3 
 .bss._acUpBuffer
                0x00000000200001c4      0x100 ./Drivers/RTT_Debug/SEGGER_RTT.o
 .bss._acDownBuffer
                0x00000000200002c4       0x40 ./Drivers/RTT_Debug/SEGGER_RTT.o
 .bss.__malloc_free_list
                0x0000000020000304        0x4 c:/st/stm32cubeide_1.7.0/stm32cubeide/plugins/com.st.stm32cube.ide.mcu.externaltools.gnu-tools-for-stm32.9-2020-q2-update.win32_2.0.0.202105311346/tools/bin/../lib/gcc/arm-none-eabi/9.3.1/../../../../arm-none-eabi/lib/thumb/v6-m/nofp\libc_nano.a(lib_a-nano-mallocr.o)
                0x0000000020000304                __malloc_free_list
 .bss.__malloc_sbrk_start
                0x0000000020000308        0x4 c:/st/stm32cubeide_1.7.0/stm32cubeide/plugins/com.st.stm32cube.ide.mcu.externaltools.gnu-tools-for-stm32.9-2020-q2-update.win32_2.0.0.202105311346/tools/bin/../lib/gcc/arm-none-eabi/9.3.1/../../../../arm-none-eabi/lib/thumb/v6-m/nofp\libc_nano.a(lib_a-nano-mallocr.o)
                0x0000000020000308                __malloc_sbrk_start
 *(COMMON)
 COMMON         0x000000002000030c       0x84 ./Core/Src/usart.o
                0x000000002000030c                huart1
 COMMON         0x0000000020000390        0x2 ./Drivers/GSM/gsm_data_layer.o
                0x0000000020000390                GSM_Manager
 *fill*         0x0000000020000392        0x2 
 COMMON         0x0000000020000394       0x28 ./Drivers/GSM/gsm_hw_layer.o
                0x0000000020000394                Expect_len_compare_error_handle
                0x0000000020000398                Expect_len_compare
                0x000000002000039c                Current_Response_len
                0x00000000200003a0                p_compare_end_str_error_handle
                0x00000000200003a4                Rx_Buffer
                0x00000000200003b4                Current_Response_len_error_handle
                0x00000000200003b8                p_compare_end_str
 COMMON         0x00000000200003bc       0x48 ./Drivers/RTT_Debug/SEGGER_RTT.o
                0x00000000200003bc                _SEGGER_RTT
 COMMON         0x0000000020000404        0x4 ./Drivers/STM32L0xx_HAL_Driver/Src/stm32l0xx_hal.o
                0x0000000020000404                uwTick
 COMMON         0x0000000020000408        0x4 c:/st/stm32cubeide_1.7.0/stm32cubeide/plugins/com.st.stm32cube.ide.mcu.externaltools.gnu-tools-for-stm32.9-2020-q2-update.win32_2.0.0.202105311346/tools/bin/../lib/gcc/arm-none-eabi/9.3.1/../../../../arm-none-eabi/lib/thumb/v6-m/nofp\libc_nano.a(lib_a-reent.o)
                0x0000000020000408                errno
 COMMON         0x000000002000040c        0x9 c:/st/stm32cubeide_1.7.0/stm32cubeide/plugins/com.st.stm32cube.ide.mcu.externaltools.gnu-tools-for-stm32.9-2020-q2-update.win32_2.0.0.202105311346/tools/bin/../lib/gcc/arm-none-eabi/9.3.1/../../../../arm-none-eabi/lib/thumb/v6-m/nofp\libc_nano.a(lib_a-lock.o)
                0x000000002000040c                __lock___atexit_recursive_mutex
                0x000000002000040d                __lock___arc4random_mutex
                0x000000002000040e                __lock___env_recursive_mutex
                0x000000002000040f                __lock___sinit_recursive_mutex
                0x0000000020000410                __lock___malloc_recursive_mutex
                0x0000000020000411                __lock___at_quick_exit_mutex
                0x0000000020000412                __lock___dd_hash_mutex
                0x0000000020000413                __lock___tz_mutex
                0x0000000020000414                __lock___sfp_recursive_mutex
                0x0000000020000418                . = ALIGN (0x4)
 *fill*         0x0000000020000415        0x3 
                0x0000000020000418                _ebss = .
                0x0000000020000418                __bss_end__ = _ebss

._user_heap_stack
                0x0000000020000418      0x600 load address 0x00000000080052d0
                0x0000000020000418                . = ALIGN (0x8)
                [!provide]                        PROVIDE (end = .)
                0x0000000020000418                PROVIDE (_end = .)
                0x0000000020000618                . = (. + _Min_Heap_Size)
 *fill*         0x0000000020000418      0x200 
                0x0000000020000a18                . = (. + _Min_Stack_Size)
 *fill*         0x0000000020000618      0x400 
                0x0000000020000a18                . = ALIGN (0x8)

/DISCARD/
 libc.a(*)
 libm.a(*)
 libgcc.a(*)

.ARM.attributes
                0x0000000000000000       0x28
 *(.ARM.attributes)
 .ARM.attributes
                0x0000000000000000       0x1e c:/st/stm32cubeide_1.7.0/stm32cubeide/plugins/com.st.stm32cube.ide.mcu.externaltools.gnu-tools-for-stm32.9-2020-q2-update.win32_2.0.0.202105311346/tools/bin/../lib/gcc/arm-none-eabi/9.3.1/thumb/v6-m/nofp/crti.o
 .ARM.attributes
                0x000000000000001e       0x2c c:/st/stm32cubeide_1.7.0/stm32cubeide/plugins/com.st.stm32cube.ide.mcu.externaltools.gnu-tools-for-stm32.9-2020-q2-update.win32_2.0.0.202105311346/tools/bin/../lib/gcc/arm-none-eabi/9.3.1/thumb/v6-m/nofp/crtbegin.o
 .ARM.attributes
                0x000000000000004a       0x2c ./App/App_Main.o
 .ARM.attributes
                0x0000000000000076       0x2c ./Core/Src/gpio.o
 .ARM.attributes
                0x00000000000000a2       0x2c ./Core/Src/main.o
 .ARM.attributes
                0x00000000000000ce       0x2c ./Core/Src/stm32l0xx_hal_msp.o
 .ARM.attributes
                0x00000000000000fa       0x2c ./Core/Src/stm32l0xx_it.o
 .ARM.attributes
                0x0000000000000126       0x2c ./Core/Src/sysmem.o
 .ARM.attributes
                0x0000000000000152       0x2c ./Core/Src/system_stm32l0xx.o
 .ARM.attributes
                0x000000000000017e       0x2c ./Core/Src/usart.o
 .ARM.attributes
                0x00000000000001aa       0x22 ./Core/Startup/startup_stm32l071rztx.o
 .ARM.attributes
                0x00000000000001cc       0x2c ./Drivers/GSM/gsm_data_layer.o
 .ARM.attributes
                0x00000000000001f8       0x2c ./Drivers/GSM/gsm_hw_layer.o
 .ARM.attributes
                0x0000000000000224       0x2c ./Drivers/RTT_Debug/SEGGER_RTT.o
 .ARM.attributes
                0x0000000000000250       0x2c ./Drivers/RTT_Debug/SEGGER_RTT_printf.o
 .ARM.attributes
                0x000000000000027c       0x2c ./Drivers/RingBuffer/ringbuffer.o
 .ARM.attributes
                0x00000000000002a8       0x2c ./Drivers/STM32L0xx_HAL_Driver/Src/stm32l0xx_hal.o
 .ARM.attributes
                0x00000000000002d4       0x2c ./Drivers/STM32L0xx_HAL_Driver/Src/stm32l0xx_hal_cortex.o
 .ARM.attributes
                0x0000000000000300       0x2c ./Drivers/STM32L0xx_HAL_Driver/Src/stm32l0xx_hal_dma.o
 .ARM.attributes
                0x000000000000032c       0x2c ./Drivers/STM32L0xx_HAL_Driver/Src/stm32l0xx_hal_gpio.o
 .ARM.attributes
                0x0000000000000358       0x2c ./Drivers/STM32L0xx_HAL_Driver/Src/stm32l0xx_hal_rcc.o
 .ARM.attributes
                0x0000000000000384       0x2c ./Drivers/STM32L0xx_HAL_Driver/Src/stm32l0xx_hal_rcc_ex.o
 .ARM.attributes
                0x00000000000003b0       0x2c ./Drivers/STM32L0xx_HAL_Driver/Src/stm32l0xx_hal_uart.o
 .ARM.attributes
                0x00000000000003dc       0x2c ./Drivers/STM32L0xx_HAL_Driver/Src/stm32l0xx_hal_uart_ex.o
 .ARM.attributes
                0x0000000000000408       0x2c c:/st/stm32cubeide_1.7.0/stm32cubeide/plugins/com.st.stm32cube.ide.mcu.externaltools.gnu-tools-for-stm32.9-2020-q2-update.win32_2.0.0.202105311346/tools/bin/../lib/gcc/arm-none-eabi/9.3.1/../../../../arm-none-eabi/lib/thumb/v6-m/nofp\libc_nano.a(lib_a-errno.o)
 .ARM.attributes
                0x0000000000000434       0x2c c:/st/stm32cubeide_1.7.0/stm32cubeide/plugins/com.st.stm32cube.ide.mcu.externaltools.gnu-tools-for-stm32.9-2020-q2-update.win32_2.0.0.202105311346/tools/bin/../lib/gcc/arm-none-eabi/9.3.1/../../../../arm-none-eabi/lib/thumb/v6-m/nofp\libc_nano.a(lib_a-impure.o)
 .ARM.attributes
                0x0000000000000460       0x2c c:/st/stm32cubeide_1.7.0/stm32cubeide/plugins/com.st.stm32cube.ide.mcu.externaltools.gnu-tools-for-stm32.9-2020-q2-update.win32_2.0.0.202105311346/tools/bin/../lib/gcc/arm-none-eabi/9.3.1/../../../../arm-none-eabi/lib/thumb/v6-m/nofp\libc_nano.a(lib_a-init.o)
 .ARM.attributes
                0x000000000000048c       0x2c c:/st/stm32cubeide_1.7.0/stm32cubeide/plugins/com.st.stm32cube.ide.mcu.externaltools.gnu-tools-for-stm32.9-2020-q2-update.win32_2.0.0.202105311346/tools/bin/../lib/gcc/arm-none-eabi/9.3.1/../../../../arm-none-eabi/lib/thumb/v6-m/nofp\libc_nano.a(lib_a-malloc.o)
 .ARM.attributes
                0x00000000000004b8       0x2c c:/st/stm32cubeide_1.7.0/stm32cubeide/plugins/com.st.stm32cube.ide.mcu.externaltools.gnu-tools-for-stm32.9-2020-q2-update.win32_2.0.0.202105311346/tools/bin/../lib/gcc/arm-none-eabi/9.3.1/../../../../arm-none-eabi/lib/thumb/v6-m/nofp\libc_nano.a(lib_a-memcmp.o)
 .ARM.attributes
                0x00000000000004e4       0x2c c:/st/stm32cubeide_1.7.0/stm32cubeide/plugins/com.st.stm32cube.ide.mcu.externaltools.gnu-tools-for-stm32.9-2020-q2-update.win32_2.0.0.202105311346/tools/bin/../lib/gcc/arm-none-eabi/9.3.1/../../../../arm-none-eabi/lib/thumb/v6-m/nofp\libc_nano.a(lib_a-memcpy-stub.o)
 .ARM.attributes
                0x0000000000000510       0x2c c:/st/stm32cubeide_1.7.0/stm32cubeide/plugins/com.st.stm32cube.ide.mcu.externaltools.gnu-tools-for-stm32.9-2020-q2-update.win32_2.0.0.202105311346/tools/bin/../lib/gcc/arm-none-eabi/9.3.1/../../../../arm-none-eabi/lib/thumb/v6-m/nofp\libc_nano.a(lib_a-memset.o)
 .ARM.attributes
                0x000000000000053c       0x2c c:/st/stm32cubeide_1.7.0/stm32cubeide/plugins/com.st.stm32cube.ide.mcu.externaltools.gnu-tools-for-stm32.9-2020-q2-update.win32_2.0.0.202105311346/tools/bin/../lib/gcc/arm-none-eabi/9.3.1/../../../../arm-none-eabi/lib/thumb/v6-m/nofp\libc_nano.a(lib_a-nano-mallocr.o)
 .ARM.attributes
                0x0000000000000568       0x2c c:/st/stm32cubeide_1.7.0/stm32cubeide/plugins/com.st.stm32cube.ide.mcu.externaltools.gnu-tools-for-stm32.9-2020-q2-update.win32_2.0.0.202105311346/tools/bin/../lib/gcc/arm-none-eabi/9.3.1/../../../../arm-none-eabi/lib/thumb/v6-m/nofp\libc_nano.a(lib_a-sbrkr.o)
 .ARM.attributes
                0x0000000000000594       0x1c c:/st/stm32cubeide_1.7.0/stm32cubeide/plugins/com.st.stm32cube.ide.mcu.externaltools.gnu-tools-for-stm32.9-2020-q2-update.win32_2.0.0.202105311346/tools/bin/../lib/gcc/arm-none-eabi/9.3.1/../../../../arm-none-eabi/lib/thumb/v6-m/nofp\libc_nano.a(lib_a-strlen.o)
 .ARM.attributes
                0x00000000000005b0       0x2c c:/st/stm32cubeide_1.7.0/stm32cubeide/plugins/com.st.stm32cube.ide.mcu.externaltools.gnu-tools-for-stm32.9-2020-q2-update.win32_2.0.0.202105311346/tools/bin/../lib/gcc/arm-none-eabi/9.3.1/../../../../arm-none-eabi/lib/thumb/v6-m/nofp\libc_nano.a(lib_a-strstr.o)
 .ARM.attributes
                0x00000000000005dc       0x2c c:/st/stm32cubeide_1.7.0/stm32cubeide/plugins/com.st.stm32cube.ide.mcu.externaltools.gnu-tools-for-stm32.9-2020-q2-update.win32_2.0.0.202105311346/tools/bin/../lib/gcc/arm-none-eabi/9.3.1/../../../../arm-none-eabi/lib/thumb/v6-m/nofp\libc_nano.a(lib_a-mlock.o)
 .ARM.attributes
                0x0000000000000608       0x2c c:/st/stm32cubeide_1.7.0/stm32cubeide/plugins/com.st.stm32cube.ide.mcu.externaltools.gnu-tools-for-stm32.9-2020-q2-update.win32_2.0.0.202105311346/tools/bin/../lib/gcc/arm-none-eabi/9.3.1/../../../../arm-none-eabi/lib/thumb/v6-m/nofp\libc_nano.a(lib_a-reent.o)
 .ARM.attributes
                0x0000000000000634       0x2c c:/st/stm32cubeide_1.7.0/stm32cubeide/plugins/com.st.stm32cube.ide.mcu.externaltools.gnu-tools-for-stm32.9-2020-q2-update.win32_2.0.0.202105311346/tools/bin/../lib/gcc/arm-none-eabi/9.3.1/../../../../arm-none-eabi/lib/thumb/v6-m/nofp\libc_nano.a(lib_a-lock.o)
 .ARM.attributes
                0x0000000000000660       0x1e c:/st/stm32cubeide_1.7.0/stm32cubeide/plugins/com.st.stm32cube.ide.mcu.externaltools.gnu-tools-for-stm32.9-2020-q2-update.win32_2.0.0.202105311346/tools/bin/../lib/gcc/arm-none-eabi/9.3.1/thumb/v6-m/nofp\libgcc.a(_udivsi3.o)
 .ARM.attributes
                0x000000000000067e       0x1e c:/st/stm32cubeide_1.7.0/stm32cubeide/plugins/com.st.stm32cube.ide.mcu.externaltools.gnu-tools-for-stm32.9-2020-q2-update.win32_2.0.0.202105311346/tools/bin/../lib/gcc/arm-none-eabi/9.3.1/thumb/v6-m/nofp\libgcc.a(_divsi3.o)
 .ARM.attributes
                0x000000000000069c       0x1e c:/st/stm32cubeide_1.7.0/stm32cubeide/plugins/com.st.stm32cube.ide.mcu.externaltools.gnu-tools-for-stm32.9-2020-q2-update.win32_2.0.0.202105311346/tools/bin/../lib/gcc/arm-none-eabi/9.3.1/thumb/v6-m/nofp\libgcc.a(_dvmd_tls.o)
 .ARM.attributes
                0x00000000000006ba       0x1e c:/st/stm32cubeide_1.7.0/stm32cubeide/plugins/com.st.stm32cube.ide.mcu.externaltools.gnu-tools-for-stm32.9-2020-q2-update.win32_2.0.0.202105311346/tools/bin/../lib/gcc/arm-none-eabi/9.3.1/thumb/v6-m/nofp\libgcc.a(_aeabi_uldivmod.o)
 .ARM.attributes
                0x00000000000006d8       0x2c c:/st/stm32cubeide_1.7.0/stm32cubeide/plugins/com.st.stm32cube.ide.mcu.externaltools.gnu-tools-for-stm32.9-2020-q2-update.win32_2.0.0.202105311346/tools/bin/../lib/gcc/arm-none-eabi/9.3.1/thumb/v6-m/nofp\libgcc.a(_muldi3.o)
 .ARM.attributes
                0x0000000000000704       0x2c c:/st/stm32cubeide_1.7.0/stm32cubeide/plugins/com.st.stm32cube.ide.mcu.externaltools.gnu-tools-for-stm32.9-2020-q2-update.win32_2.0.0.202105311346/tools/bin/../lib/gcc/arm-none-eabi/9.3.1/thumb/v6-m/nofp\libgcc.a(_udivmoddi4.o)
 .ARM.attributes
                0x0000000000000730       0x1e c:/st/stm32cubeide_1.7.0/stm32cubeide/plugins/com.st.stm32cube.ide.mcu.externaltools.gnu-tools-for-stm32.9-2020-q2-update.win32_2.0.0.202105311346/tools/bin/../lib/gcc/arm-none-eabi/9.3.1/thumb/v6-m/nofp\libgcc.a(_clzdi2.o)
 .ARM.attributes
                0x000000000000074e       0x1e c:/st/stm32cubeide_1.7.0/stm32cubeide/plugins/com.st.stm32cube.ide.mcu.externaltools.gnu-tools-for-stm32.9-2020-q2-update.win32_2.0.0.202105311346/tools/bin/../lib/gcc/arm-none-eabi/9.3.1/thumb/v6-m/nofp\libgcc.a(_clzsi2.o)
 .ARM.attributes
                0x000000000000076c       0x1e c:/st/stm32cubeide_1.7.0/stm32cubeide/plugins/com.st.stm32cube.ide.mcu.externaltools.gnu-tools-for-stm32.9-2020-q2-update.win32_2.0.0.202105311346/tools/bin/../lib/gcc/arm-none-eabi/9.3.1/thumb/v6-m/nofp/crtn.o
OUTPUT(Hung_DTG01.elf elf32-littlearm)
LOAD linker stubs
LOAD c:/st/stm32cubeide_1.7.0/stm32cubeide/plugins/com.st.stm32cube.ide.mcu.externaltools.gnu-tools-for-stm32.9-2020-q2-update.win32_2.0.0.202105311346/tools/bin/../lib/gcc/arm-none-eabi/9.3.1/../../../../arm-none-eabi/lib/thumb/v6-m/nofp\libc.a
LOAD c:/st/stm32cubeide_1.7.0/stm32cubeide/plugins/com.st.stm32cube.ide.mcu.externaltools.gnu-tools-for-stm32.9-2020-q2-update.win32_2.0.0.202105311346/tools/bin/../lib/gcc/arm-none-eabi/9.3.1/../../../../arm-none-eabi/lib/thumb/v6-m/nofp\libm.a
LOAD c:/st/stm32cubeide_1.7.0/stm32cubeide/plugins/com.st.stm32cube.ide.mcu.externaltools.gnu-tools-for-stm32.9-2020-q2-update.win32_2.0.0.202105311346/tools/bin/../lib/gcc/arm-none-eabi/9.3.1/thumb/v6-m/nofp\libgcc.a

.debug_info     0x0000000000000000    0x1242f
 .debug_info    0x0000000000000000     0x11b4 ./App/App_Main.o
 .debug_info    0x00000000000011b4      0x474 ./Core/Src/gpio.o
 .debug_info    0x0000000000001628     0x13b8 ./Core/Src/main.o
 .debug_info    0x00000000000029e0      0x2c9 ./Core/Src/stm32l0xx_hal_msp.o
 .debug_info    0x0000000000002ca9      0x766 ./Core/Src/stm32l0xx_it.o
 .debug_info    0x000000000000340f      0xa25 ./Core/Src/sysmem.o
 .debug_info    0x0000000000003e34      0x363 ./Core/Src/system_stm32l0xx.o
 .debug_info    0x0000000000004197      0xadd ./Core/Src/usart.o
 .debug_info    0x0000000000004c74       0x22 ./Core/Startup/startup_stm32l071rztx.o
 .debug_info    0x0000000000004c96      0xccd ./Drivers/GSM/gsm_data_layer.o
 .debug_info    0x0000000000005963     0x1592 ./Drivers/GSM/gsm_hw_layer.o
 .debug_info    0x0000000000006ef5     0x1e99 ./Drivers/RTT_Debug/SEGGER_RTT.o
 .debug_info    0x0000000000008d8e      0xe1f ./Drivers/RTT_Debug/SEGGER_RTT_printf.o
 .debug_info    0x0000000000009bad      0xc3d ./Drivers/RingBuffer/ringbuffer.o
 .debug_info    0x000000000000a7ea      0x910 ./Drivers/STM32L0xx_HAL_Driver/Src/stm32l0xx_hal.o
 .debug_info    0x000000000000b0fa      0x99d ./Drivers/STM32L0xx_HAL_Driver/Src/stm32l0xx_hal_cortex.o
 .debug_info    0x000000000000ba97      0x834 ./Drivers/STM32L0xx_HAL_Driver/Src/stm32l0xx_hal_dma.o
 .debug_info    0x000000000000c2cb      0x788 ./Drivers/STM32L0xx_HAL_Driver/Src/stm32l0xx_hal_gpio.o
 .debug_info    0x000000000000ca53      0x9e7 ./Drivers/STM32L0xx_HAL_Driver/Src/stm32l0xx_hal_rcc.o
 .debug_info    0x000000000000d43a      0x581 ./Drivers/STM32L0xx_HAL_Driver/Src/stm32l0xx_hal_rcc_ex.o
 .debug_info    0x000000000000d9bb     0x3ca7 ./Drivers/STM32L0xx_HAL_Driver/Src/stm32l0xx_hal_uart.o
 .debug_info    0x0000000000011662      0xdcd ./Drivers/STM32L0xx_HAL_Driver/Src/stm32l0xx_hal_uart_ex.o

.debug_abbrev   0x0000000000000000     0x2bb8
 .debug_abbrev  0x0000000000000000      0x206 ./App/App_Main.o
 .debug_abbrev  0x0000000000000206      0x14e ./Core/Src/gpio.o
 .debug_abbrev  0x0000000000000354      0x233 ./Core/Src/main.o
 .debug_abbrev  0x0000000000000587       0xf8 ./Core/Src/stm32l0xx_hal_msp.o
 .debug_abbrev  0x000000000000067f      0x174 ./Core/Src/stm32l0xx_it.o
 .debug_abbrev  0x00000000000007f3      0x1bf ./Core/Src/sysmem.o
 .debug_abbrev  0x00000000000009b2      0x145 ./Core/Src/system_stm32l0xx.o
 .debug_abbrev  0x0000000000000af7      0x1b9 ./Core/Src/usart.o
 .debug_abbrev  0x0000000000000cb0       0x12 ./Core/Startup/startup_stm32l071rztx.o
 .debug_abbrev  0x0000000000000cc2      0x24d ./Drivers/GSM/gsm_data_layer.o
 .debug_abbrev  0x0000000000000f0f      0x267 ./Drivers/GSM/gsm_hw_layer.o
 .debug_abbrev  0x0000000000001176      0x2e7 ./Drivers/RTT_Debug/SEGGER_RTT.o
 .debug_abbrev  0x000000000000145d      0x28a ./Drivers/RTT_Debug/SEGGER_RTT_printf.o
 .debug_abbrev  0x00000000000016e7      0x247 ./Drivers/RingBuffer/ringbuffer.o
 .debug_abbrev  0x000000000000192e      0x267 ./Drivers/STM32L0xx_HAL_Driver/Src/stm32l0xx_hal.o
 .debug_abbrev  0x0000000000001b95      0x2b4 ./Drivers/STM32L0xx_HAL_Driver/Src/stm32l0xx_hal_cortex.o
 .debug_abbrev  0x0000000000001e49      0x1f0 ./Drivers/STM32L0xx_HAL_Driver/Src/stm32l0xx_hal_dma.o
 .debug_abbrev  0x0000000000002039      0x1e8 ./Drivers/STM32L0xx_HAL_Driver/Src/stm32l0xx_hal_gpio.o
 .debug_abbrev  0x0000000000002221      0x246 ./Drivers/STM32L0xx_HAL_Driver/Src/stm32l0xx_hal_rcc.o
 .debug_abbrev  0x0000000000002467      0x1ef ./Drivers/STM32L0xx_HAL_Driver/Src/stm32l0xx_hal_rcc_ex.o
 .debug_abbrev  0x0000000000002656      0x2c2 ./Drivers/STM32L0xx_HAL_Driver/Src/stm32l0xx_hal_uart.o
 .debug_abbrev  0x0000000000002918      0x2a0 ./Drivers/STM32L0xx_HAL_Driver/Src/stm32l0xx_hal_uart_ex.o

.debug_aranges  0x0000000000000000      0x9f8
 .debug_aranges
                0x0000000000000000       0x28 ./App/App_Main.o
 .debug_aranges
                0x0000000000000028       0x20 ./Core/Src/gpio.o
 .debug_aranges
                0x0000000000000048       0x30 ./Core/Src/main.o
 .debug_aranges
                0x0000000000000078       0x20 ./Core/Src/stm32l0xx_hal_msp.o
 .debug_aranges
                0x0000000000000098       0x48 ./Core/Src/stm32l0xx_it.o
 .debug_aranges
                0x00000000000000e0       0x20 ./Core/Src/sysmem.o
 .debug_aranges
                0x0000000000000100       0x28 ./Core/Src/system_stm32l0xx.o
 .debug_aranges
                0x0000000000000128       0x30 ./Core/Src/usart.o
 .debug_aranges
                0x0000000000000158       0x28 ./Core/Startup/startup_stm32l071rztx.o
 .debug_aranges
                0x0000000000000180       0x38 ./Drivers/GSM/gsm_data_layer.o
 .debug_aranges
                0x00000000000001b8       0x40 ./Drivers/GSM/gsm_hw_layer.o
 .debug_aranges
                0x00000000000001f8      0x140 ./Drivers/RTT_Debug/SEGGER_RTT.o
 .debug_aranges
                0x0000000000000338       0x40 ./Drivers/RTT_Debug/SEGGER_RTT_printf.o
 .debug_aranges
                0x0000000000000378       0x48 ./Drivers/RingBuffer/ringbuffer.o
 .debug_aranges
                0x00000000000003c0      0x110 ./Drivers/STM32L0xx_HAL_Driver/Src/stm32l0xx_hal.o
 .debug_aranges
                0x00000000000004d0       0xd8 ./Drivers/STM32L0xx_HAL_Driver/Src/stm32l0xx_hal_cortex.o
 .debug_aranges
                0x00000000000005a8       0x80 ./Drivers/STM32L0xx_HAL_Driver/Src/stm32l0xx_hal_dma.o
 .debug_aranges
                0x0000000000000628       0x58 ./Drivers/STM32L0xx_HAL_Driver/Src/stm32l0xx_hal_gpio.o
 .debug_aranges
                0x0000000000000680       0x80 ./Drivers/STM32L0xx_HAL_Driver/Src/stm32l0xx_hal_rcc.o
 .debug_aranges
                0x0000000000000700       0x58 ./Drivers/STM32L0xx_HAL_Driver/Src/stm32l0xx_hal_rcc_ex.o
 .debug_aranges
                0x0000000000000758      0x228 ./Drivers/STM32L0xx_HAL_Driver/Src/stm32l0xx_hal_uart.o
 .debug_aranges
                0x0000000000000980       0x78 ./Drivers/STM32L0xx_HAL_Driver/Src/stm32l0xx_hal_uart_ex.o

.debug_ranges   0x0000000000000000      0x8e8
 .debug_ranges  0x0000000000000000       0x18 ./App/App_Main.o
 .debug_ranges  0x0000000000000018       0x10 ./Core/Src/gpio.o
 .debug_ranges  0x0000000000000028       0x20 ./Core/Src/main.o
 .debug_ranges  0x0000000000000048       0x10 ./Core/Src/stm32l0xx_hal_msp.o
 .debug_ranges  0x0000000000000058       0x38 ./Core/Src/stm32l0xx_it.o
 .debug_ranges  0x0000000000000090       0x10 ./Core/Src/sysmem.o
 .debug_ranges  0x00000000000000a0       0x18 ./Core/Src/system_stm32l0xx.o
 .debug_ranges  0x00000000000000b8       0x20 ./Core/Src/usart.o
 .debug_ranges  0x00000000000000d8       0x20 ./Core/Startup/startup_stm32l071rztx.o
 .debug_ranges  0x00000000000000f8       0x28 ./Drivers/GSM/gsm_data_layer.o
 .debug_ranges  0x0000000000000120       0x30 ./Drivers/GSM/gsm_hw_layer.o
 .debug_ranges  0x0000000000000150      0x130 ./Drivers/RTT_Debug/SEGGER_RTT.o
 .debug_ranges  0x0000000000000280       0x48 ./Drivers/RTT_Debug/SEGGER_RTT_printf.o
 .debug_ranges  0x00000000000002c8       0x38 ./Drivers/RingBuffer/ringbuffer.o
 .debug_ranges  0x0000000000000300      0x100 ./Drivers/STM32L0xx_HAL_Driver/Src/stm32l0xx_hal.o
 .debug_ranges  0x0000000000000400       0xc8 ./Drivers/STM32L0xx_HAL_Driver/Src/stm32l0xx_hal_cortex.o
 .debug_ranges  0x00000000000004c8       0x70 ./Drivers/STM32L0xx_HAL_Driver/Src/stm32l0xx_hal_dma.o
 .debug_ranges  0x0000000000000538       0x48 ./Drivers/STM32L0xx_HAL_Driver/Src/stm32l0xx_hal_gpio.o
 .debug_ranges  0x0000000000000580       0x70 ./Drivers/STM32L0xx_HAL_Driver/Src/stm32l0xx_hal_rcc.o
 .debug_ranges  0x00000000000005f0       0x48 ./Drivers/STM32L0xx_HAL_Driver/Src/stm32l0xx_hal_rcc_ex.o
 .debug_ranges  0x0000000000000638      0x248 ./Drivers/STM32L0xx_HAL_Driver/Src/stm32l0xx_hal_uart.o
 .debug_ranges  0x0000000000000880       0x68 ./Drivers/STM32L0xx_HAL_Driver/Src/stm32l0xx_hal_uart_ex.o

.debug_macro    0x0000000000000000    0x144ef
 .debug_macro   0x0000000000000000      0x3be ./App/App_Main.o
 .debug_macro   0x00000000000003be      0xa7e ./App/App_Main.o
 .debug_macro   0x0000000000000e3c       0x22 ./App/App_Main.o
 .debug_macro   0x0000000000000e5e       0x4c ./App/App_Main.o
 .debug_macro   0x0000000000000eaa       0x18 ./App/App_Main.o
 .debug_macro   0x0000000000000ec2       0x94 ./App/App_Main.o
 .debug_macro   0x0000000000000f56       0x3c ./App/App_Main.o
 .debug_macro   0x0000000000000f92       0x34 ./App/App_Main.o
 .debug_macro   0x0000000000000fc6      0x174 ./App/App_Main.o
 .debug_macro   0x000000000000113a       0x16 ./App/App_Main.o
 .debug_macro   0x0000000000001150       0x43 ./App/App_Main.o
 .debug_macro   0x0000000000001193       0x57 ./App/App_Main.o
 .debug_macro   0x00000000000011ea       0x34 ./App/App_Main.o
 .debug_macro   0x000000000000121e       0x10 ./App/App_Main.o
 .debug_macro   0x000000000000122e       0x58 ./App/App_Main.o
 .debug_macro   0x0000000000001286       0x71 ./App/App_Main.o
 .debug_macro   0x00000000000012f7       0x1c ./App/App_Main.o
 .debug_macro   0x0000000000001313      0x12a ./App/App_Main.o
 .debug_macro   0x000000000000143d      0x339 ./App/App_Main.o
 .debug_macro   0x0000000000001776       0x10 ./App/App_Main.o
 .debug_macro   0x0000000000001786       0x35 ./App/App_Main.o
 .debug_macro   0x00000000000017bb       0x20 ./App/App_Main.o
 .debug_macro   0x00000000000017db       0x49 ./App/App_Main.o
 .debug_macro   0x0000000000001824       0x34 ./App/App_Main.o
 .debug_macro   0x0000000000001858       0x16 ./App/App_Main.o
 .debug_macro   0x000000000000186e       0x16 ./App/App_Main.o
 .debug_macro   0x0000000000001884       0x29 ./App/App_Main.o
 .debug_macro   0x00000000000018ad       0x58 ./App/App_Main.o
 .debug_macro   0x0000000000001905      0x131 ./App/App_Main.o
 .debug_macro   0x0000000000001a36       0x1c ./App/App_Main.o
 .debug_macro   0x0000000000001a52       0x10 ./App/App_Main.o
 .debug_macro   0x0000000000001a62       0x6a ./App/App_Main.o
 .debug_macro   0x0000000000001acc       0x1c ./App/App_Main.o
 .debug_macro   0x0000000000001ae8       0x52 ./App/App_Main.o
 .debug_macro   0x0000000000001b3a       0x22 ./App/App_Main.o
 .debug_macro   0x0000000000001b5c       0x10 ./App/App_Main.o
 .debug_macro   0x0000000000001b6c       0x40 ./App/App_Main.o
 .debug_macro   0x0000000000001bac       0xd5 ./App/App_Main.o
 .debug_macro   0x0000000000001c81       0x1c ./App/App_Main.o
 .debug_macro   0x0000000000001c9d       0x3d ./App/App_Main.o
 .debug_macro   0x0000000000001cda       0x16 ./App/App_Main.o
 .debug_macro   0x0000000000001cf0      0x145 ./App/App_Main.o
 .debug_macro   0x0000000000001e35      0x11f ./App/App_Main.o
 .debug_macro   0x0000000000001f54       0x2e ./App/App_Main.o
 .debug_macro   0x0000000000001f82       0x28 ./App/App_Main.o
 .debug_macro   0x0000000000001faa      0x103 ./App/App_Main.o
 .debug_macro   0x00000000000020ad      0x1df ./App/App_Main.o
 .debug_macro   0x000000000000228c       0x1c ./App/App_Main.o
 .debug_macro   0x00000000000022a8       0x22 ./App/App_Main.o
 .debug_macro   0x00000000000022ca       0xaf ./App/App_Main.o
 .debug_macro   0x0000000000002379      0x4da ./App/App_Main.o
 .debug_macro   0x0000000000002853      0x11f ./App/App_Main.o
 .debug_macro   0x0000000000002972     0x873b ./App/App_Main.o
 .debug_macro   0x000000000000b0ad       0x66 ./App/App_Main.o
 .debug_macro   0x000000000000b113     0x355c ./App/App_Main.o
 .debug_macro   0x000000000000e66f       0x55 ./App/App_Main.o
 .debug_macro   0x000000000000e6c4      0x8b5 ./App/App_Main.o
 .debug_macro   0x000000000000ef79      0x807 ./App/App_Main.o
 .debug_macro   0x000000000000f780      0x197 ./App/App_Main.o
 .debug_macro   0x000000000000f917      0x13f ./App/App_Main.o
 .debug_macro   0x000000000000fa56      0x1b5 ./App/App_Main.o
 .debug_macro   0x000000000000fc0b       0x82 ./App/App_Main.o
 .debug_macro   0x000000000000fc8d      0x28e ./App/App_Main.o
 .debug_macro   0x000000000000ff1b      0x1e9 ./App/App_Main.o
 .debug_macro   0x0000000000010104      0x13e ./App/App_Main.o
 .debug_macro   0x0000000000010242      0x4b5 ./App/App_Main.o
 .debug_macro   0x00000000000106f7      0x22c ./App/App_Main.o
 .debug_macro   0x0000000000010923       0x5b ./App/App_Main.o
 .debug_macro   0x000000000001097e       0xa5 ./App/App_Main.o
 .debug_macro   0x0000000000010a23      0x18d ./App/App_Main.o
 .debug_macro   0x0000000000010bb0       0x16 ./App/App_Main.o
 .debug_macro   0x0000000000010bc6      0x5ba ./App/App_Main.o
 .debug_macro   0x0000000000011180       0x44 ./App/App_Main.o
 .debug_macro   0x00000000000111c4      0x170 ./App/App_Main.o
 .debug_macro   0x0000000000011334       0x4c ./App/App_Main.o
 .debug_macro   0x0000000000011380       0x16 ./App/App_Main.o
 .debug_macro   0x0000000000011396       0x22 ./App/App_Main.o
 .debug_macro   0x00000000000113b8       0x22 ./App/App_Main.o
 .debug_macro   0x00000000000113da      0x1d3 ./Core/Src/gpio.o
 .debug_macro   0x00000000000115ad       0x8e ./Core/Src/gpio.o
 .debug_macro   0x000000000001163b       0x51 ./Core/Src/gpio.o
 .debug_macro   0x000000000001168c       0xb5 ./Core/Src/gpio.o
 .debug_macro   0x0000000000011741       0x5b ./Core/Src/gpio.o
 .debug_macro   0x000000000001179c      0x3dc ./Core/Src/main.o
 .debug_macro   0x0000000000011b78       0x52 ./Core/Src/main.o
 .debug_macro   0x0000000000011bca      0x333 ./Core/Src/main.o
 .debug_macro   0x0000000000011efd      0x1c9 ./Core/Src/stm32l0xx_hal_msp.o
 .debug_macro   0x00000000000120c6      0x1d3 ./Core/Src/stm32l0xx_it.o
 .debug_macro   0x0000000000012299       0xff ./Core/Src/sysmem.o
 .debug_macro   0x0000000000012398      0x23b ./Core/Src/sysmem.o
 .debug_macro   0x00000000000125d3      0x1ba ./Core/Src/system_stm32l0xx.o
 .debug_macro   0x000000000001278d      0x1d3 ./Core/Src/usart.o
 .debug_macro   0x0000000000012960      0x2d7 ./Drivers/GSM/gsm_data_layer.o
 .debug_macro   0x0000000000012c37      0x30d ./Drivers/GSM/gsm_hw_layer.o
 .debug_macro   0x0000000000012f44       0x16 ./Drivers/GSM/gsm_hw_layer.o
 .debug_macro   0x0000000000012f5a      0x1bd ./Drivers/RTT_Debug/SEGGER_RTT.o
 .debug_macro   0x0000000000013117      0x10e ./Drivers/RTT_Debug/SEGGER_RTT.o
 .debug_macro   0x0000000000013225       0x8d ./Drivers/RTT_Debug/SEGGER_RTT.o
 .debug_macro   0x00000000000132b2      0x143 ./Drivers/RTT_Debug/SEGGER_RTT_printf.o
 .debug_macro   0x00000000000133f5      0x29e ./Drivers/RingBuffer/ringbuffer.o
 .debug_macro   0x0000000000013693      0x1de ./Drivers/STM32L0xx_HAL_Driver/Src/stm32l0xx_hal.o
 .debug_macro   0x0000000000013871      0x1ba ./Drivers/STM32L0xx_HAL_Driver/Src/stm32l0xx_hal_cortex.o
 .debug_macro   0x0000000000013a2b      0x1ba ./Drivers/STM32L0xx_HAL_Driver/Src/stm32l0xx_hal_dma.o
 .debug_macro   0x0000000000013be5      0x1c1 ./Drivers/STM32L0xx_HAL_Driver/Src/stm32l0xx_hal_gpio.o
 .debug_macro   0x0000000000013da6      0x1f0 ./Drivers/STM32L0xx_HAL_Driver/Src/stm32l0xx_hal_rcc.o
 .debug_macro   0x0000000000013f96      0x1ba ./Drivers/STM32L0xx_HAL_Driver/Src/stm32l0xx_hal_rcc_ex.o
 .debug_macro   0x0000000000014150      0x1e5 ./Drivers/STM32L0xx_HAL_Driver/Src/stm32l0xx_hal_uart.o
 .debug_macro   0x0000000000014335      0x1ba ./Drivers/STM32L0xx_HAL_Driver/Src/stm32l0xx_hal_uart_ex.o

.debug_line     0x0000000000000000     0xf4eb
 .debug_line    0x0000000000000000      0xa4f ./App/App_Main.o
 .debug_line    0x0000000000000a4f      0x6f7 ./Core/Src/gpio.o
 .debug_line    0x0000000000001146      0xb1a ./Core/Src/main.o
 .debug_line    0x0000000000001c60      0x6cc ./Core/Src/stm32l0xx_hal_msp.o
 .debug_line    0x000000000000232c      0x748 ./Core/Src/stm32l0xx_it.o
 .debug_line    0x0000000000002a74      0x4f8 ./Core/Src/sysmem.o
 .debug_line    0x0000000000002f6c      0x77c ./Core/Src/system_stm32l0xx.o
 .debug_line    0x00000000000036e8      0x73e ./Core/Src/usart.o
 .debug_line    0x0000000000003e26       0x89 ./Core/Startup/startup_stm32l071rztx.o
 .debug_line    0x0000000000003eaf      0xab8 ./Drivers/GSM/gsm_data_layer.o
 .debug_line    0x0000000000004967      0xbb8 ./Drivers/GSM/gsm_hw_layer.o
 .debug_line    0x000000000000551f      0xe99 ./Drivers/RTT_Debug/SEGGER_RTT.o
 .debug_line    0x00000000000063b8      0x861 ./Drivers/RTT_Debug/SEGGER_RTT_printf.o
 .debug_line    0x0000000000006c19      0x97f ./Drivers/RingBuffer/ringbuffer.o
 .debug_line    0x0000000000007598      0xa1f ./Drivers/STM32L0xx_HAL_Driver/Src/stm32l0xx_hal.o
 .debug_line    0x0000000000007fb7      0xaed ./Drivers/STM32L0xx_HAL_Driver/Src/stm32l0xx_hal_cortex.o
 .debug_line    0x0000000000008aa4      0xc0e ./Drivers/STM32L0xx_HAL_Driver/Src/stm32l0xx_hal_dma.o
 .debug_line    0x00000000000096b2      0xac4 ./Drivers/STM32L0xx_HAL_Driver/Src/stm32l0xx_hal_gpio.o
 .debug_line    0x000000000000a176      0xe5f ./Drivers/STM32L0xx_HAL_Driver/Src/stm32l0xx_hal_rcc.o
 .debug_line    0x000000000000afd5      0xb0e ./Drivers/STM32L0xx_HAL_Driver/Src/stm32l0xx_hal_rcc_ex.o
 .debug_line    0x000000000000bae3     0x2d72 ./Drivers/STM32L0xx_HAL_Driver/Src/stm32l0xx_hal_uart.o
 .debug_line    0x000000000000e855      0xc96 ./Drivers/STM32L0xx_HAL_Driver/Src/stm32l0xx_hal_uart_ex.o

.debug_str      0x0000000000000000    0x72c63
 .debug_str     0x0000000000000000    0x6f960 ./App/App_Main.o
                                      0x6fd64 (size before relaxing)
 .debug_str     0x000000000006f960      0x164 ./Core/Src/gpio.o
                                      0x6aad5 (size before relaxing)
 .debug_str     0x000000000006fac4      0x281 ./Core/Src/main.o
                                      0x6ff7c (size before relaxing)
 .debug_str     0x000000000006fd45       0x2c ./Core/Src/stm32l0xx_hal_msp.o
                                      0x6aa45 (size before relaxing)
 .debug_str     0x000000000006fd71       0x88 ./Core/Src/stm32l0xx_it.o
                                      0x6ae04 (size before relaxing)
 .debug_str     0x000000000006fdf9      0x4e9 ./Core/Src/sysmem.o
                                       0x61bb (size before relaxing)
 .debug_str     0x00000000000702e2       0x61 ./Core/Src/system_stm32l0xx.o
                                      0x6a950 (size before relaxing)
 .debug_str     0x0000000000070343      0x1ab ./Core/Src/usart.o
                                      0x6b0a9 (size before relaxing)
 .debug_str     0x00000000000704ee       0x75 ./Core/Startup/startup_stm32l071rztx.o
 .debug_str     0x0000000000070563      0x150 ./Drivers/GSM/gsm_data_layer.o
                                      0x6ead1 (size before relaxing)
 .debug_str     0x00000000000706b3      0x2bf ./Drivers/GSM/gsm_hw_layer.o
                                      0x6f1bd (size before relaxing)
 .debug_str     0x0000000000070972      0x730 ./Drivers/RTT_Debug/SEGGER_RTT.o
                                       0x7b0a (size before relaxing)
 .debug_str     0x00000000000710a2      0x18d ./Drivers/RTT_Debug/SEGGER_RTT_printf.o
                                       0x7504 (size before relaxing)
 .debug_str     0x000000000007122f       0xd6 ./Drivers/RingBuffer/ringbuffer.o
                                      0x6dd5c (size before relaxing)
 .debug_str     0x0000000000071305      0x42b ./Drivers/STM32L0xx_HAL_Driver/Src/stm32l0xx_hal.o
                                      0x6afe1 (size before relaxing)
 .debug_str     0x0000000000071730      0x2dd ./Drivers/STM32L0xx_HAL_Driver/Src/stm32l0xx_hal_cortex.o
                                      0x6ade6 (size before relaxing)
 .debug_str     0x0000000000071a0d      0x26c ./Drivers/STM32L0xx_HAL_Driver/Src/stm32l0xx_hal_dma.o
                                      0x6ad02 (size before relaxing)
 .debug_str     0x0000000000071c79      0x137 ./Drivers/STM32L0xx_HAL_Driver/Src/stm32l0xx_hal_gpio.o
                                      0x6ab3a (size before relaxing)
 .debug_str     0x0000000000071db0      0x2dd ./Drivers/STM32L0xx_HAL_Driver/Src/stm32l0xx_hal_rcc.o
                                      0x6ae2f (size before relaxing)
 .debug_str     0x000000000007208d      0x13a ./Drivers/STM32L0xx_HAL_Driver/Src/stm32l0xx_hal_rcc_ex.o
                                      0x6ab7b (size before relaxing)
 .debug_str     0x00000000000721c7      0x8b6 ./Drivers/STM32L0xx_HAL_Driver/Src/stm32l0xx_hal_uart.o
                                      0x6b677 (size before relaxing)
 .debug_str     0x0000000000072a7d      0x1e6 ./Drivers/STM32L0xx_HAL_Driver/Src/stm32l0xx_hal_uart_ex.o
                                      0x6af11 (size before relaxing)

.comment        0x0000000000000000       0x53
 .comment       0x0000000000000000       0x53 ./App/App_Main.o
                                         0x54 (size before relaxing)
 .comment       0x0000000000000053       0x54 ./Core/Src/gpio.o
 .comment       0x0000000000000053       0x54 ./Core/Src/main.o
 .comment       0x0000000000000053       0x54 ./Core/Src/stm32l0xx_hal_msp.o
 .comment       0x0000000000000053       0x54 ./Core/Src/stm32l0xx_it.o
 .comment       0x0000000000000053       0x54 ./Core/Src/sysmem.o
 .comment       0x0000000000000053       0x54 ./Core/Src/system_stm32l0xx.o
 .comment       0x0000000000000053       0x54 ./Core/Src/usart.o
 .comment       0x0000000000000053       0x54 ./Drivers/GSM/gsm_data_layer.o
 .comment       0x0000000000000053       0x54 ./Drivers/GSM/gsm_hw_layer.o
 .comment       0x0000000000000053       0x54 ./Drivers/RTT_Debug/SEGGER_RTT.o
 .comment       0x0000000000000053       0x54 ./Drivers/RTT_Debug/SEGGER_RTT_printf.o
 .comment       0x0000000000000053       0x54 ./Drivers/RingBuffer/ringbuffer.o
 .comment       0x0000000000000053       0x54 ./Drivers/STM32L0xx_HAL_Driver/Src/stm32l0xx_hal.o
 .comment       0x0000000000000053       0x54 ./Drivers/STM32L0xx_HAL_Driver/Src/stm32l0xx_hal_cortex.o
 .comment       0x0000000000000053       0x54 ./Drivers/STM32L0xx_HAL_Driver/Src/stm32l0xx_hal_dma.o
 .comment       0x0000000000000053       0x54 ./Drivers/STM32L0xx_HAL_Driver/Src/stm32l0xx_hal_gpio.o
 .comment       0x0000000000000053       0x54 ./Drivers/STM32L0xx_HAL_Driver/Src/stm32l0xx_hal_rcc.o
 .comment       0x0000000000000053       0x54 ./Drivers/STM32L0xx_HAL_Driver/Src/stm32l0xx_hal_rcc_ex.o
 .comment       0x0000000000000053       0x54 ./Drivers/STM32L0xx_HAL_Driver/Src/stm32l0xx_hal_uart.o
 .comment       0x0000000000000053       0x54 ./Drivers/STM32L0xx_HAL_Driver/Src/stm32l0xx_hal_uart_ex.o

.debug_frame    0x0000000000000000     0x2360
 .debug_frame   0x0000000000000000       0x4c ./App/App_Main.o
 .debug_frame   0x000000000000004c       0x30 ./Core/Src/gpio.o
 .debug_frame   0x000000000000007c       0x68 ./Core/Src/main.o
 .debug_frame   0x00000000000000e4       0x2c ./Core/Src/stm32l0xx_hal_msp.o
 .debug_frame   0x0000000000000110       0xb8 ./Core/Src/stm32l0xx_it.o
 .debug_frame   0x00000000000001c8       0x30 ./Core/Src/sysmem.o
 .debug_frame   0x00000000000001f8       0x4c ./Core/Src/system_stm32l0xx.o
 .debug_frame   0x0000000000000244       0x6c ./Core/Src/usart.o
 .debug_frame   0x00000000000002b0       0x8c ./Drivers/GSM/gsm_data_layer.o
 .debug_frame   0x000000000000033c       0xa4 ./Drivers/GSM/gsm_hw_layer.o
 .debug_frame   0x00000000000003e0      0x4ac ./Drivers/RTT_Debug/SEGGER_RTT.o
 .debug_frame   0x000000000000088c       0xb4 ./Drivers/RTT_Debug/SEGGER_RTT_printf.o
 .debug_frame   0x0000000000000940       0xd0 ./Drivers/RingBuffer/ringbuffer.o
 .debug_frame   0x0000000000000a10      0x394 ./Drivers/STM32L0xx_HAL_Driver/Src/stm32l0xx_hal.o
 .debug_frame   0x0000000000000da4      0x2fc ./Drivers/STM32L0xx_HAL_Driver/Src/stm32l0xx_hal_cortex.o
 .debug_frame   0x00000000000010a0      0x1b0 ./Drivers/STM32L0xx_HAL_Driver/Src/stm32l0xx_hal_dma.o
 .debug_frame   0x0000000000001250      0x110 ./Drivers/STM32L0xx_HAL_Driver/Src/stm32l0xx_hal_gpio.o
 .debug_frame   0x0000000000001360      0x1a8 ./Drivers/STM32L0xx_HAL_Driver/Src/stm32l0xx_hal_rcc.o
 .debug_frame   0x0000000000001508       0xfc ./Drivers/STM32L0xx_HAL_Driver/Src/stm32l0xx_hal_rcc_ex.o
 .debug_frame   0x0000000000001604      0x854 ./Drivers/STM32L0xx_HAL_Driver/Src/stm32l0xx_hal_uart.o
 .debug_frame   0x0000000000001e58      0x198 ./Drivers/STM32L0xx_HAL_Driver/Src/stm32l0xx_hal_uart_ex.o
 .debug_frame   0x0000000000001ff0       0x20 c:/st/stm32cubeide_1.7.0/stm32cubeide/plugins/com.st.stm32cube.ide.mcu.externaltools.gnu-tools-for-stm32.9-2020-q2-update.win32_2.0.0.202105311346/tools/bin/../lib/gcc/arm-none-eabi/9.3.1/../../../../arm-none-eabi/lib/thumb/v6-m/nofp\libc_nano.a(lib_a-errno.o)
 .debug_frame   0x0000000000002010       0x2c c:/st/stm32cubeide_1.7.0/stm32cubeide/plugins/com.st.stm32cube.ide.mcu.externaltools.gnu-tools-for-stm32.9-2020-q2-update.win32_2.0.0.202105311346/tools/bin/../lib/gcc/arm-none-eabi/9.3.1/../../../../arm-none-eabi/lib/thumb/v6-m/nofp\libc_nano.a(lib_a-init.o)
 .debug_frame   0x000000000000203c       0x40 c:/st/stm32cubeide_1.7.0/stm32cubeide/plugins/com.st.stm32cube.ide.mcu.externaltools.gnu-tools-for-stm32.9-2020-q2-update.win32_2.0.0.202105311346/tools/bin/../lib/gcc/arm-none-eabi/9.3.1/../../../../arm-none-eabi/lib/thumb/v6-m/nofp\libc_nano.a(lib_a-malloc.o)
 .debug_frame   0x000000000000207c       0x2c c:/st/stm32cubeide_1.7.0/stm32cubeide/plugins/com.st.stm32cube.ide.mcu.externaltools.gnu-tools-for-stm32.9-2020-q2-update.win32_2.0.0.202105311346/tools/bin/../lib/gcc/arm-none-eabi/9.3.1/../../../../arm-none-eabi/lib/thumb/v6-m/nofp\libc_nano.a(lib_a-memcmp.o)
 .debug_frame   0x00000000000020a8       0x28 c:/st/stm32cubeide_1.7.0/stm32cubeide/plugins/com.st.stm32cube.ide.mcu.externaltools.gnu-tools-for-stm32.9-2020-q2-update.win32_2.0.0.202105311346/tools/bin/../lib/gcc/arm-none-eabi/9.3.1/../../../../arm-none-eabi/lib/thumb/v6-m/nofp\libc_nano.a(lib_a-memcpy-stub.o)
 .debug_frame   0x00000000000020d0       0x20 c:/st/stm32cubeide_1.7.0/stm32cubeide/plugins/com.st.stm32cube.ide.mcu.externaltools.gnu-tools-for-stm32.9-2020-q2-update.win32_2.0.0.202105311346/tools/bin/../lib/gcc/arm-none-eabi/9.3.1/../../../../arm-none-eabi/lib/thumb/v6-m/nofp\libc_nano.a(lib_a-memset.o)
 .debug_frame   0x00000000000020f0       0x30 c:/st/stm32cubeide_1.7.0/stm32cubeide/plugins/com.st.stm32cube.ide.mcu.externaltools.gnu-tools-for-stm32.9-2020-q2-update.win32_2.0.0.202105311346/tools/bin/../lib/gcc/arm-none-eabi/9.3.1/../../../../arm-none-eabi/lib/thumb/v6-m/nofp\libc_nano.a(lib_a-nano-mallocr.o)
 .debug_frame   0x0000000000002120       0x2c c:/st/stm32cubeide_1.7.0/stm32cubeide/plugins/com.st.stm32cube.ide.mcu.externaltools.gnu-tools-for-stm32.9-2020-q2-update.win32_2.0.0.202105311346/tools/bin/../lib/gcc/arm-none-eabi/9.3.1/../../../../arm-none-eabi/lib/thumb/v6-m/nofp\libc_nano.a(lib_a-sbrkr.o)
 .debug_frame   0x000000000000214c       0x2c c:/st/stm32cubeide_1.7.0/stm32cubeide/plugins/com.st.stm32cube.ide.mcu.externaltools.gnu-tools-for-stm32.9-2020-q2-update.win32_2.0.0.202105311346/tools/bin/../lib/gcc/arm-none-eabi/9.3.1/../../../../arm-none-eabi/lib/thumb/v6-m/nofp\libc_nano.a(lib_a-strstr.o)
 .debug_frame   0x0000000000002178       0x40 c:/st/stm32cubeide_1.7.0/stm32cubeide/plugins/com.st.stm32cube.ide.mcu.externaltools.gnu-tools-for-stm32.9-2020-q2-update.win32_2.0.0.202105311346/tools/bin/../lib/gcc/arm-none-eabi/9.3.1/../../../../arm-none-eabi/lib/thumb/v6-m/nofp\libc_nano.a(lib_a-mlock.o)
 .debug_frame   0x00000000000021b8       0x48 c:/st/stm32cubeide_1.7.0/stm32cubeide/plugins/com.st.stm32cube.ide.mcu.externaltools.gnu-tools-for-stm32.9-2020-q2-update.win32_2.0.0.202105311346/tools/bin/../lib/gcc/arm-none-eabi/9.3.1/../../../../arm-none-eabi/lib/thumb/v6-m/nofp\libc_nano.a(lib_a-reent.o)
 .debug_frame   0x0000000000002200       0xb0 c:/st/stm32cubeide_1.7.0/stm32cubeide/plugins/com.st.stm32cube.ide.mcu.externaltools.gnu-tools-for-stm32.9-2020-q2-update.win32_2.0.0.202105311346/tools/bin/../lib/gcc/arm-none-eabi/9.3.1/../../../../arm-none-eabi/lib/thumb/v6-m/nofp\libc_nano.a(lib_a-lock.o)
 .debug_frame   0x00000000000022b0       0x20 c:/st/stm32cubeide_1.7.0/stm32cubeide/plugins/com.st.stm32cube.ide.mcu.externaltools.gnu-tools-for-stm32.9-2020-q2-update.win32_2.0.0.202105311346/tools/bin/../lib/gcc/arm-none-eabi/9.3.1/thumb/v6-m/nofp\libgcc.a(_udivsi3.o)
 .debug_frame   0x00000000000022d0       0x20 c:/st/stm32cubeide_1.7.0/stm32cubeide/plugins/com.st.stm32cube.ide.mcu.externaltools.gnu-tools-for-stm32.9-2020-q2-update.win32_2.0.0.202105311346/tools/bin/../lib/gcc/arm-none-eabi/9.3.1/thumb/v6-m/nofp\libgcc.a(_divsi3.o)
 .debug_frame   0x00000000000022f0       0x34 c:/st/stm32cubeide_1.7.0/stm32cubeide/plugins/com.st.stm32cube.ide.mcu.externaltools.gnu-tools-for-stm32.9-2020-q2-update.win32_2.0.0.202105311346/tools/bin/../lib/gcc/arm-none-eabi/9.3.1/thumb/v6-m/nofp\libgcc.a(_muldi3.o)
 .debug_frame   0x0000000000002324       0x3c c:/st/stm32cubeide_1.7.0/stm32cubeide/plugins/com.st.stm32cube.ide.mcu.externaltools.gnu-tools-for-stm32.9-2020-q2-update.win32_2.0.0.202105311346/tools/bin/../lib/gcc/arm-none-eabi/9.3.1/thumb/v6-m/nofp\libgcc.a(_udivmoddi4.o)
