Archive member included to satisfy reference by file (symbol)

c:/st/stm32cubeide_1.7.0/stm32cubeide/plugins/com.st.stm32cube.ide.mcu.externaltools.gnu-tools-for-stm32.9-2020-q2-update.win32_2.0.0.202105311346/tools/bin/../lib/gcc/arm-none-eabi/9.3.1/../../../../arm-none-eabi/lib/thumb/v6-m/nofp\libc_nano.a(lib_a-errno.o)
                              ./Core/Src/syscalls.o (__errno)
c:/st/stm32cubeide_1.7.0/stm32cubeide/plugins/com.st.stm32cube.ide.mcu.externaltools.gnu-tools-for-stm32.9-2020-q2-update.win32_2.0.0.202105311346/tools/bin/../lib/gcc/arm-none-eabi/9.3.1/../../../../arm-none-eabi/lib/thumb/v6-m/nofp\libc_nano.a(lib_a-exit.o)
                              c:/st/stm32cubeide_1.7.0/stm32cubeide/plugins/com.st.stm32cube.ide.mcu.externaltools.gnu-tools-for-stm32.9-2020-q2-update.win32_2.0.0.202105311346/tools/bin/../lib/gcc/arm-none-eabi/9.3.1/../../../../arm-none-eabi/lib/thumb/v6-m/nofp/crt0.o (exit)
c:/st/stm32cubeide_1.7.0/stm32cubeide/plugins/com.st.stm32cube.ide.mcu.externaltools.gnu-tools-for-stm32.9-2020-q2-update.win32_2.0.0.202105311346/tools/bin/../lib/gcc/arm-none-eabi/9.3.1/../../../../arm-none-eabi/lib/thumb/v6-m/nofp\libc_nano.a(lib_a-impure.o)
                              c:/st/stm32cubeide_1.7.0/stm32cubeide/plugins/com.st.stm32cube.ide.mcu.externaltools.gnu-tools-for-stm32.9-2020-q2-update.win32_2.0.0.202105311346/tools/bin/../lib/gcc/arm-none-eabi/9.3.1/../../../../arm-none-eabi/lib/thumb/v6-m/nofp\libc_nano.a(lib_a-exit.o) (_global_impure_ptr)
c:/st/stm32cubeide_1.7.0/stm32cubeide/plugins/com.st.stm32cube.ide.mcu.externaltools.gnu-tools-for-stm32.9-2020-q2-update.win32_2.0.0.202105311346/tools/bin/../lib/gcc/arm-none-eabi/9.3.1/../../../../arm-none-eabi/lib/thumb/v6-m/nofp\libc_nano.a(lib_a-init.o)
                              c:/st/stm32cubeide_1.7.0/stm32cubeide/plugins/com.st.stm32cube.ide.mcu.externaltools.gnu-tools-for-stm32.9-2020-q2-update.win32_2.0.0.202105311346/tools/bin/../lib/gcc/arm-none-eabi/9.3.1/../../../../arm-none-eabi/lib/thumb/v6-m/nofp/crt0.o (__libc_init_array)
c:/st/stm32cubeide_1.7.0/stm32cubeide/plugins/com.st.stm32cube.ide.mcu.externaltools.gnu-tools-for-stm32.9-2020-q2-update.win32_2.0.0.202105311346/tools/bin/../lib/gcc/arm-none-eabi/9.3.1/../../../../arm-none-eabi/lib/thumb/v6-m/nofp\libc_nano.a(lib_a-malloc.o)
                              ./Drivers/RingBuffer/ringbuffer.o (malloc)
c:/st/stm32cubeide_1.7.0/stm32cubeide/plugins/com.st.stm32cube.ide.mcu.externaltools.gnu-tools-for-stm32.9-2020-q2-update.win32_2.0.0.202105311346/tools/bin/../lib/gcc/arm-none-eabi/9.3.1/../../../../arm-none-eabi/lib/thumb/v6-m/nofp\libc_nano.a(lib_a-memcpy-stub.o)
                              ./Drivers/RTT_Debug/SEGGER_RTT.o (memcpy)
c:/st/stm32cubeide_1.7.0/stm32cubeide/plugins/com.st.stm32cube.ide.mcu.externaltools.gnu-tools-for-stm32.9-2020-q2-update.win32_2.0.0.202105311346/tools/bin/../lib/gcc/arm-none-eabi/9.3.1/../../../../arm-none-eabi/lib/thumb/v6-m/nofp\libc_nano.a(lib_a-memset.o)
                              c:/st/stm32cubeide_1.7.0/stm32cubeide/plugins/com.st.stm32cube.ide.mcu.externaltools.gnu-tools-for-stm32.9-2020-q2-update.win32_2.0.0.202105311346/tools/bin/../lib/gcc/arm-none-eabi/9.3.1/../../../../arm-none-eabi/lib/thumb/v6-m/nofp/crt0.o (memset)
c:/st/stm32cubeide_1.7.0/stm32cubeide/plugins/com.st.stm32cube.ide.mcu.externaltools.gnu-tools-for-stm32.9-2020-q2-update.win32_2.0.0.202105311346/tools/bin/../lib/gcc/arm-none-eabi/9.3.1/../../../../arm-none-eabi/lib/thumb/v6-m/nofp\libc_nano.a(lib_a-nano-freer.o)
                              c:/st/stm32cubeide_1.7.0/stm32cubeide/plugins/com.st.stm32cube.ide.mcu.externaltools.gnu-tools-for-stm32.9-2020-q2-update.win32_2.0.0.202105311346/tools/bin/../lib/gcc/arm-none-eabi/9.3.1/../../../../arm-none-eabi/lib/thumb/v6-m/nofp\libc_nano.a(lib_a-malloc.o) (_free_r)
c:/st/stm32cubeide_1.7.0/stm32cubeide/plugins/com.st.stm32cube.ide.mcu.externaltools.gnu-tools-for-stm32.9-2020-q2-update.win32_2.0.0.202105311346/tools/bin/../lib/gcc/arm-none-eabi/9.3.1/../../../../arm-none-eabi/lib/thumb/v6-m/nofp\libc_nano.a(lib_a-nano-mallocr.o)
                              c:/st/stm32cubeide_1.7.0/stm32cubeide/plugins/com.st.stm32cube.ide.mcu.externaltools.gnu-tools-for-stm32.9-2020-q2-update.win32_2.0.0.202105311346/tools/bin/../lib/gcc/arm-none-eabi/9.3.1/../../../../arm-none-eabi/lib/thumb/v6-m/nofp\libc_nano.a(lib_a-malloc.o) (_malloc_r)
c:/st/stm32cubeide_1.7.0/stm32cubeide/plugins/com.st.stm32cube.ide.mcu.externaltools.gnu-tools-for-stm32.9-2020-q2-update.win32_2.0.0.202105311346/tools/bin/../lib/gcc/arm-none-eabi/9.3.1/../../../../arm-none-eabi/lib/thumb/v6-m/nofp\libc_nano.a(lib_a-sbrkr.o)
                              c:/st/stm32cubeide_1.7.0/stm32cubeide/plugins/com.st.stm32cube.ide.mcu.externaltools.gnu-tools-for-stm32.9-2020-q2-update.win32_2.0.0.202105311346/tools/bin/../lib/gcc/arm-none-eabi/9.3.1/../../../../arm-none-eabi/lib/thumb/v6-m/nofp\libc_nano.a(lib_a-nano-mallocr.o) (_sbrk_r)
[...]
Memory Configuration

Name             Origin             Length             Attributes
RAM              0x0000000020000000 0x0000000000005000 xrw
FLASH            0x0000000008000000 0x0000000000030000 xr
*default*        0x0000000000000000 0xffffffffffffffff

Linker script and memory map

LOAD c:/st/stm32cubeide_1.7.0/stm32cubeide/plugins/com.st.stm32cube.ide.mcu.externaltools.gnu-tools-for-stm32.9-2020-q2-update.win32_2.0.0.202105311346/tools/bin/../lib/gcc/arm-none-eabi/9.3.1/thumb/v6-m/nofp/crti.o
LOAD c:/st/stm32cubeide_1.7.0/stm32cubeide/plugins/com.st.stm32cube.ide.mcu.externaltools.gnu-tools-for-stm32.9-2020-q2-update.win32_2.0.0.202105311346/tools/bin/../lib/gcc/arm-none-eabi/9.3.1/thumb/v6-m/nofp/crtbegin.o
LOAD c:/st/stm32cubeide_1.7.0/stm32cubeide/plugins/com.st.stm32cube.ide.mcu.externaltools.gnu-tools-for-stm32.9-2020-q2-update.win32_2.0.0.202105311346/tools/bin/../lib/gcc/arm-none-eabi/9.3.1/../../../../arm-none-eabi/lib/thumb/v6-m/nofp/crt0.o
LOAD ./App/App_Main.o
LOAD ./Core/Src/gpio.o
LOAD ./Core/Src/main.o
LOAD ./Core/Src/stm32l0xx_hal_msp.o
LOAD ./Core/Src/stm32l0xx_it.o
LOAD ./Core/Src/syscalls.o
LOAD ./Core/Src/sysmem.o
LOAD ./Core/Src/system_stm32l0xx.o
LOAD ./Core/Src/usart.o
LOAD ./Core/Startup/startup_stm32l071rztx.o
LOAD ./Drivers/GSM/GSM_Data_Layer/ec200_data_layer.o
LOAD ./Drivers/GSM/GSM_Hardware_Layer/ec200_hw_layer.o
LOAD ./Drivers/RTT_Debug/SEGGER_RTT.o
LOAD ./Drivers/RTT_Debug/SEGGER_RTT_ASM_ARMv7M.o
LOAD ./Drivers/RTT_Debug/SEGGER_RTT_printf.o
LOAD ./Drivers/RingBuffer/ringbuffer.o
LOAD ./Drivers/STM32L0xx_HAL_Driver/Src/stm32l0xx_hal.o
LOAD ./Drivers/STM32L0xx_HAL_Driver/Src/stm32l0xx_hal_cortex.o
LOAD ./Drivers/STM32L0xx_HAL_Driver/Src/stm32l0xx_hal_dma.o
LOAD ./Drivers/STM32L0xx_HAL_Driver/Src/stm32l0xx_hal_exti.o
LOAD ./Drivers/STM32L0xx_HAL_Driver/Src/stm32l0xx_hal_flash.o
LOAD ./Drivers/STM32L0xx_HAL_Driver/Src/stm32l0xx_hal_flash_ex.o
LOAD ./Drivers/STM32L0xx_HAL_Driver/Src/stm32l0xx_hal_flash_ramfunc.o
LOAD ./Drivers/STM32L0xx_HAL_Driver/Src/stm32l0xx_hal_gpio.o
LOAD ./Drivers/STM32L0xx_HAL_Driver/Src/stm32l0xx_hal_i2c.o
LOAD ./Drivers/STM32L0xx_HAL_Driver/Src/stm32l0xx_hal_i2c_ex.o
LOAD ./Drivers/STM32L0xx_HAL_Driver/Src/stm32l0xx_hal_pwr.o
LOAD ./Drivers/STM32L0xx_HAL_Driver/Src/stm32l0xx_hal_pwr_ex.o
LOAD ./Drivers/STM32L0xx_HAL_Driver/Src/stm32l0xx_hal_rcc.o
LOAD ./Drivers/STM32L0xx_HAL_Driver/Src/stm32l0xx_hal_rcc_ex.o
LOAD ./Drivers/STM32L0xx_HAL_Driver/Src/stm32l0xx_hal_tim.o
LOAD ./Drivers/STM32L0xx_HAL_Driver/Src/stm32l0xx_hal_tim_ex.o
LOAD ./Drivers/STM32L0xx_HAL_Driver/Src/stm32l0xx_hal_uart.o
LOAD ./Drivers/STM32L0xx_HAL_Driver/Src/stm32l0xx_hal_uart_ex.o
START GROUP
LOAD c:/st/stm32cubeide_1.7.0/stm32cubeide/plugins/com.st.stm32cube.ide.mcu.externaltools.gnu-tools-for-stm32.9-2020-q2-update.win32_2.0.0.202105311346/tools/bin/../lib/gcc/arm-none-eabi/9.3.1/../../../../arm-none-eabi/lib/thumb/v6-m/nofp\libc_nano.a
LOAD c:/st/stm32cubeide_1.7.0/stm32cubeide/plugins/com.st.stm32cube.ide.mcu.externaltools.gnu-tools-for-stm32.9-2020-q2-update.win32_2.0.0.202105311346/tools/bin/../lib/gcc/arm-none-eabi/9.3.1/../../../../arm-none-eabi/lib/thumb/v6-m/nofp\libm.a
END GROUP
START GROUP
LOAD c:/st/stm32cubeide_1.7.0/stm32cubeide/plugins/com.st.stm32cube.ide.mcu.externaltools.gnu-tools-for-stm32.9-2020-q2-update.win32_2.0.0.202105311346/tools/bin/../lib/gcc/arm-none-eabi/9.3.1/thumb/v6-m/nofp\libgcc.a
LOAD c:/st/stm32cubeide_1.7.0/stm32cubeide/plugins/com.st.stm32cube.ide.mcu.externaltools.gnu-tools-for-stm32.9-2020-q2-update.win32_2.0.0.202105311346/tools/bin/../lib/gcc/arm-none-eabi/9.3.1/../../../../arm-none-eabi/lib/thumb/v6-m/nofp\libc_nano.a
END GROUP
START GROUP
LOAD c:/st/stm32cubeide_1.7.0/stm32cubeide/plugins/com.st.stm32cube.ide.mcu.externaltools.gnu-tools-for-stm32.9-2020-q2-update.win32_2.0.0.202105311346/tools/bin/../lib/gcc/arm-none-eabi/9.3.1/thumb/v6-m/nofp\libgcc.a
LOAD c:/st/stm32cubeide_1.7.0/stm32cubeide/plugins/com.st.stm32cube.ide.mcu.externaltools.gnu-tools-for-stm32.9-2020-q2-update.win32_2.0.0.202105311346/tools/bin/../lib/gcc/arm-none-eabi/9.3.1/../../../../arm-none-eabi/lib/thumb/v6-m/nofp\libc_nano.a
LOAD c:/st/stm32cubeide_1.7.0/stm32cubeide/plugins/com.st.stm32cube.ide.mcu.externaltools.gnu-tools-for-stm32.9-2020-q2-update.win32_2.0.0.202105311346/tools/bin/../lib/gcc/arm-none-eabi/9.3.1/../../../../arm-none-eabi/lib/thumb/v6-m/nofp\libnosys.a
END GROUP
START GROUP
LOAD c:/st/stm32cubeide_1.7.0/stm32cubeide/plugins/com.st.stm32cube.ide.mcu.externaltools.gnu-tools-for-stm32.9-2020-q2-update.win32_2.0.0.202105311346/tools/bin/../lib/gcc/arm-none-eabi/9.3.1/thumb/v6-m/nofp\libgcc.a
LOAD c:/st/stm32cubeide_1.7.0/stm32cubeide/plugins/com.st.stm32cube.ide.mcu.externaltools.gnu-tools-for-stm32.9-2020-q2-update.win32_2.0.0.202105311346/tools/bin/../lib/gcc/arm-none-eabi/9.3.1/../../../../arm-none-eabi/lib/thumb/v6-m/nofp\libc_nano.a
LOAD c:/st/stm32cubeide_1.7.0/stm32cubeide/plugins/com.st.stm32cube.ide.mcu.externaltools.gnu-tools-for-stm32.9-2020-q2-update.win32_2.0.0.202105311346/tools/bin/../lib/gcc/arm-none-eabi/9.3.1/../../../../arm-none-eabi/lib/thumb/v6-m/nofp\libnosys.a
END GROUP
LOAD c:/st/stm32cubeide_1.7.0/stm32cubeide/plugins/com.st.stm32cube.ide.mcu.externaltools.gnu-tools-for-stm32.9-2020-q2-update.win32_2.0.0.202105311346/tools/bin/../lib/gcc/arm-none-eabi/9.3.1/thumb/v6-m/nofp/crtend.o
LOAD c:/st/stm32cubeide_1.7.0/stm32cubeide/plugins/com.st.stm32cube.ide.mcu.externaltools.gnu-tools-for-stm32.9-2020-q2-update.win32_2.0.0.202105311346/tools/bin/../lib/gcc/arm-none-eabi/9.3.1/thumb/v6-m/nofp/crtn.o
                0x0000000020005000                _estack = (ORIGIN (RAM) + LENGTH (RAM))
                0x0000000000000200                _Min_Heap_Size = 0x200
                0x0000000000000400                _Min_Stack_Size = 0x400

.isr_vector     0x0000000008000000       0xc0
                0x0000000008000000                . = ALIGN (0x4)
 *(.isr_vector)
 .isr_vector    0x0000000008000000       0xc0 ./Core/Startup/startup_stm32l071rztx.o
                0x0000000008000000                g_pfnVectors
                0x00000000080000c0                . = ALIGN (0x4)

.text           0x00000000080000c0     0x4a80
                0x00000000080000c0                . = ALIGN (0x4)
 *(.text)
 .text          0x00000000080000c0       0x48 c:/st/stm32cubeide_1.7.0/stm32cubeide/plugins/com.st.stm32cube.ide.mcu.externaltools.gnu-tools-for-stm32.9-2020-q2-update.win32_2.0.0.202105311346/tools/bin/../lib/gcc/arm-none-eabi/9.3.1/thumb/v6-m/nofp/crtbegin.o
 .text          0x0000000008000108        0xe c:/st/stm32cubeide_1.7.0/stm32cubeide/plugins/com.st.stm32cube.ide.mcu.externaltools.gnu-tools-for-stm32.9-2020-q2-update.win32_2.0.0.202105311346/tools/bin/../lib/gcc/arm-none-eabi/9.3.1/../../../../arm-none-eabi/lib/thumb/v6-m/nofp\libc_nano.a(lib_a-strlen.o)
                0x0000000008000108                strlen
 *fill*         0x0000000008000116        0x2 
 .text          0x0000000008000118      0x114 c:/st/stm32cubeide_1.7.0/stm32cubeide/plugins/com.st.stm32cube.ide.mcu.externaltools.gnu-tools-for-stm32.9-2020-q2-update.win32_2.0.0.202105311346/tools/bin/../lib/gcc/arm-none-eabi/9.3.1/thumb/v6-m/nofp\libgcc.a(_udivsi3.o)
                0x0000000008000118                __aeabi_uidiv
                0x0000000008000118                __udivsi3
                0x0000000008000224                __aeabi_uidivmod
 .text          0x000000000800022c      0x1d4 c:/st/stm32cubeide_1.7.0/stm32cubeide/plugins/com.st.stm32cube.ide.mcu.externaltools.gnu-tools-for-stm32.9-2020-q2-update.win32_2.0.0.202105311346/tools/bin/../lib/gcc/arm-none-eabi/9.3.1/thumb/v6-m/nofp\libgcc.a(_divsi3.o)
                0x000000000800022c                __divsi3
                0x000000000800022c                __aeabi_idiv
                0x00000000080003f8                __aeabi_idivmod
 .text          0x0000000008000400        0x4 c:/st/stm32cubeide_1.7.0/stm32cubeide/plugins/com.st.stm32cube.ide.mcu.externaltools.gnu-tools-for-stm32.9-2020-q2-update.win32_2.0.0.202105311346/tools/bin/../lib/gcc/arm-none-eabi/9.3.1/thumb/v6-m/nofp\libgcc.a(_dvmd_tls.o)
                0x0000000008000400                __aeabi_idiv0
                0x0000000008000400                __aeabi_ldiv0
 .text          0x0000000008000404       0x40 c:/st/stm32cubeide_1.7.0/stm32cubeide/plugins/com.st.stm32cube.ide.mcu.externaltools.gnu-tools-for-stm32.9-2020-q2-update.win32_2.0.0.202105311346/tools/bin/../lib/gcc/arm-none-eabi/9.3.1/thumb/v6-m/nofp\libgcc.a(_aeabi_uldivmod.o)
                0x0000000008000404                __aeabi_uldivmod
 .text          0x0000000008000444       0x50 c:/st/stm32cubeide_1.7.0/stm32cubeide/plugins/com.st.stm32cube.ide.mcu.externaltools.gnu-tools-for-stm32.9-2020-q2-update.win32_2.0.0.202105311346/tools/bin/../lib/gcc/arm-none-eabi/9.3.1/thumb/v6-m/nofp\libgcc.a(_muldi3.o)
                0x0000000008000444                __muldi3
                0x0000000008000444                __aeabi_lmul
 .text          0x0000000008000494      0x198 c:/st/stm32cubeide_1.7.0/stm32cubeide/plugins/com.st.stm32cube.ide.mcu.externaltools.gnu-tools-for-stm32.9-2020-q2-update.win32_2.0.0.202105311346/tools/bin/../lib/gcc/arm-none-eabi/9.3.1/thumb/v6-m/nofp\libgcc.a(_udivmoddi4.o)
                0x0000000008000494                __udivmoddi4
 .text          0x000000000800062c       0x18 c:/st/stm32cubeide_1.7.0/stm32cubeide/plugins/com.st.stm32cube.ide.mcu.externaltools.gnu-tools-for-stm32.9-2020-q2-update.win32_2.0.0.202105311346/tools/bin/../lib/gcc/arm-none-eabi/9.3.1/thumb/v6-m/nofp\libgcc.a(_clzdi2.o)
                0x000000000800062c                __clzdi2
 .text          0x0000000008000644       0x3c c:/st/stm32cubeide_1.7.0/stm32cubeide/plugins/com.st.stm32cube.ide.mcu.externaltools.gnu-tools-for-stm32.9-2020-q2-update.win32_2.0.0.202105311346/tools/bin/../lib/gcc/arm-none-eabi/9.3.1/thumb/v6-m/nofp\libgcc.a(_clzsi2.o)
                0x0000000008000644                __clzsi2
 *(.text*)
 .text.HAL_UART_RxCpltCallback
                0x0000000008000680       0x38 ./App/App_Main.o
                0x0000000008000680                HAL_UART_RxCpltCallback
 .text.App_Main
                0x00000000080006b8       0x40 ./App/App_Main.o
                0x00000000080006b8                App_Main
 .text.MX_GPIO_Init
                0x00000000080006f8      0x12c ./Core/Src/gpio.o
                0x00000000080006f8                MX_GPIO_Init
 .text.main     0x0000000008000824       0x1a ./Core/Src/main.o
                0x0000000008000824                main
 *fill*         0x000000000800083e        0x2 
 .text.SystemClock_Config
                0x0000000008000840       0xe4 ./Core/Src/main.o
                0x0000000008000840                SystemClock_Config
 .text.Error_Handler
                0x0000000008000924        0xa ./Core/Src/main.o
                0x0000000008000924                Error_Handler
 *fill*         0x000000000800092e        0x2 
 .text.HAL_MspInit
                0x0000000008000930       0x28 ./Core/Src/stm32l0xx_hal_msp.o
                0x0000000008000930                HAL_MspInit
 .text.NMI_Handler
                0x0000000008000958        0x6 ./Core/Src/stm32l0xx_it.o
                0x0000000008000958                NMI_Handler
 .text.HardFault_Handler
                0x000000000800095e        0x6 ./Core/Src/stm32l0xx_it.o
                0x000000000800095e                HardFault_Handler
 .text.SVC_Handler
                0x0000000008000964        0xa ./Core/Src/stm32l0xx_it.o
                0x0000000008000964                SVC_Handler
 .text.PendSV_Handler
                0x000000000800096e        0xa ./Core/Src/stm32l0xx_it.o
                0x000000000800096e                PendSV_Handler
 .text.SysTick_Handler
                0x0000000008000978        0xe ./Core/Src/stm32l0xx_it.o
                0x0000000008000978                SysTick_Handler
 *fill*         0x0000000008000986        0x2 
 .text.USART1_IRQHandler
                0x0000000008000988       0x18 ./Core/Src/stm32l0xx_it.o
                0x0000000008000988                USART1_IRQHandler
 .text._sbrk    0x00000000080009a0       0x6c ./Core/Src/sysmem.o
                0x00000000080009a0                _sbrk
 .text.SystemInit
                0x0000000008000a0c        0xa ./Core/Src/system_stm32l0xx.o
                0x0000000008000a0c                SystemInit
 *fill*         0x0000000008000a16        0x2 
 .text.MX_USART1_UART_Init
                0x0000000008000a18       0x60 ./Core/Src/usart.o
                0x0000000008000a18                MX_USART1_UART_Init
 .text.HAL_UART_MspInit
                0x0000000008000a78       0x98 ./Core/Src/usart.o
                0x0000000008000a78                HAL_UART_MspInit
 .text.Reset_Handler
                0x0000000008000b10       0x50 ./Core/Startup/startup_stm32l071rztx.o
                0x0000000008000b10                Reset_Handler
 .text.Default_Handler
                0x0000000008000b60        0x2 ./Core/Startup/startup_stm32l071rztx.o
                0x0000000008000b60                ADC1_COMP_IRQHandler
                0x0000000008000b60                TIM6_IRQHandler
                0x0000000008000b60                PVD_IRQHandler
                0x0000000008000b60                I2C1_IRQHandler
                0x0000000008000b60                SPI1_IRQHandler
                0x0000000008000b60                EXTI2_3_IRQHandler
                0x0000000008000b60                I2C2_IRQHandler
                0x0000000008000b60                RTC_IRQHandler
                0x0000000008000b60                DMA1_Channel4_5_6_7_IRQHandler
                0x0000000008000b60                TIM3_IRQHandler
                0x0000000008000b60                EXTI4_15_IRQHandler
                0x0000000008000b60                RCC_IRQHandler
                0x0000000008000b60                DMA1_Channel1_IRQHandler
                0x0000000008000b60                USART4_5_IRQHandler
                0x0000000008000b60                Default_Handler
                0x0000000008000b60                TIM22_IRQHandler
                0x0000000008000b60                TIM7_IRQHandler
                0x0000000008000b60                EXTI0_1_IRQHandler
                0x0000000008000b60                I2C3_IRQHandler
                0x0000000008000b60                SPI2_IRQHandler
                0x0000000008000b60                TIM21_IRQHandler
                0x0000000008000b60                WWDG_IRQHandler
                0x0000000008000b60                LPUART1_IRQHandler
                0x0000000008000b60                TIM2_IRQHandler
                0x0000000008000b60                DMA1_Channel2_3_IRQHandler
                0x0000000008000b60                USART2_IRQHandler
                0x0000000008000b60                FLASH_IRQHandler
                0x0000000008000b60                LPTIM1_IRQHandler
 *fill*         0x0000000008000b62        0x2 
 .text.EC200_Config_Module
                0x0000000008000b64      0x258 ./Drivers/GSM/GSM_Data_Layer/ec200_data_layer.o
                0x0000000008000b64                EC200_Config_Module
 .text.EC200_Turn_on_Power
                0x0000000008000dbc       0xdc ./Drivers/GSM/GSM_Hardware_Layer/ec200_hw_layer.o
                0x0000000008000dbc                EC200_Turn_on_Power
 .text.EC200_CompareByteData
                0x0000000008000e98       0xea ./Drivers/GSM/GSM_Hardware_Layer/ec200_hw_layer.o
                0x0000000008000e98                EC200_CompareByteData
 *fill*         0x0000000008000f82        0x2 
 .text.EC200_SendCommand_AT
                0x0000000008000f84       0x74 ./Drivers/GSM/GSM_Hardware_Layer/ec200_hw_layer.o
                0x0000000008000f84                EC200_SendCommand_AT
 .text.EC200_WaitResponse
                0x0000000008000ff8      0x110 ./Drivers/GSM/GSM_Hardware_Layer/ec200_hw_layer.o
                0x0000000008000ff8                EC200_WaitResponse
 .text._DoInit  0x0000000008001108       0xa8 ./Drivers/RTT_Debug/SEGGER_RTT.o
 .text._WriteBlocking
                0x00000000080011b0       0xb8 ./Drivers/RTT_Debug/SEGGER_RTT.o
 .text._WriteNoCheck
                0x0000000008001268       0x8c ./Drivers/RTT_Debug/SEGGER_RTT.o
 .text._GetAvailWriteSpace
                0x00000000080012f4       0x42 ./Drivers/RTT_Debug/SEGGER_RTT.o
 *fill*         0x0000000008001336        0x2 
 .text.SEGGER_RTT_WriteNoLock
                0x0000000008001338       0xb0 ./Drivers/RTT_Debug/SEGGER_RTT.o
                0x0000000008001338                SEGGER_RTT_WriteNoLock
 .text.SEGGER_RTT_Write
                0x00000000080013e8       0x50 ./Drivers/RTT_Debug/SEGGER_RTT.o
                0x00000000080013e8                SEGGER_RTT_Write
 .text.SEGGER_RTT_WriteString
                0x0000000008001438       0x2c ./Drivers/RTT_Debug/SEGGER_RTT.o
                0x0000000008001438                SEGGER_RTT_WriteString
 .text.SEGGER_RTT_Init
                0x0000000008001464        0xe ./Drivers/RTT_Debug/SEGGER_RTT.o
                0x0000000008001464                SEGGER_RTT_Init
 .text._StoreChar
                0x0000000008001472       0x80 ./Drivers/RTT_Debug/SEGGER_RTT_printf.o
 *fill*         0x00000000080014f2        0x2 
 .text._PrintUnsigned
                0x00000000080014f4      0x168 ./Drivers/RTT_Debug/SEGGER_RTT_printf.o
 .text._PrintInt
                0x000000000800165c      0x150 ./Drivers/RTT_Debug/SEGGER_RTT_printf.o
 .text.SEGGER_RTT_vprintf
                0x00000000080017ac      0x3cc ./Drivers/RTT_Debug/SEGGER_RTT_printf.o
                0x00000000080017ac                SEGGER_RTT_vprintf
 .text.SEGGER_RTT_printf
                0x0000000008001b78       0x32 ./Drivers/RTT_Debug/SEGGER_RTT_printf.o
                0x0000000008001b78                SEGGER_RTT_printf
 .text.RingBuffer_Init
                0x0000000008001baa       0x34 ./Drivers/RingBuffer/ringbuffer.o
                0x0000000008001baa                RingBuffer_Init
 .text.RingBuffer_Push
                0x0000000008001bde       0x74 ./Drivers/RingBuffer/ringbuffer.o
                0x0000000008001bde                RingBuffer_Push
 .text.RingBuffer_Pop
                0x0000000008001c52       0x62 ./Drivers/RingBuffer/ringbuffer.o
                0x0000000008001c52                RingBuffer_Pop
 .text.RingBuffer_GetBuffer
                0x0000000008001cb4       0x72 ./Drivers/RingBuffer/ringbuffer.o
                0x0000000008001cb4                RingBuffer_GetBuffer
 .text.RingBuffer_GetNumberElements
                0x0000000008001d26       0x42 ./Drivers/RingBuffer/ringbuffer.o
                0x0000000008001d26                RingBuffer_GetNumberElements
 .text.HAL_Init
                0x0000000008001d68       0x40 ./Drivers/STM32L0xx_HAL_Driver/Src/stm32l0xx_hal.o
                0x0000000008001d68                HAL_Init
 .text.HAL_InitTick
                0x0000000008001da8       0x68 ./Drivers/STM32L0xx_HAL_Driver/Src/stm32l0xx_hal.o
                0x0000000008001da8                HAL_InitTick
 .text.HAL_IncTick
                0x0000000008001e10       0x24 ./Drivers/STM32L0xx_HAL_Driver/Src/stm32l0xx_hal.o
                0x0000000008001e10                HAL_IncTick
 .text.HAL_GetTick
                0x0000000008001e34       0x14 ./Drivers/STM32L0xx_HAL_Driver/Src/stm32l0xx_hal.o
                0x0000000008001e34                HAL_GetTick
 .text.HAL_Delay
                0x0000000008001e48       0x48 ./Drivers/STM32L0xx_HAL_Driver/Src/stm32l0xx_hal.o
                0x0000000008001e48                HAL_Delay
 .text.__NVIC_EnableIRQ
                0x0000000008001e90       0x34 ./Drivers/STM32L0xx_HAL_Driver/Src/stm32l0xx_hal_cortex.o
 .text.__NVIC_SetPriority
                0x0000000008001ec4       0xdc ./Drivers/STM32L0xx_HAL_Driver/Src/stm32l0xx_hal_cortex.o
 .text.SysTick_Config
                0x0000000008001fa0       0x48 ./Drivers/STM32L0xx_HAL_Driver/Src/stm32l0xx_hal_cortex.o
 .text.HAL_NVIC_SetPriority
                0x0000000008001fe8       0x2a ./Drivers/STM32L0xx_HAL_Driver/Src/stm32l0xx_hal_cortex.o
                0x0000000008001fe8                HAL_NVIC_SetPriority
 .text.HAL_NVIC_EnableIRQ
                0x0000000008002012       0x20 ./Drivers/STM32L0xx_HAL_Driver/Src/stm32l0xx_hal_cortex.o
                0x0000000008002012                HAL_NVIC_EnableIRQ
 .text.HAL_SYSTICK_Config
                0x0000000008002032       0x1a ./Drivers/STM32L0xx_HAL_Driver/Src/stm32l0xx_hal_cortex.o
                0x0000000008002032                HAL_SYSTICK_Config
 .text.HAL_DMA_Abort
                0x000000000800204c       0x80 ./Drivers/STM32L0xx_HAL_Driver/Src/stm32l0xx_hal_dma.o
                0x000000000800204c                HAL_DMA_Abort
 .text.HAL_DMA_Abort_IT
                0x00000000080020cc       0x8e ./Drivers/STM32L0xx_HAL_Driver/Src/stm32l0xx_hal_dma.o
                0x00000000080020cc                HAL_DMA_Abort_IT
 *fill*         0x000000000800215a        0x2 
 .text.HAL_GPIO_Init
                0x000000000800215c      0x2fc ./Drivers/STM32L0xx_HAL_Driver/Src/stm32l0xx_hal_gpio.o
                0x000000000800215c                HAL_GPIO_Init
 .text.HAL_GPIO_WritePin
                0x0000000008002458       0x3a ./Drivers/STM32L0xx_HAL_Driver/Src/stm32l0xx_hal_gpio.o
                0x0000000008002458                HAL_GPIO_WritePin
 *fill*         0x0000000008002492        0x2 
 .text.HAL_RCC_OscConfig
                0x0000000008002494      0x6f8 ./Drivers/STM32L0xx_HAL_Driver/Src/stm32l0xx_hal_rcc.o
                0x0000000008002494                HAL_RCC_OscConfig
 .text.HAL_RCC_ClockConfig
                0x0000000008002b8c      0x290 ./Drivers/STM32L0xx_HAL_Driver/Src/stm32l0xx_hal_rcc.o
                0x0000000008002b8c                HAL_RCC_ClockConfig
 .text.HAL_RCC_GetSysClockFreq
                0x0000000008002e1c      0x14c ./Drivers/STM32L0xx_HAL_Driver/Src/stm32l0xx_hal_rcc.o
                0x0000000008002e1c                HAL_RCC_GetSysClockFreq
 .text.HAL_RCC_GetHCLKFreq
                0x0000000008002f68       0x14 ./Drivers/STM32L0xx_HAL_Driver/Src/stm32l0xx_hal_rcc.o
                0x0000000008002f68                HAL_RCC_GetHCLKFreq
 .text.HAL_RCC_GetPCLK1Freq
                0x0000000008002f7c       0x2c ./Drivers/STM32L0xx_HAL_Driver/Src/stm32l0xx_hal_rcc.o
                0x0000000008002f7c                HAL_RCC_GetPCLK1Freq
 .text.HAL_RCC_GetPCLK2Freq
                0x0000000008002fa8       0x2c ./Drivers/STM32L0xx_HAL_Driver/Src/stm32l0xx_hal_rcc.o
                0x0000000008002fa8                HAL_RCC_GetPCLK2Freq
 .text.HAL_RCCEx_PeriphCLKConfig
                0x0000000008002fd4      0x28c ./Drivers/STM32L0xx_HAL_Driver/Src/stm32l0xx_hal_rcc_ex.o
                0x0000000008002fd4                HAL_RCCEx_PeriphCLKConfig
 .text.HAL_UART_Init
                0x0000000008003260       0xa8 ./Drivers/STM32L0xx_HAL_Driver/Src/stm32l0xx_hal_uart.o
                0x0000000008003260                HAL_UART_Init
 .text.HAL_UART_Transmit
                0x0000000008003308      0x150 ./Drivers/STM32L0xx_HAL_Driver/Src/stm32l0xx_hal_uart.o
                0x0000000008003308                HAL_UART_Transmit
 .text.HAL_UART_Receive_IT
                0x0000000008003458       0xd0 ./Drivers/STM32L0xx_HAL_Driver/Src/stm32l0xx_hal_uart.o
                0x0000000008003458                HAL_UART_Receive_IT
 .text.HAL_UART_IRQHandler
                0x0000000008003528      0x5b4 ./Drivers/STM32L0xx_HAL_Driver/Src/stm32l0xx_hal_uart.o
                0x0000000008003528                HAL_UART_IRQHandler
 .text.HAL_UART_TxCpltCallback
                0x0000000008003adc       0x10 ./Drivers/STM32L0xx_HAL_Driver/Src/stm32l0xx_hal_uart.o
                0x0000000008003adc                HAL_UART_TxCpltCallback
 .text.HAL_UART_ErrorCallback
                0x0000000008003aec       0x10 ./Drivers/STM32L0xx_HAL_Driver/Src/stm32l0xx_hal_uart.o
                0x0000000008003aec                HAL_UART_ErrorCallback
 .text.HAL_UARTEx_RxEventCallback
                0x0000000008003afc       0x16 ./Drivers/STM32L0xx_HAL_Driver/Src/stm32l0xx_hal_uart.o
                0x0000000008003afc                HAL_UARTEx_RxEventCallback
 *fill*         0x0000000008003b12        0x2 
 .text.UART_SetConfig
                0x0000000008003b14      0x57c ./Drivers/STM32L0xx_HAL_Driver/Src/stm32l0xx_hal_uart.o
                0x0000000008003b14                UART_SetConfig
 .text.UART_AdvFeatureConfig
                0x0000000008004090      0x168 ./Drivers/STM32L0xx_HAL_Driver/Src/stm32l0xx_hal_uart.o
                0x0000000008004090                UART_AdvFeatureConfig
 .text.UART_CheckIdleState
                0x00000000080041f8       0x90 ./Drivers/STM32L0xx_HAL_Driver/Src/stm32l0xx_hal_uart.o
                0x00000000080041f8                UART_CheckIdleState
 .text.UART_WaitOnFlagUntilTimeout
                0x0000000008004288      0x188 ./Drivers/STM32L0xx_HAL_Driver/Src/stm32l0xx_hal_uart.o
                0x0000000008004288                UART_WaitOnFlagUntilTimeout
 .text.UART_Start_Receive_IT
                0x0000000008004410      0x160 ./Drivers/STM32L0xx_HAL_Driver/Src/stm32l0xx_hal_uart.o
                0x0000000008004410                UART_Start_Receive_IT
 .text.UART_EndRxTransfer
                0x0000000008004570       0xc4 ./Drivers/STM32L0xx_HAL_Driver/Src/stm32l0xx_hal_uart.o
 .text.UART_DMAAbortOnError
                0x0000000008004634       0x2e ./Drivers/STM32L0xx_HAL_Driver/Src/stm32l0xx_hal_uart.o
 .text.UART_EndTransmit_IT
                0x0000000008004662       0x56 ./Drivers/STM32L0xx_HAL_Driver/Src/stm32l0xx_hal_uart.o
 .text.UART_RxISR_8BIT
                0x00000000080046b8      0x168 ./Drivers/STM32L0xx_HAL_Driver/Src/stm32l0xx_hal_uart.o
 .text.UART_RxISR_16BIT
                0x0000000008004820      0x168 ./Drivers/STM32L0xx_HAL_Driver/Src/stm32l0xx_hal_uart.o
 .text.HAL_UARTEx_WakeupCallback
                0x0000000008004988       0x10 ./Drivers/STM32L0xx_HAL_Driver/Src/stm32l0xx_hal_uart_ex.o
                0x0000000008004988                HAL_UARTEx_WakeupCallback
 .text.__errno  0x0000000008004998        0xc c:/st/stm32cubeide_1.7.0/stm32cubeide/plugins/com.st.stm32cube.ide.mcu.externaltools.gnu-tools-for-stm32.9-2020-q2-update.win32_2.0.0.202105311346/tools/bin/../lib/gcc/arm-none-eabi/9.3.1/../../../../arm-none-eabi/lib/thumb/v6-m/nofp\libc_nano.a(lib_a-errno.o)
                0x0000000008004998                __errno
 .text.__libc_init_array
                0x00000000080049a4       0x48 c:/st/stm32cubeide_1.7.0/stm32cubeide/plugins/com.st.stm32cube.ide.mcu.externaltools.gnu-tools-for-stm32.9-2020-q2-update.win32_2.0.0.202105311346/tools/bin/../lib/gcc/arm-none-eabi/9.3.1/../../../../arm-none-eabi/lib/thumb/v6-m/nofp\libc_nano.a(lib_a-init.o)
                0x00000000080049a4                __libc_init_array
 .text.malloc   0x00000000080049ec       0x14 c:/st/stm32cubeide_1.7.0/stm32cubeide/plugins/com.st.stm32cube.ide.mcu.externaltools.gnu-tools-for-stm32.9-2020-q2-update.win32_2.0.0.202105311346/tools/bin/../lib/gcc/arm-none-eabi/9.3.1/../../../../arm-none-eabi/lib/thumb/v6-m/nofp\libc_nano.a(lib_a-malloc.o)
                0x00000000080049ec                malloc
 .text.memcpy   0x0000000008004a00       0x12 c:/st/stm32cubeide_1.7.0/stm32cubeide/plugins/com.st.stm32cube.ide.mcu.externaltools.gnu-tools-for-stm32.9-2020-q2-update.win32_2.0.0.202105311346/tools/bin/../lib/gcc/arm-none-eabi/9.3.1/../../../../arm-none-eabi/lib/thumb/v6-m/nofp\libc_nano.a(lib_a-memcpy-stub.o)
                0x0000000008004a00                memcpy
 .text.memset   0x0000000008004a12       0x10 c:/st/stm32cubeide_1.7.0/stm32cubeide/plugins/com.st.stm32cube.ide.mcu.externaltools.gnu-tools-for-stm32.9-2020-q2-update.win32_2.0.0.202105311346/tools/bin/../lib/gcc/arm-none-eabi/9.3.1/../../../../arm-none-eabi/lib/thumb/v6-m/nofp\libc_nano.a(lib_a-memset.o)
                0x0000000008004a12                memset
 *fill*         0x0000000008004a22        0x2 
 .text._malloc_r
                0x0000000008004a24       0xbc c:/st/stm32cubeide_1.7.0/stm32cubeide/plugins/com.st.stm32cube.ide.mcu.externaltools.gnu-tools-for-stm32.9-2020-q2-update.win32_2.0.0.202105311346/tools/bin/../lib/gcc/arm-none-eabi/9.3.1/../../../../arm-none-eabi/lib/thumb/v6-m/nofp\libc_nano.a(lib_a-nano-mallocr.o)
                0x0000000008004a24                _malloc_r
 .text._sbrk_r  0x0000000008004ae0       0x24 c:/st/stm32cubeide_1.7.0/stm32cubeide/plugins/com.st.stm32cube.ide.mcu.externaltools.gnu-tools-for-stm32.9-2020-q2-update.win32_2.0.0.202105311346/tools/bin/../lib/gcc/arm-none-eabi/9.3.1/../../../../arm-none-eabi/lib/thumb/v6-m/nofp\libc_nano.a(lib_a-sbrkr.o)
                0x0000000008004ae0                _sbrk_r
 .text.__malloc_lock
                0x0000000008004b04       0x10 c:/st/stm32cubeide_1.7.0/stm32cubeide/plugins/com.st.stm32cube.ide.mcu.externaltools.gnu-tools-for-stm32.9-2020-q2-update.win32_2.0.0.202105311346/tools/bin/../lib/gcc/arm-none-eabi/9.3.1/../../../../arm-none-eabi/lib/thumb/v6-m/nofp\libc_nano.a(lib_a-mlock.o)
                0x0000000008004b04                __malloc_lock
 .text.__malloc_unlock
                0x0000000008004b14       0x10 c:/st/stm32cubeide_1.7.0/stm32cubeide/plugins/com.st.stm32cube.ide.mcu.externaltools.gnu-tools-for-stm32.9-2020-q2-update.win32_2.0.0.202105311346/tools/bin/../lib/gcc/arm-none-eabi/9.3.1/../../../../arm-none-eabi/lib/thumb/v6-m/nofp\libc_nano.a(lib_a-mlock.o)
                0x0000000008004b14                __malloc_unlock
 .text.__retarget_lock_acquire_recursive
                0x0000000008004b24        0x2 c:/st/stm32cubeide_1.7.0/stm32cubeide/plugins/com.st.stm32cube.ide.mcu.externaltools.gnu-tools-for-stm32.9-2020-q2-update.win32_2.0.0.202105311346/tools/bin/../lib/gcc/arm-none-eabi/9.3.1/../../../../arm-none-eabi/lib/thumb/v6-m/nofp\libc_nano.a(lib_a-lock.o)
                0x0000000008004b24                __retarget_lock_acquire_recursive
 .text.__retarget_lock_release_recursive
                0x0000000008004b26        0x2 c:/st/stm32cubeide_1.7.0/stm32cubeide/plugins/com.st.stm32cube.ide.mcu.externaltools.gnu-tools-for-stm32.9-2020-q2-update.win32_2.0.0.202105311346/tools/bin/../lib/gcc/arm-none-eabi/9.3.1/../../../../arm-none-eabi/lib/thumb/v6-m/nofp\libc_nano.a(lib_a-lock.o)
                0x0000000008004b26                __retarget_lock_release_recursive
 *(.glue_7)
 .glue_7        0x0000000008004b28        0x0 linker stubs
 *(.glue_7t)
 .glue_7t       0x0000000008004b28        0x0 linker stubs
 *(.eh_frame)
 .eh_frame      0x0000000008004b28        0x0 c:/st/stm32cubeide_1.7.0/stm32cubeide/plugins/com.st.stm32cube.ide.mcu.externaltools.gnu-tools-for-stm32.9-2020-q2-update.win32_2.0.0.202105311346/tools/bin/../lib/gcc/arm-none-eabi/9.3.1/thumb/v6-m/nofp/crtbegin.o
 *(.init)
 .init          0x0000000008004b28        0x4 c:/st/stm32cubeide_1.7.0/stm32cubeide/plugins/com.st.stm32cube.ide.mcu.externaltools.gnu-tools-for-stm32.9-2020-q2-update.win32_2.0.0.202105311346/tools/bin/../lib/gcc/arm-none-eabi/9.3.1/thumb/v6-m/nofp/crti.o
                0x0000000008004b28                _init
 .init          0x0000000008004b2c        0x8 c:/st/stm32cubeide_1.7.0/stm32cubeide/plugins/com.st.stm32cube.ide.mcu.externaltools.gnu-tools-for-stm32.9-2020-q2-update.win32_2.0.0.202105311346/tools/bin/../lib/gcc/arm-none-eabi/9.3.1/thumb/v6-m/nofp/crtn.o
 *(.fini)
 .fini          0x0000000008004b34        0x4 c:/st/stm32cubeide_1.7.0/stm32cubeide/plugins/com.st.stm32cube.ide.mcu.externaltools.gnu-tools-for-stm32.9-2020-q2-update.win32_2.0.0.202105311346/tools/bin/../lib/gcc/arm-none-eabi/9.3.1/thumb/v6-m/nofp/crti.o
                0x0000000008004b34                _fini
 .fini          0x0000000008004b38        0x8 c:/st/stm32cubeide_1.7.0/stm32cubeide/plugins/com.st.stm32cube.ide.mcu.externaltools.gnu-tools-for-stm32.9-2020-q2-update.win32_2.0.0.202105311346/tools/bin/../lib/gcc/arm-none-eabi/9.3.1/thumb/v6-m/nofp/crtn.o
                0x0000000008004b40                . = ALIGN (0x4)
                0x0000000008004b40                _etext = .

.vfp11_veneer   0x0000000008004b40        0x0
 .vfp11_veneer  0x0000000008004b40        0x0 linker stubs

.v4_bx          0x0000000008004b40        0x0
 .v4_bx         0x0000000008004b40        0x0 linker stubs

.iplt           0x0000000008004b40        0x0
 .iplt          0x0000000008004b40        0x0 c:/st/stm32cubeide_1.7.0/stm32cubeide/plugins/com.st.stm32cube.ide.mcu.externaltools.gnu-tools-for-stm32.9-2020-q2-update.win32_2.0.0.202105311346/tools/bin/../lib/gcc/arm-none-eabi/9.3.1/thumb/v6-m/nofp/crtbegin.o

.rodata         0x0000000008004b40      0x314
                0x0000000008004b40                . = ALIGN (0x4)
 *(.rodata)
 .rodata        0x0000000008004b40      0x19b ./Drivers/GSM/GSM_Data_Layer/ec200_data_layer.o
 *fill*         0x0000000008004cdb        0x1 
 .rodata        0x0000000008004cdc       0x5f ./Drivers/GSM/GSM_Hardware_Layer/ec200_hw_layer.o
 *fill*         0x0000000008004d3b        0x1 
 .rodata        0x0000000008004d3c       0x17 ./Drivers/RTT_Debug/SEGGER_RTT.o
 *(.rodata*)
 *fill*         0x0000000008004d53        0x1 
 .rodata.AHBPrescTable
                0x0000000008004d54       0x10 ./Core/Src/system_stm32l0xx.o
                0x0000000008004d54                AHBPrescTable
 .rodata.APBPrescTable
                0x0000000008004d64        0x8 ./Core/Src/system_stm32l0xx.o
                0x0000000008004d64                APBPrescTable
 .rodata.PLLMulTable
                0x0000000008004d6c        0x9 ./Core/Src/system_stm32l0xx.o
                0x0000000008004d6c                PLLMulTable
 *fill*         0x0000000008004d75        0x3 
 .rodata.SEGGER_RTT_vprintf
                0x0000000008004d78       0x84 ./Drivers/RTT_Debug/SEGGER_RTT_printf.o
 .rodata._aV2C.4960
                0x0000000008004dfc       0x10 ./Drivers/RTT_Debug/SEGGER_RTT_printf.o
 .rodata.UART_SetConfig
                0x0000000008004e0c       0x48 ./Drivers/STM32L0xx_HAL_Driver/Src/stm32l0xx_hal_uart.o
                0x0000000008004e54                . = ALIGN (0x4)

.ARM.extab      0x0000000008004e54        0x0
                0x0000000008004e54                . = ALIGN (0x4)
 *(.ARM.extab* .gnu.linkonce.armextab.*)
                0x0000000008004e54                . = ALIGN (0x4)

.ARM            0x0000000008004e54        0x8
                0x0000000008004e54                . = ALIGN (0x4)
                0x0000000008004e54                __exidx_start = .
 *(.ARM.exidx*)
 .ARM.exidx     0x0000000008004e54        0x8 c:/st/stm32cubeide_1.7.0/stm32cubeide/plugins/com.st.stm32cube.ide.mcu.externaltools.gnu-tools-for-stm32.9-2020-q2-update.win32_2.0.0.202105311346/tools/bin/../lib/gcc/arm-none-eabi/9.3.1/thumb/v6-m/nofp\libgcc.a(_udivmoddi4.o)
                0x0000000008004e5c                __exidx_end = .
                0x0000000008004e5c                . = ALIGN (0x4)

.rel.dyn        0x0000000008004e5c        0x0
 .rel.iplt      0x0000000008004e5c        0x0 c:/st/stm32cubeide_1.7.0/stm32cubeide/plugins/com.st.stm32cube.ide.mcu.externaltools.gnu-tools-for-stm32.9-2020-q2-update.win32_2.0.0.202105311346/tools/bin/../lib/gcc/arm-none-eabi/9.3.1/thumb/v6-m/nofp/crtbegin.o

.preinit_array  0x0000000008004e5c        0x0
                0x0000000008004e5c                . = ALIGN (0x4)
                0x0000000008004e5c                PROVIDE (__preinit_array_start = .)
 *(.preinit_array*)
                0x0000000008004e5c                PROVIDE (__preinit_array_end = .)
                0x0000000008004e5c                . = ALIGN (0x4)

.init_array     0x0000000008004e5c        0x4
                0x0000000008004e5c                . = ALIGN (0x4)
                0x0000000008004e5c                PROVIDE (__init_array_start = .)
 *(SORT_BY_NAME(.init_array.*))
 *(.init_array*)
 .init_array    0x0000000008004e5c        0x4 c:/st/stm32cubeide_1.7.0/stm32cubeide/plugins/com.st.stm32cube.ide.mcu.externaltools.gnu-tools-for-stm32.9-2020-q2-update.win32_2.0.0.202105311346/tools/bin/../lib/gcc/arm-none-eabi/9.3.1/thumb/v6-m/nofp/crtbegin.o
                0x0000000008004e60                PROVIDE (__init_array_end = .)
                0x0000000008004e60                . = ALIGN (0x4)

.fini_array     0x0000000008004e60        0x4
                0x0000000008004e60                . = ALIGN (0x4)
                [!provide]                        PROVIDE (__fini_array_start = .)
 *(SORT_BY_NAME(.fini_array.*))
 *(.fini_array*)
 .fini_array    0x0000000008004e60        0x4 c:/st/stm32cubeide_1.7.0/stm32cubeide/plugins/com.st.stm32cube.ide.mcu.externaltools.gnu-tools-for-stm32.9-2020-q2-update.win32_2.0.0.202105311346/tools/bin/../lib/gcc/arm-none-eabi/9.3.1/thumb/v6-m/nofp/crtbegin.o
                [!provide]                        PROVIDE (__fini_array_end = .)
                0x0000000008004e64                . = ALIGN (0x4)
                0x0000000008004e64                _sidata = LOADADDR (.data)

.data           0x0000000020000000       0x70 load address 0x0000000008004e64
                0x0000000020000000                . = ALIGN (0x4)
                0x0000000020000000                _sdata = .
 *(.data)
 *(.data*)
 .data.SystemCoreClock
                0x0000000020000000        0x4 ./Core/Src/system_stm32l0xx.o
                0x0000000020000000                SystemCoreClock
 .data.uwTickPrio
                0x0000000020000004        0x4 ./Drivers/STM32L0xx_HAL_Driver/Src/stm32l0xx_hal.o
                0x0000000020000004                uwTickPrio
 .data.uwTickFreq
                0x0000000020000008        0x1 ./Drivers/STM32L0xx_HAL_Driver/Src/stm32l0xx_hal.o
                0x0000000020000008                uwTickFreq
 *fill*         0x0000000020000009        0x3 
 .data._impure_ptr
                0x000000002000000c        0x4 c:/st/stm32cubeide_1.7.0/stm32cubeide/plugins/com.st.stm32cube.ide.mcu.externaltools.gnu-tools-for-stm32.9-2020-q2-update.win32_2.0.0.202105311346/tools/bin/../lib/gcc/arm-none-eabi/9.3.1/../../../../arm-none-eabi/lib/thumb/v6-m/nofp\libc_nano.a(lib_a-impure.o)
                0x000000002000000c                _impure_ptr
 .data.impure_data
                0x0000000020000010       0x60 c:/st/stm32cubeide_1.7.0/stm32cubeide/plugins/com.st.stm32cube.ide.mcu.externaltools.gnu-tools-for-stm32.9-2020-q2-update.win32_2.0.0.202105311346/tools/bin/../lib/gcc/arm-none-eabi/9.3.1/../../../../arm-none-eabi/lib/thumb/v6-m/nofp\libc_nano.a(lib_a-impure.o)
 *(.RamFunc)
 *(.RamFunc*)
                0x0000000020000070                . = ALIGN (0x4)
                0x0000000020000070                _edata = .

.igot.plt       0x0000000020000070        0x0 load address 0x0000000008004ed4
 .igot.plt      0x0000000020000070        0x0 c:/st/stm32cubeide_1.7.0/stm32cubeide/plugins/com.st.stm32cube.ide.mcu.externaltools.gnu-tools-for-stm32.9-2020-q2-update.win32_2.0.0.202105311346/tools/bin/../lib/gcc/arm-none-eabi/9.3.1/thumb/v6-m/nofp/crtbegin.o
                0x0000000020000070                . = ALIGN (0x4)

.bss            0x0000000020000070      0x2c4 load address 0x0000000008004ed4
                0x0000000020000070                _sbss = .
                0x0000000020000070                __bss_start__ = _sbss
 *(.bss)
 .bss           0x0000000020000070       0x1c c:/st/stm32cubeide_1.7.0/stm32cubeide/plugins/com.st.stm32cube.ide.mcu.externaltools.gnu-tools-for-stm32.9-2020-q2-update.win32_2.0.0.202105311346/tools/bin/../lib/gcc/arm-none-eabi/9.3.1/thumb/v6-m/nofp/crtbegin.o
 *(.bss*)
 .bss.data      0x000000002000008c        0x1 ./App/App_Main.o
                0x000000002000008c                data
 *fill*         0x000000002000008d        0x3 
 .bss.__sbrk_heap_end
                0x0000000020000090        0x4 ./Core/Src/sysmem.o
 .bss._acUpBuffer
                0x0000000020000094      0x100 ./Drivers/RTT_Debug/SEGGER_RTT.o
 .bss._acDownBuffer
                0x0000000020000194       0x40 ./Drivers/RTT_Debug/SEGGER_RTT.o
 .bss.__malloc_free_list
                0x00000000200001d4        0x4 c:/st/stm32cubeide_1.7.0/stm32cubeide/plugins/com.st.stm32cube.ide.mcu.externaltools.gnu-tools-for-stm32.9-2020-q2-update.win32_2.0.0.202105311346/tools/bin/../lib/gcc/arm-none-eabi/9.3.1/../../../../arm-none-eabi/lib/thumb/v6-m/nofp\libc_nano.a(lib_a-nano-mallocr.o)
                0x00000000200001d4                __malloc_free_list
 .bss.__malloc_sbrk_start
                0x00000000200001d8        0x4 c:/st/stm32cubeide_1.7.0/stm32cubeide/plugins/com.st.stm32cube.ide.mcu.externaltools.gnu-tools-for-stm32.9-2020-q2-update.win32_2.0.0.202105311346/tools/bin/../lib/gcc/arm-none-eabi/9.3.1/../../../../arm-none-eabi/lib/thumb/v6-m/nofp\libc_nano.a(lib_a-nano-mallocr.o)
                0x00000000200001d8                __malloc_sbrk_start
 *(COMMON)
 COMMON         0x00000000200001dc       0x84 ./Core/Src/usart.o
                0x00000000200001dc                huart1
 COMMON         0x0000000020000260       0x78 ./Drivers/GSM/GSM_Hardware_Layer/ec200_hw_layer.o
                0x0000000020000260                m_rx_buff
                0x00000000200002c8                Rx_Buffer
 COMMON         0x00000000200002d8       0x48 ./Drivers/RTT_Debug/SEGGER_RTT.o
                0x00000000200002d8                _SEGGER_RTT
 COMMON         0x0000000020000320        0x4 ./Drivers/STM32L0xx_HAL_Driver/Src/stm32l0xx_hal.o
                0x0000000020000320                uwTick
 COMMON         0x0000000020000324        0x4 c:/st/stm32cubeide_1.7.0/stm32cubeide/plugins/com.st.stm32cube.ide.mcu.externaltools.gnu-tools-for-stm32.9-2020-q2-update.win32_2.0.0.202105311346/tools/bin/../lib/gcc/arm-none-eabi/9.3.1/../../../../arm-none-eabi/lib/thumb/v6-m/nofp\libc_nano.a(lib_a-reent.o)
                0x0000000020000324                errno
 COMMON         0x0000000020000328        0x9 c:/st/stm32cubeide_1.7.0/stm32cubeide/plugins/com.st.stm32cube.ide.mcu.externaltools.gnu-tools-for-stm32.9-2020-q2-update.win32_2.0.0.202105311346/tools/bin/../lib/gcc/arm-none-eabi/9.3.1/../../../../arm-none-eabi/lib/thumb/v6-m/nofp\libc_nano.a(lib_a-lock.o)
                0x0000000020000328                __lock___atexit_recursive_mutex
                0x0000000020000329                __lock___arc4random_mutex
                0x000000002000032a                __lock___env_recursive_mutex
                0x000000002000032b                __lock___sinit_recursive_mutex
                0x000000002000032c                __lock___malloc_recursive_mutex
                0x000000002000032d                __lock___at_quick_exit_mutex
                0x000000002000032e                __lock___dd_hash_mutex
                0x000000002000032f                __lock___tz_mutex
                0x0000000020000330                __lock___sfp_recursive_mutex
                0x0000000020000334                . = ALIGN (0x4)
 *fill*         0x0000000020000331        0x3 
                0x0000000020000334                _ebss = .
                0x0000000020000334                __bss_end__ = _ebss

._user_heap_stack
                0x0000000020000334      0x604 load address 0x0000000008004ed4
                0x0000000020000338                . = ALIGN (0x8)
 *fill*         0x0000000020000334        0x4 
                [!provide]                        PROVIDE (end = .)
                0x0000000020000338                PROVIDE (_end = .)
                0x0000000020000538                . = (. + _Min_Heap_Size)
 *fill*         0x0000000020000338      0x200 
                0x0000000020000938                . = (. + _Min_Stack_Size)
 *fill*         0x0000000020000538      0x400 
                0x0000000020000938                . = ALIGN (0x8)

/DISCARD/
 libc.a(*)
 libm.a(*)
 libgcc.a(*)

.ARM.attributes
                0x0000000000000000       0x28
 *(.ARM.attributes)
 .ARM.attributes
                0x0000000000000000       0x1e c:/st/stm32cubeide_1.7.0/stm32cubeide/plugins/com.st.stm32cube.ide.mcu.externaltools.gnu-tools-for-stm32.9-2020-q2-update.win32_2.0.0.202105311346/tools/bin/../lib/gcc/arm-none-eabi/9.3.1/thumb/v6-m/nofp/crti.o
 .ARM.attributes
                0x000000000000001e       0x2c c:/st/stm32cubeide_1.7.0/stm32cubeide/plugins/com.st.stm32cube.ide.mcu.externaltools.gnu-tools-for-stm32.9-2020-q2-update.win32_2.0.0.202105311346/tools/bin/../lib/gcc/arm-none-eabi/9.3.1/thumb/v6-m/nofp/crtbegin.o
 .ARM.attributes
                0x000000000000004a       0x2c ./App/App_Main.o
 .ARM.attributes
                0x0000000000000076       0x2c ./Core/Src/gpio.o
 .ARM.attributes
                0x00000000000000a2       0x2c ./Core/Src/main.o
 .ARM.attributes
                0x00000000000000ce       0x2c ./Core/Src/stm32l0xx_hal_msp.o
 .ARM.attributes
                0x00000000000000fa       0x2c ./Core/Src/stm32l0xx_it.o
 .ARM.attributes
                0x0000000000000126       0x2c ./Core/Src/sysmem.o
 .ARM.attributes
                0x0000000000000152       0x2c ./Core/Src/system_stm32l0xx.o
 .ARM.attributes
                0x000000000000017e       0x2c ./Core/Src/usart.o
 .ARM.attributes
                0x00000000000001aa       0x22 ./Core/Startup/startup_stm32l071rztx.o
 .ARM.attributes
                0x00000000000001cc       0x2c ./Drivers/GSM/GSM_Data_Layer/ec200_data_layer.o
 .ARM.attributes
                0x00000000000001f8       0x2c ./Drivers/GSM/GSM_Hardware_Layer/ec200_hw_layer.o
 .ARM.attributes
                0x0000000000000224       0x2c ./Drivers/RTT_Debug/SEGGER_RTT.o
 .ARM.attributes
                0x0000000000000250       0x2c ./Drivers/RTT_Debug/SEGGER_RTT_printf.o
 .ARM.attributes
                0x000000000000027c       0x2c ./Drivers/RingBuffer/ringbuffer.o
 .ARM.attributes
                0x00000000000002a8       0x2c ./Drivers/STM32L0xx_HAL_Driver/Src/stm32l0xx_hal.o
 .ARM.attributes
                0x00000000000002d4       0x2c ./Drivers/STM32L0xx_HAL_Driver/Src/stm32l0xx_hal_cortex.o
 .ARM.attributes
                0x0000000000000300       0x2c ./Drivers/STM32L0xx_HAL_Driver/Src/stm32l0xx_hal_dma.o
 .ARM.attributes
                0x000000000000032c       0x2c ./Drivers/STM32L0xx_HAL_Driver/Src/stm32l0xx_hal_gpio.o
 .ARM.attributes
                0x0000000000000358       0x2c ./Drivers/STM32L0xx_HAL_Driver/Src/stm32l0xx_hal_rcc.o
 .ARM.attributes
                0x0000000000000384       0x2c ./Drivers/STM32L0xx_HAL_Driver/Src/stm32l0xx_hal_rcc_ex.o
 .ARM.attributes
                0x00000000000003b0       0x2c ./Drivers/STM32L0xx_HAL_Driver/Src/stm32l0xx_hal_uart.o
 .ARM.attributes
                0x00000000000003dc       0x2c ./Drivers/STM32L0xx_HAL_Driver/Src/stm32l0xx_hal_uart_ex.o
 .ARM.attributes
                0x0000000000000408       0x2c c:/st/stm32cubeide_1.7.0/stm32cubeide/plugins/com.st.stm32cube.ide.mcu.externaltools.gnu-tools-for-stm32.9-2020-q2-update.win32_2.0.0.202105311346/tools/bin/../lib/gcc/arm-none-eabi/9.3.1/../../../../arm-none-eabi/lib/thumb/v6-m/nofp\libc_nano.a(lib_a-errno.o)
 .ARM.attributes
                0x0000000000000434       0x2c c:/st/stm32cubeide_1.7.0/stm32cubeide/plugins/com.st.stm32cube.ide.mcu.externaltools.gnu-tools-for-stm32.9-2020-q2-update.win32_2.0.0.202105311346/tools/bin/../lib/gcc/arm-none-eabi/9.3.1/../../../../arm-none-eabi/lib/thumb/v6-m/nofp\libc_nano.a(lib_a-impure.o)
 .ARM.attributes
                0x0000000000000460       0x2c c:/st/stm32cubeide_1.7.0/stm32cubeide/plugins/com.st.stm32cube.ide.mcu.externaltools.gnu-tools-for-stm32.9-2020-q2-update.win32_2.0.0.202105311346/tools/bin/../lib/gcc/arm-none-eabi/9.3.1/../../../../arm-none-eabi/lib/thumb/v6-m/nofp\libc_nano.a(lib_a-init.o)
 .ARM.attributes
                0x000000000000048c       0x2c c:/st/stm32cubeide_1.7.0/stm32cubeide/plugins/com.st.stm32cube.ide.mcu.externaltools.gnu-tools-for-stm32.9-2020-q2-update.win32_2.0.0.202105311346/tools/bin/../lib/gcc/arm-none-eabi/9.3.1/../../../../arm-none-eabi/lib/thumb/v6-m/nofp\libc_nano.a(lib_a-malloc.o)
 .ARM.attributes
                0x00000000000004b8       0x2c c:/st/stm32cubeide_1.7.0/stm32cubeide/plugins/com.st.stm32cube.ide.mcu.externaltools.gnu-tools-for-stm32.9-2020-q2-update.win32_2.0.0.202105311346/tools/bin/../lib/gcc/arm-none-eabi/9.3.1/../../../../arm-none-eabi/lib/thumb/v6-m/nofp\libc_nano.a(lib_a-memcpy-stub.o)
 .ARM.attributes
                0x00000000000004e4       0x2c c:/st/stm32cubeide_1.7.0/stm32cubeide/plugins/com.st.stm32cube.ide.mcu.externaltools.gnu-tools-for-stm32.9-2020-q2-update.win32_2.0.0.202105311346/tools/bin/../lib/gcc/arm-none-eabi/9.3.1/../../../../arm-none-eabi/lib/thumb/v6-m/nofp\libc_nano.a(lib_a-memset.o)
 .ARM.attributes
                0x0000000000000510       0x2c c:/st/stm32cubeide_1.7.0/stm32cubeide/plugins/com.st.stm32cube.ide.mcu.externaltools.gnu-tools-for-stm32.9-2020-q2-update.win32_2.0.0.202105311346/tools/bin/../lib/gcc/arm-none-eabi/9.3.1/../../../../arm-none-eabi/lib/thumb/v6-m/nofp\libc_nano.a(lib_a-nano-mallocr.o)
 .ARM.attributes
                0x000000000000053c       0x2c c:/st/stm32cubeide_1.7.0/stm32cubeide/plugins/com.st.stm32cube.ide.mcu.externaltools.gnu-tools-for-stm32.9-2020-q2-update.win32_2.0.0.202105311346/tools/bin/../lib/gcc/arm-none-eabi/9.3.1/../../../../arm-none-eabi/lib/thumb/v6-m/nofp\libc_nano.a(lib_a-sbrkr.o)
 .ARM.attributes
                0x0000000000000568       0x1c c:/st/stm32cubeide_1.7.0/stm32cubeide/plugins/com.st.stm32cube.ide.mcu.externaltools.gnu-tools-for-stm32.9-2020-q2-update.win32_2.0.0.202105311346/tools/bin/../lib/gcc/arm-none-eabi/9.3.1/../../../../arm-none-eabi/lib/thumb/v6-m/nofp\libc_nano.a(lib_a-strlen.o)
 .ARM.attributes
                0x0000000000000584       0x2c c:/st/stm32cubeide_1.7.0/stm32cubeide/plugins/com.st.stm32cube.ide.mcu.externaltools.gnu-tools-for-stm32.9-2020-q2-update.win32_2.0.0.202105311346/tools/bin/../lib/gcc/arm-none-eabi/9.3.1/../../../../arm-none-eabi/lib/thumb/v6-m/nofp\libc_nano.a(lib_a-mlock.o)
 .ARM.attributes
                0x00000000000005b0       0x2c c:/st/stm32cubeide_1.7.0/stm32cubeide/plugins/com.st.stm32cube.ide.mcu.externaltools.gnu-tools-for-stm32.9-2020-q2-update.win32_2.0.0.202105311346/tools/bin/../lib/gcc/arm-none-eabi/9.3.1/../../../../arm-none-eabi/lib/thumb/v6-m/nofp\libc_nano.a(lib_a-reent.o)
 .ARM.attributes
                0x00000000000005dc       0x2c c:/st/stm32cubeide_1.7.0/stm32cubeide/plugins/com.st.stm32cube.ide.mcu.externaltools.gnu-tools-for-stm32.9-2020-q2-update.win32_2.0.0.202105311346/tools/bin/../lib/gcc/arm-none-eabi/9.3.1/../../../../arm-none-eabi/lib/thumb/v6-m/nofp\libc_nano.a(lib_a-lock.o)
 .ARM.attributes
                0x0000000000000608       0x1e c:/st/stm32cubeide_1.7.0/stm32cubeide/plugins/com.st.stm32cube.ide.mcu.externaltools.gnu-tools-for-stm32.9-2020-q2-update.win32_2.0.0.202105311346/tools/bin/../lib/gcc/arm-none-eabi/9.3.1/thumb/v6-m/nofp\libgcc.a(_udivsi3.o)
 .ARM.attributes
                0x0000000000000626       0x1e c:/st/stm32cubeide_1.7.0/stm32cubeide/plugins/com.st.stm32cube.ide.mcu.externaltools.gnu-tools-for-stm32.9-2020-q2-update.win32_2.0.0.202105311346/tools/bin/../lib/gcc/arm-none-eabi/9.3.1/thumb/v6-m/nofp\libgcc.a(_divsi3.o)
 .ARM.attributes
                0x0000000000000644       0x1e c:/st/stm32cubeide_1.7.0/stm32cubeide/plugins/com.st.stm32cube.ide.mcu.externaltools.gnu-tools-for-stm32.9-2020-q2-update.win32_2.0.0.202105311346/tools/bin/../lib/gcc/arm-none-eabi/9.3.1/thumb/v6-m/nofp\libgcc.a(_dvmd_tls.o)
 .ARM.attributes
                0x0000000000000662       0x1e c:/st/stm32cubeide_1.7.0/stm32cubeide/plugins/com.st.stm32cube.ide.mcu.externaltools.gnu-tools-for-stm32.9-2020-q2-update.win32_2.0.0.202105311346/tools/bin/../lib/gcc/arm-none-eabi/9.3.1/thumb/v6-m/nofp\libgcc.a(_aeabi_uldivmod.o)
 .ARM.attributes
                0x0000000000000680       0x2c c:/st/stm32cubeide_1.7.0/stm32cubeide/plugins/com.st.stm32cube.ide.mcu.externaltools.gnu-tools-for-stm32.9-2020-q2-update.win32_2.0.0.202105311346/tools/bin/../lib/gcc/arm-none-eabi/9.3.1/thumb/v6-m/nofp\libgcc.a(_muldi3.o)
 .ARM.attributes
                0x00000000000006ac       0x2c c:/st/stm32cubeide_1.7.0/stm32cubeide/plugins/com.st.stm32cube.ide.mcu.externaltools.gnu-tools-for-stm32.9-2020-q2-update.win32_2.0.0.202105311346/tools/bin/../lib/gcc/arm-none-eabi/9.3.1/thumb/v6-m/nofp\libgcc.a(_udivmoddi4.o)
 .ARM.attributes
                0x00000000000006d8       0x1e c:/st/stm32cubeide_1.7.0/stm32cubeide/plugins/com.st.stm32cube.ide.mcu.externaltools.gnu-tools-for-stm32.9-2020-q2-update.win32_2.0.0.202105311346/tools/bin/../lib/gcc/arm-none-eabi/9.3.1/thumb/v6-m/nofp\libgcc.a(_clzdi2.o)
 .ARM.attributes
                0x00000000000006f6       0x1e c:/st/stm32cubeide_1.7.0/stm32cubeide/plugins/com.st.stm32cube.ide.mcu.externaltools.gnu-tools-for-stm32.9-2020-q2-update.win32_2.0.0.202105311346/tools/bin/../lib/gcc/arm-none-eabi/9.3.1/thumb/v6-m/nofp\libgcc.a(_clzsi2.o)
 .ARM.attributes
                0x0000000000000714       0x1e c:/st/stm32cubeide_1.7.0/stm32cubeide/plugins/com.st.stm32cube.ide.mcu.externaltools.gnu-tools-for-stm32.9-2020-q2-update.win32_2.0.0.202105311346/tools/bin/../lib/gcc/arm-none-eabi/9.3.1/thumb/v6-m/nofp/crtn.o
OUTPUT(Hung_DTG01.elf elf32-littlearm)
LOAD linker stubs
LOAD c:/st/stm32cubeide_1.7.0/stm32cubeide/plugins/com.st.stm32cube.ide.mcu.externaltools.gnu-tools-for-stm32.9-2020-q2-update.win32_2.0.0.202105311346/tools/bin/../lib/gcc/arm-none-eabi/9.3.1/../../../../arm-none-eabi/lib/thumb/v6-m/nofp\libc.a
LOAD c:/st/stm32cubeide_1.7.0/stm32cubeide/plugins/com.st.stm32cube.ide.mcu.externaltools.gnu-tools-for-stm32.9-2020-q2-update.win32_2.0.0.202105311346/tools/bin/../lib/gcc/arm-none-eabi/9.3.1/../../../../arm-none-eabi/lib/thumb/v6-m/nofp\libm.a
LOAD c:/st/stm32cubeide_1.7.0/stm32cubeide/plugins/com.st.stm32cube.ide.mcu.externaltools.gnu-tools-for-stm32.9-2020-q2-update.win32_2.0.0.202105311346/tools/bin/../lib/gcc/arm-none-eabi/9.3.1/thumb/v6-m/nofp\libgcc.a

.debug_info     0x0000000000000000    0x12224
 .debug_info    0x0000000000000000     0x126e ./App/App_Main.o
 .debug_info    0x000000000000126e      0x474 ./Core/Src/gpio.o
 .debug_info    0x00000000000016e2     0x13b8 ./Core/Src/main.o
 .debug_info    0x0000000000002a9a      0x2c9 ./Core/Src/stm32l0xx_hal_msp.o
 .debug_info    0x0000000000002d63      0x766 ./Core/Src/stm32l0xx_it.o
 .debug_info    0x00000000000034c9      0xa25 ./Core/Src/sysmem.o
 .debug_info    0x0000000000003eee      0x363 ./Core/Src/system_stm32l0xx.o
 .debug_info    0x0000000000004251      0xadd ./Core/Src/usart.o
 .debug_info    0x0000000000004d2e       0x22 ./Core/Startup/startup_stm32l071rztx.o
 .debug_info    0x0000000000004d50      0xbb2 ./Drivers/GSM/GSM_Data_Layer/ec200_data_layer.o
 .debug_info    0x0000000000005902     0x13ea ./Drivers/GSM/GSM_Hardware_Layer/ec200_hw_layer.o
 .debug_info    0x0000000000006cec     0x1e99 ./Drivers/RTT_Debug/SEGGER_RTT.o
 .debug_info    0x0000000000008b85      0xe1f ./Drivers/RTT_Debug/SEGGER_RTT_printf.o
 .debug_info    0x00000000000099a4      0xc3b ./Drivers/RingBuffer/ringbuffer.o
 .debug_info    0x000000000000a5df      0x910 ./Drivers/STM32L0xx_HAL_Driver/Src/stm32l0xx_hal.o
 .debug_info    0x000000000000aeef      0x99d ./Drivers/STM32L0xx_HAL_Driver/Src/stm32l0xx_hal_cortex.o
 .debug_info    0x000000000000b88c      0x834 ./Drivers/STM32L0xx_HAL_Driver/Src/stm32l0xx_hal_dma.o
 .debug_info    0x000000000000c0c0      0x788 ./Drivers/STM32L0xx_HAL_Driver/Src/stm32l0xx_hal_gpio.o
 .debug_info    0x000000000000c848      0x9e7 ./Drivers/STM32L0xx_HAL_Driver/Src/stm32l0xx_hal_rcc.o
 .debug_info    0x000000000000d22f      0x581 ./Drivers/STM32L0xx_HAL_Driver/Src/stm32l0xx_hal_rcc_ex.o
 .debug_info    0x000000000000d7b0     0x3ca7 ./Drivers/STM32L0xx_HAL_Driver/Src/stm32l0xx_hal_uart.o
 .debug_info    0x0000000000011457      0xdcd ./Drivers/STM32L0xx_HAL_Driver/Src/stm32l0xx_hal_uart_ex.o

.debug_abbrev   0x0000000000000000     0x2b53
 .debug_abbrev  0x0000000000000000      0x23c ./App/App_Main.o
 .debug_abbrev  0x000000000000023c      0x14e ./Core/Src/gpio.o
 .debug_abbrev  0x000000000000038a      0x233 ./Core/Src/main.o
 .debug_abbrev  0x00000000000005bd       0xf8 ./Core/Src/stm32l0xx_hal_msp.o
 .debug_abbrev  0x00000000000006b5      0x174 ./Core/Src/stm32l0xx_it.o
 .debug_abbrev  0x0000000000000829      0x1bf ./Core/Src/sysmem.o
 .debug_abbrev  0x00000000000009e8      0x145 ./Core/Src/system_stm32l0xx.o
 .debug_abbrev  0x0000000000000b2d      0x1b9 ./Core/Src/usart.o
 .debug_abbrev  0x0000000000000ce6       0x12 ./Core/Startup/startup_stm32l071rztx.o
 .debug_abbrev  0x0000000000000cf8      0x1d7 ./Drivers/GSM/GSM_Data_Layer/ec200_data_layer.o
 .debug_abbrev  0x0000000000000ecf      0x251 ./Drivers/GSM/GSM_Hardware_Layer/ec200_hw_layer.o
 .debug_abbrev  0x0000000000001120      0x2e7 ./Drivers/RTT_Debug/SEGGER_RTT.o
 .debug_abbrev  0x0000000000001407      0x28a ./Drivers/RTT_Debug/SEGGER_RTT_printf.o
 .debug_abbrev  0x0000000000001691      0x238 ./Drivers/RingBuffer/ringbuffer.o
 .debug_abbrev  0x00000000000018c9      0x267 ./Drivers/STM32L0xx_HAL_Driver/Src/stm32l0xx_hal.o
 .debug_abbrev  0x0000000000001b30      0x2b4 ./Drivers/STM32L0xx_HAL_Driver/Src/stm32l0xx_hal_cortex.o
 .debug_abbrev  0x0000000000001de4      0x1f0 ./Drivers/STM32L0xx_HAL_Driver/Src/stm32l0xx_hal_dma.o
 .debug_abbrev  0x0000000000001fd4      0x1e8 ./Drivers/STM32L0xx_HAL_Driver/Src/stm32l0xx_hal_gpio.o
 .debug_abbrev  0x00000000000021bc      0x246 ./Drivers/STM32L0xx_HAL_Driver/Src/stm32l0xx_hal_rcc.o
 .debug_abbrev  0x0000000000002402      0x1ef ./Drivers/STM32L0xx_HAL_Driver/Src/stm32l0xx_hal_rcc_ex.o
 .debug_abbrev  0x00000000000025f1      0x2c2 ./Drivers/STM32L0xx_HAL_Driver/Src/stm32l0xx_hal_uart.o
 .debug_abbrev  0x00000000000028b3      0x2a0 ./Drivers/STM32L0xx_HAL_Driver/Src/stm32l0xx_hal_uart_ex.o

.debug_aranges  0x0000000000000000      0x9f0
 .debug_aranges
                0x0000000000000000       0x38 ./App/App_Main.o
 .debug_aranges
                0x0000000000000038       0x20 ./Core/Src/gpio.o
 .debug_aranges
                0x0000000000000058       0x30 ./Core/Src/main.o
 .debug_aranges
                0x0000000000000088       0x20 ./Core/Src/stm32l0xx_hal_msp.o
 .debug_aranges
                0x00000000000000a8       0x48 ./Core/Src/stm32l0xx_it.o
 .debug_aranges
                0x00000000000000f0       0x20 ./Core/Src/sysmem.o
 .debug_aranges
                0x0000000000000110       0x28 ./Core/Src/system_stm32l0xx.o
 .debug_aranges
                0x0000000000000138       0x30 ./Core/Src/usart.o
 .debug_aranges
                0x0000000000000168       0x28 ./Core/Startup/startup_stm32l071rztx.o
 .debug_aranges
                0x0000000000000190       0x20 ./Drivers/GSM/GSM_Data_Layer/ec200_data_layer.o
 .debug_aranges
                0x00000000000001b0       0x40 ./Drivers/GSM/GSM_Hardware_Layer/ec200_hw_layer.o
 .debug_aranges
                0x00000000000001f0      0x140 ./Drivers/RTT_Debug/SEGGER_RTT.o
 .debug_aranges
                0x0000000000000330       0x40 ./Drivers/RTT_Debug/SEGGER_RTT_printf.o
 .debug_aranges
                0x0000000000000370       0x48 ./Drivers/RingBuffer/ringbuffer.o
 .debug_aranges
                0x00000000000003b8      0x110 ./Drivers/STM32L0xx_HAL_Driver/Src/stm32l0xx_hal.o
 .debug_aranges
                0x00000000000004c8       0xd8 ./Drivers/STM32L0xx_HAL_Driver/Src/stm32l0xx_hal_cortex.o
 .debug_aranges
                0x00000000000005a0       0x80 ./Drivers/STM32L0xx_HAL_Driver/Src/stm32l0xx_hal_dma.o
 .debug_aranges
                0x0000000000000620       0x58 ./Drivers/STM32L0xx_HAL_Driver/Src/stm32l0xx_hal_gpio.o
 .debug_aranges
                0x0000000000000678       0x80 ./Drivers/STM32L0xx_HAL_Driver/Src/stm32l0xx_hal_rcc.o
 .debug_aranges
                0x00000000000006f8       0x58 ./Drivers/STM32L0xx_HAL_Driver/Src/stm32l0xx_hal_rcc_ex.o
 .debug_aranges
                0x0000000000000750      0x228 ./Drivers/STM32L0xx_HAL_Driver/Src/stm32l0xx_hal_uart.o
 .debug_aranges
                0x0000000000000978       0x78 ./Drivers/STM32L0xx_HAL_Driver/Src/stm32l0xx_hal_uart_ex.o

.debug_ranges   0x0000000000000000      0x8e0
 .debug_ranges  0x0000000000000000       0x28 ./App/App_Main.o
 .debug_ranges  0x0000000000000028       0x10 ./Core/Src/gpio.o
 .debug_ranges  0x0000000000000038       0x20 ./Core/Src/main.o
 .debug_ranges  0x0000000000000058       0x10 ./Core/Src/stm32l0xx_hal_msp.o
 .debug_ranges  0x0000000000000068       0x38 ./Core/Src/stm32l0xx_it.o
 .debug_ranges  0x00000000000000a0       0x10 ./Core/Src/sysmem.o
 .debug_ranges  0x00000000000000b0       0x18 ./Core/Src/system_stm32l0xx.o
 .debug_ranges  0x00000000000000c8       0x20 ./Core/Src/usart.o
 .debug_ranges  0x00000000000000e8       0x20 ./Core/Startup/startup_stm32l071rztx.o
 .debug_ranges  0x0000000000000108       0x10 ./Drivers/GSM/GSM_Data_Layer/ec200_data_layer.o
 .debug_ranges  0x0000000000000118       0x30 ./Drivers/GSM/GSM_Hardware_Layer/ec200_hw_layer.o
 .debug_ranges  0x0000000000000148      0x130 ./Drivers/RTT_Debug/SEGGER_RTT.o
 .debug_ranges  0x0000000000000278       0x48 ./Drivers/RTT_Debug/SEGGER_RTT_printf.o
 .debug_ranges  0x00000000000002c0       0x38 ./Drivers/RingBuffer/ringbuffer.o
 .debug_ranges  0x00000000000002f8      0x100 ./Drivers/STM32L0xx_HAL_Driver/Src/stm32l0xx_hal.o
 .debug_ranges  0x00000000000003f8       0xc8 ./Drivers/STM32L0xx_HAL_Driver/Src/stm32l0xx_hal_cortex.o
 .debug_ranges  0x00000000000004c0       0x70 ./Drivers/STM32L0xx_HAL_Driver/Src/stm32l0xx_hal_dma.o
 .debug_ranges  0x0000000000000530       0x48 ./Drivers/STM32L0xx_HAL_Driver/Src/stm32l0xx_hal_gpio.o
 .debug_ranges  0x0000000000000578       0x70 ./Drivers/STM32L0xx_HAL_Driver/Src/stm32l0xx_hal_rcc.o
 .debug_ranges  0x00000000000005e8       0x48 ./Drivers/STM32L0xx_HAL_Driver/Src/stm32l0xx_hal_rcc_ex.o
 .debug_ranges  0x0000000000000630      0x248 ./Drivers/STM32L0xx_HAL_Driver/Src/stm32l0xx_hal_uart.o
 .debug_ranges  0x0000000000000878       0x68 ./Drivers/STM32L0xx_HAL_Driver/Src/stm32l0xx_hal_uart_ex.o

.debug_macro    0x0000000000000000    0x144af
 .debug_macro   0x0000000000000000      0x3b9 ./App/App_Main.o
 .debug_macro   0x00000000000003b9      0xa7e ./App/App_Main.o
 .debug_macro   0x0000000000000e37       0x22 ./App/App_Main.o
 .debug_macro   0x0000000000000e59       0x4c ./App/App_Main.o
 .debug_macro   0x0000000000000ea5       0x18 ./App/App_Main.o
 .debug_macro   0x0000000000000ebd       0x94 ./App/App_Main.o
 .debug_macro   0x0000000000000f51       0x3c ./App/App_Main.o
 .debug_macro   0x0000000000000f8d       0x34 ./App/App_Main.o
 .debug_macro   0x0000000000000fc1      0x174 ./App/App_Main.o
 .debug_macro   0x0000000000001135       0x16 ./App/App_Main.o
 .debug_macro   0x000000000000114b       0x43 ./App/App_Main.o
 .debug_macro   0x000000000000118e       0x57 ./App/App_Main.o
 .debug_macro   0x00000000000011e5       0x34 ./App/App_Main.o
 .debug_macro   0x0000000000001219       0x10 ./App/App_Main.o
 .debug_macro   0x0000000000001229       0x58 ./App/App_Main.o
 .debug_macro   0x0000000000001281       0x71 ./App/App_Main.o
 .debug_macro   0x00000000000012f2       0x1c ./App/App_Main.o
 .debug_macro   0x000000000000130e      0x12a ./App/App_Main.o
 .debug_macro   0x0000000000001438      0x339 ./App/App_Main.o
 .debug_macro   0x0000000000001771       0x10 ./App/App_Main.o
 .debug_macro   0x0000000000001781       0x35 ./App/App_Main.o
 .debug_macro   0x00000000000017b6       0x20 ./App/App_Main.o
 .debug_macro   0x00000000000017d6       0x49 ./App/App_Main.o
 .debug_macro   0x000000000000181f       0x34 ./App/App_Main.o
 .debug_macro   0x0000000000001853       0x16 ./App/App_Main.o
 .debug_macro   0x0000000000001869       0x16 ./App/App_Main.o
 .debug_macro   0x000000000000187f       0x29 ./App/App_Main.o
 .debug_macro   0x00000000000018a8       0x58 ./App/App_Main.o
 .debug_macro   0x0000000000001900      0x131 ./App/App_Main.o
 .debug_macro   0x0000000000001a31       0x1c ./App/App_Main.o
 .debug_macro   0x0000000000001a4d       0x10 ./App/App_Main.o
 .debug_macro   0x0000000000001a5d       0x6a ./App/App_Main.o
 .debug_macro   0x0000000000001ac7       0x1c ./App/App_Main.o
 .debug_macro   0x0000000000001ae3       0x52 ./App/App_Main.o
 .debug_macro   0x0000000000001b35       0x22 ./App/App_Main.o
 .debug_macro   0x0000000000001b57       0x10 ./App/App_Main.o
 .debug_macro   0x0000000000001b67       0x40 ./App/App_Main.o
 .debug_macro   0x0000000000001ba7       0xd5 ./App/App_Main.o
 .debug_macro   0x0000000000001c7c       0x1c ./App/App_Main.o
 .debug_macro   0x0000000000001c98       0x3d ./App/App_Main.o
 .debug_macro   0x0000000000001cd5       0x16 ./App/App_Main.o
 .debug_macro   0x0000000000001ceb      0x145 ./App/App_Main.o
 .debug_macro   0x0000000000001e30      0x11f ./App/App_Main.o
 .debug_macro   0x0000000000001f4f       0x2e ./App/App_Main.o
 .debug_macro   0x0000000000001f7d       0x28 ./App/App_Main.o
 .debug_macro   0x0000000000001fa5      0x103 ./App/App_Main.o
 .debug_macro   0x00000000000020a8      0x1df ./App/App_Main.o
 .debug_macro   0x0000000000002287       0x1c ./App/App_Main.o
 .debug_macro   0x00000000000022a3       0x22 ./App/App_Main.o
 .debug_macro   0x00000000000022c5       0xaf ./App/App_Main.o
 .debug_macro   0x0000000000002374      0x4da ./App/App_Main.o
 .debug_macro   0x000000000000284e      0x11f ./App/App_Main.o
 .debug_macro   0x000000000000296d     0x873b ./App/App_Main.o
 .debug_macro   0x000000000000b0a8       0x66 ./App/App_Main.o
 .debug_macro   0x000000000000b10e     0x355c ./App/App_Main.o
 .debug_macro   0x000000000000e66a       0x55 ./App/App_Main.o
 .debug_macro   0x000000000000e6bf      0x8b5 ./App/App_Main.o
 .debug_macro   0x000000000000ef74      0x807 ./App/App_Main.o
 .debug_macro   0x000000000000f77b      0x197 ./App/App_Main.o
 .debug_macro   0x000000000000f912      0x13f ./App/App_Main.o
 .debug_macro   0x000000000000fa51      0x1b5 ./App/App_Main.o
 .debug_macro   0x000000000000fc06       0x82 ./App/App_Main.o
 .debug_macro   0x000000000000fc88      0x28e ./App/App_Main.o
 .debug_macro   0x000000000000ff16      0x1e9 ./App/App_Main.o
 .debug_macro   0x00000000000100ff      0x13e ./App/App_Main.o
 .debug_macro   0x000000000001023d      0x4b5 ./App/App_Main.o
 .debug_macro   0x00000000000106f2      0x22c ./App/App_Main.o
 .debug_macro   0x000000000001091e       0x5b ./App/App_Main.o
 .debug_macro   0x0000000000010979       0xa5 ./App/App_Main.o
 .debug_macro   0x0000000000010a1e      0x18d ./App/App_Main.o
 .debug_macro   0x0000000000010bab       0x16 ./App/App_Main.o
 .debug_macro   0x0000000000010bc1      0x5ba ./App/App_Main.o
 .debug_macro   0x000000000001117b       0x44 ./App/App_Main.o
 .debug_macro   0x00000000000111bf      0x170 ./App/App_Main.o
 .debug_macro   0x000000000001132f       0x4c ./App/App_Main.o
 .debug_macro   0x000000000001137b       0x10 ./App/App_Main.o
 .debug_macro   0x000000000001138b       0x22 ./App/App_Main.o
 .debug_macro   0x00000000000113ad      0x1d3 ./Core/Src/gpio.o
 .debug_macro   0x0000000000011580       0x8e ./Core/Src/gpio.o
 .debug_macro   0x000000000001160e       0x51 ./Core/Src/gpio.o
 .debug_macro   0x000000000001165f       0xb5 ./Core/Src/gpio.o
 .debug_macro   0x0000000000011714       0x5b ./Core/Src/gpio.o
 .debug_macro   0x000000000001176f      0x3d7 ./Core/Src/main.o
 .debug_macro   0x0000000000011b46       0x52 ./Core/Src/main.o
 .debug_macro   0x0000000000011b98      0x333 ./Core/Src/main.o
 .debug_macro   0x0000000000011ecb      0x1c9 ./Core/Src/stm32l0xx_hal_msp.o
 .debug_macro   0x0000000000012094      0x1d3 ./Core/Src/stm32l0xx_it.o
 .debug_macro   0x0000000000012267       0xff ./Core/Src/sysmem.o
 .debug_macro   0x0000000000012366      0x23b ./Core/Src/sysmem.o
 .debug_macro   0x00000000000125a1      0x1ba ./Core/Src/system_stm32l0xx.o
 .debug_macro   0x000000000001275b      0x1d3 ./Core/Src/usart.o
 .debug_macro   0x000000000001292e      0x2d2 ./Drivers/GSM/GSM_Data_Layer/ec200_data_layer.o
 .debug_macro   0x0000000000012c00      0x304 ./Drivers/GSM/GSM_Hardware_Layer/ec200_hw_layer.o
 .debug_macro   0x0000000000012f04       0x16 ./Drivers/GSM/GSM_Hardware_Layer/ec200_hw_layer.o
 .debug_macro   0x0000000000012f1a      0x1bd ./Drivers/RTT_Debug/SEGGER_RTT.o
 .debug_macro   0x00000000000130d7      0x10e ./Drivers/RTT_Debug/SEGGER_RTT.o
 .debug_macro   0x00000000000131e5       0x8d ./Drivers/RTT_Debug/SEGGER_RTT.o
 .debug_macro   0x0000000000013272      0x143 ./Drivers/RTT_Debug/SEGGER_RTT_printf.o
 .debug_macro   0x00000000000133b5      0x29e ./Drivers/RingBuffer/ringbuffer.o
 .debug_macro   0x0000000000013653      0x1de ./Drivers/STM32L0xx_HAL_Driver/Src/stm32l0xx_hal.o
 .debug_macro   0x0000000000013831      0x1ba ./Drivers/STM32L0xx_HAL_Driver/Src/stm32l0xx_hal_cortex.o
 .debug_macro   0x00000000000139eb      0x1ba ./Drivers/STM32L0xx_HAL_Driver/Src/stm32l0xx_hal_dma.o
 .debug_macro   0x0000000000013ba5      0x1c1 ./Drivers/STM32L0xx_HAL_Driver/Src/stm32l0xx_hal_gpio.o
 .debug_macro   0x0000000000013d66      0x1f0 ./Drivers/STM32L0xx_HAL_Driver/Src/stm32l0xx_hal_rcc.o
 .debug_macro   0x0000000000013f56      0x1ba ./Drivers/STM32L0xx_HAL_Driver/Src/stm32l0xx_hal_rcc_ex.o
 .debug_macro   0x0000000000014110      0x1e5 ./Drivers/STM32L0xx_HAL_Driver/Src/stm32l0xx_hal_uart.o
 .debug_macro   0x00000000000142f5      0x1ba ./Drivers/STM32L0xx_HAL_Driver/Src/stm32l0xx_hal_uart_ex.o

.debug_line     0x0000000000000000     0xf5fb
 .debug_line    0x0000000000000000      0xba1 ./App/App_Main.o
 .debug_line    0x0000000000000ba1      0x6f7 ./Core/Src/gpio.o
 .debug_line    0x0000000000001298      0xb99 ./Core/Src/main.o
 .debug_line    0x0000000000001e31      0x6cc ./Core/Src/stm32l0xx_hal_msp.o
 .debug_line    0x00000000000024fd      0x748 ./Core/Src/stm32l0xx_it.o
 .debug_line    0x0000000000002c45      0x4f8 ./Core/Src/sysmem.o
 .debug_line    0x000000000000313d      0x77c ./Core/Src/system_stm32l0xx.o
 .debug_line    0x00000000000038b9      0x73e ./Core/Src/usart.o
 .debug_line    0x0000000000003ff7       0x89 ./Core/Startup/startup_stm32l071rztx.o
 .debug_line    0x0000000000004080      0xaf8 ./Drivers/GSM/GSM_Data_Layer/ec200_data_layer.o
 .debug_line    0x0000000000004b78      0xab7 ./Drivers/GSM/GSM_Hardware_Layer/ec200_hw_layer.o
 .debug_line    0x000000000000562f      0xe99 ./Drivers/RTT_Debug/SEGGER_RTT.o
 .debug_line    0x00000000000064c8      0x861 ./Drivers/RTT_Debug/SEGGER_RTT_printf.o
 .debug_line    0x0000000000006d29      0x97f ./Drivers/RingBuffer/ringbuffer.o
 .debug_line    0x00000000000076a8      0xa1f ./Drivers/STM32L0xx_HAL_Driver/Src/stm32l0xx_hal.o
 .debug_line    0x00000000000080c7      0xaed ./Drivers/STM32L0xx_HAL_Driver/Src/stm32l0xx_hal_cortex.o
 .debug_line    0x0000000000008bb4      0xc0e ./Drivers/STM32L0xx_HAL_Driver/Src/stm32l0xx_hal_dma.o
 .debug_line    0x00000000000097c2      0xac4 ./Drivers/STM32L0xx_HAL_Driver/Src/stm32l0xx_hal_gpio.o
 .debug_line    0x000000000000a286      0xe5f ./Drivers/STM32L0xx_HAL_Driver/Src/stm32l0xx_hal_rcc.o
 .debug_line    0x000000000000b0e5      0xb0e ./Drivers/STM32L0xx_HAL_Driver/Src/stm32l0xx_hal_rcc_ex.o
 .debug_line    0x000000000000bbf3     0x2d72 ./Drivers/STM32L0xx_HAL_Driver/Src/stm32l0xx_hal_uart.o
 .debug_line    0x000000000000e965      0xc96 ./Drivers/STM32L0xx_HAL_Driver/Src/stm32l0xx_hal_uart_ex.o

.debug_str      0x0000000000000000    0x729bd
 .debug_str     0x0000000000000000    0x6f946 ./App/App_Main.o
                                      0x6fd4f (size before relaxing)
 .debug_str     0x000000000006f946      0x164 ./Core/Src/gpio.o
                                      0x6aad5 (size before relaxing)
 .debug_str     0x000000000006faaa      0x281 ./Core/Src/main.o
                                      0x6ff1e (size before relaxing)
 .debug_str     0x000000000006fd2b       0x2c ./Core/Src/stm32l0xx_hal_msp.o
                                      0x6aa45 (size before relaxing)
 .debug_str     0x000000000006fd57       0x88 ./Core/Src/stm32l0xx_it.o
                                      0x6ae04 (size before relaxing)
 .debug_str     0x000000000006fddf      0x4e9 ./Core/Src/sysmem.o
                                       0x61bb (size before relaxing)
 .debug_str     0x00000000000702c8       0x61 ./Core/Src/system_stm32l0xx.o
                                      0x6a950 (size before relaxing)
 .debug_str     0x0000000000070329      0x1ab ./Core/Src/usart.o
                                      0x6b0a9 (size before relaxing)
 .debug_str     0x00000000000704d4       0x75 ./Core/Startup/startup_stm32l071rztx.o
 .debug_str     0x0000000000070549       0x4c ./Drivers/GSM/GSM_Data_Layer/ec200_data_layer.o
                                      0x6e969 (size before relaxing)
 .debug_str     0x0000000000070595      0x141 ./Drivers/GSM/GSM_Hardware_Layer/ec200_hw_layer.o
                                      0x6ef61 (size before relaxing)
 .debug_str     0x00000000000706d6      0x730 ./Drivers/RTT_Debug/SEGGER_RTT.o
                                       0x7b0a (size before relaxing)
 .debug_str     0x0000000000070e06      0x18d ./Drivers/RTT_Debug/SEGGER_RTT_printf.o
                                       0x7504 (size before relaxing)
 .debug_str     0x0000000000070f93       0xcc ./Drivers/RingBuffer/ringbuffer.o
                                      0x6dd41 (size before relaxing)
 .debug_str     0x000000000007105f      0x42b ./Drivers/STM32L0xx_HAL_Driver/Src/stm32l0xx_hal.o
                                      0x6afe1 (size before relaxing)
 .debug_str     0x000000000007148a      0x2dd ./Drivers/STM32L0xx_HAL_Driver/Src/stm32l0xx_hal_cortex.o
                                      0x6ade6 (size before relaxing)
 .debug_str     0x0000000000071767      0x26c ./Drivers/STM32L0xx_HAL_Driver/Src/stm32l0xx_hal_dma.o
                                      0x6ad02 (size before relaxing)
 .debug_str     0x00000000000719d3      0x137 ./Drivers/STM32L0xx_HAL_Driver/Src/stm32l0xx_hal_gpio.o
                                      0x6ab3a (size before relaxing)
 .debug_str     0x0000000000071b0a      0x2dd ./Drivers/STM32L0xx_HAL_Driver/Src/stm32l0xx_hal_rcc.o
                                      0x6ae2f (size before relaxing)
 .debug_str     0x0000000000071de7      0x13a ./Drivers/STM32L0xx_HAL_Driver/Src/stm32l0xx_hal_rcc_ex.o
                                      0x6ab7b (size before relaxing)
 .debug_str     0x0000000000071f21      0x8b6 ./Drivers/STM32L0xx_HAL_Driver/Src/stm32l0xx_hal_uart.o
                                      0x6b677 (size before relaxing)
 .debug_str     0x00000000000727d7      0x1e6 ./Drivers/STM32L0xx_HAL_Driver/Src/stm32l0xx_hal_uart_ex.o
                                      0x6af11 (size before relaxing)

.comment        0x0000000000000000       0x53
 .comment       0x0000000000000000       0x53 ./App/App_Main.o
                                         0x54 (size before relaxing)
 .comment       0x0000000000000053       0x54 ./Core/Src/gpio.o
 .comment       0x0000000000000053       0x54 ./Core/Src/main.o
 .comment       0x0000000000000053       0x54 ./Core/Src/stm32l0xx_hal_msp.o
 .comment       0x0000000000000053       0x54 ./Core/Src/stm32l0xx_it.o
 .comment       0x0000000000000053       0x54 ./Core/Src/sysmem.o
 .comment       0x0000000000000053       0x54 ./Core/Src/system_stm32l0xx.o
 .comment       0x0000000000000053       0x54 ./Core/Src/usart.o
 .comment       0x0000000000000053       0x54 ./Drivers/GSM/GSM_Data_Layer/ec200_data_layer.o
 .comment       0x0000000000000053       0x54 ./Drivers/GSM/GSM_Hardware_Layer/ec200_hw_layer.o
 .comment       0x0000000000000053       0x54 ./Drivers/RTT_Debug/SEGGER_RTT.o
 .comment       0x0000000000000053       0x54 ./Drivers/RTT_Debug/SEGGER_RTT_printf.o
 .comment       0x0000000000000053       0x54 ./Drivers/RingBuffer/ringbuffer.o
 .comment       0x0000000000000053       0x54 ./Drivers/STM32L0xx_HAL_Driver/Src/stm32l0xx_hal.o
 .comment       0x0000000000000053       0x54 ./Drivers/STM32L0xx_HAL_Driver/Src/stm32l0xx_hal_cortex.o
 .comment       0x0000000000000053       0x54 ./Drivers/STM32L0xx_HAL_Driver/Src/stm32l0xx_hal_dma.o
 .comment       0x0000000000000053       0x54 ./Drivers/STM32L0xx_HAL_Driver/Src/stm32l0xx_hal_gpio.o
 .comment       0x0000000000000053       0x54 ./Drivers/STM32L0xx_HAL_Driver/Src/stm32l0xx_hal_rcc.o
 .comment       0x0000000000000053       0x54 ./Drivers/STM32L0xx_HAL_Driver/Src/stm32l0xx_hal_rcc_ex.o
 .comment       0x0000000000000053       0x54 ./Drivers/STM32L0xx_HAL_Driver/Src/stm32l0xx_hal_uart.o
 .comment       0x0000000000000053       0x54 ./Drivers/STM32L0xx_HAL_Driver/Src/stm32l0xx_hal_uart_ex.o

.debug_frame    0x0000000000000000     0x22f0
 .debug_frame   0x0000000000000000       0x8c ./App/App_Main.o
 .debug_frame   0x000000000000008c       0x30 ./Core/Src/gpio.o
 .debug_frame   0x00000000000000bc       0x68 ./Core/Src/main.o
 .debug_frame   0x0000000000000124       0x2c ./Core/Src/stm32l0xx_hal_msp.o
 .debug_frame   0x0000000000000150       0xb8 ./Core/Src/stm32l0xx_it.o
 .debug_frame   0x0000000000000208       0x30 ./Core/Src/sysmem.o
 .debug_frame   0x0000000000000238       0x4c ./Core/Src/system_stm32l0xx.o
 .debug_frame   0x0000000000000284       0x6c ./Core/Src/usart.o
 .debug_frame   0x00000000000002f0       0x30 ./Drivers/GSM/GSM_Data_Layer/ec200_data_layer.o
 .debug_frame   0x0000000000000320       0xa8 ./Drivers/GSM/GSM_Hardware_Layer/ec200_hw_layer.o
 .debug_frame   0x00000000000003c8      0x4ac ./Drivers/RTT_Debug/SEGGER_RTT.o
 .debug_frame   0x0000000000000874       0xb4 ./Drivers/RTT_Debug/SEGGER_RTT_printf.o
 .debug_frame   0x0000000000000928       0xd0 ./Drivers/RingBuffer/ringbuffer.o
 .debug_frame   0x00000000000009f8      0x394 ./Drivers/STM32L0xx_HAL_Driver/Src/stm32l0xx_hal.o
 .debug_frame   0x0000000000000d8c      0x2fc ./Drivers/STM32L0xx_HAL_Driver/Src/stm32l0xx_hal_cortex.o
 .debug_frame   0x0000000000001088      0x1b0 ./Drivers/STM32L0xx_HAL_Driver/Src/stm32l0xx_hal_dma.o
 .debug_frame   0x0000000000001238      0x110 ./Drivers/STM32L0xx_HAL_Driver/Src/stm32l0xx_hal_gpio.o
 .debug_frame   0x0000000000001348      0x1a8 ./Drivers/STM32L0xx_HAL_Driver/Src/stm32l0xx_hal_rcc.o
 .debug_frame   0x00000000000014f0       0xfc ./Drivers/STM32L0xx_HAL_Driver/Src/stm32l0xx_hal_rcc_ex.o
 .debug_frame   0x00000000000015ec      0x854 ./Drivers/STM32L0xx_HAL_Driver/Src/stm32l0xx_hal_uart.o
 .debug_frame   0x0000000000001e40      0x198 ./Drivers/STM32L0xx_HAL_Driver/Src/stm32l0xx_hal_uart_ex.o
 .debug_frame   0x0000000000001fd8       0x20 c:/st/stm32cubeide_1.7.0/stm32cubeide/plugins/com.st.stm32cube.ide.mcu.externaltools.gnu-tools-for-stm32.9-2020-q2-update.win32_2.0.0.202105311346/tools/bin/../lib/gcc/arm-none-eabi/9.3.1/../../../../arm-none-eabi/lib/thumb/v6-m/nofp\libc_nano.a(lib_a-errno.o)
 .debug_frame   0x0000000000001ff8       0x2c c:/st/stm32cubeide_1.7.0/stm32cubeide/plugins/com.st.stm32cube.ide.mcu.externaltools.gnu-tools-for-stm32.9-2020-q2-update.win32_2.0.0.202105311346/tools/bin/../lib/gcc/arm-none-eabi/9.3.1/../../../../arm-none-eabi/lib/thumb/v6-m/nofp\libc_nano.a(lib_a-init.o)
 .debug_frame   0x0000000000002024       0x40 c:/st/stm32cubeide_1.7.0/stm32cubeide/plugins/com.st.stm32cube.ide.mcu.externaltools.gnu-tools-for-stm32.9-2020-q2-update.win32_2.0.0.202105311346/tools/bin/../lib/gcc/arm-none-eabi/9.3.1/../../../../arm-none-eabi/lib/thumb/v6-m/nofp\libc_nano.a(lib_a-malloc.o)
 .debug_frame   0x0000000000002064       0x28 c:/st/stm32cubeide_1.7.0/stm32cubeide/plugins/com.st.stm32cube.ide.mcu.externaltools.gnu-tools-for-stm32.9-2020-q2-update.win32_2.0.0.202105311346/tools/bin/../lib/gcc/arm-none-eabi/9.3.1/../../../../arm-none-eabi/lib/thumb/v6-m/nofp\libc_nano.a(lib_a-memcpy-stub.o)
 .debug_frame   0x000000000000208c       0x20 c:/st/stm32cubeide_1.7.0/stm32cubeide/plugins/com.st.stm32cube.ide.mcu.externaltools.gnu-tools-for-stm32.9-2020-q2-update.win32_2.0.0.202105311346/tools/bin/../lib/gcc/arm-none-eabi/9.3.1/../../../../arm-none-eabi/lib/thumb/v6-m/nofp\libc_nano.a(lib_a-memset.o)
 .debug_frame   0x00000000000020ac       0x30 c:/st/stm32cubeide_1.7.0/stm32cubeide/plugins/com.st.stm32cube.ide.mcu.externaltools.gnu-tools-for-stm32.9-2020-q2-update.win32_2.0.0.202105311346/tools/bin/../lib/gcc/arm-none-eabi/9.3.1/../../../../arm-none-eabi/lib/thumb/v6-m/nofp\libc_nano.a(lib_a-nano-mallocr.o)
 .debug_frame   0x00000000000020dc       0x2c c:/st/stm32cubeide_1.7.0/stm32cubeide/plugins/com.st.stm32cube.ide.mcu.externaltools.gnu-tools-for-stm32.9-2020-q2-update.win32_2.0.0.202105311346/tools/bin/../lib/gcc/arm-none-eabi/9.3.1/../../../../arm-none-eabi/lib/thumb/v6-m/nofp\libc_nano.a(lib_a-sbrkr.o)
 .debug_frame   0x0000000000002108       0x40 c:/st/stm32cubeide_1.7.0/stm32cubeide/plugins/com.st.stm32cube.ide.mcu.externaltools.gnu-tools-for-stm32.9-2020-q2-update.win32_2.0.0.202105311346/tools/bin/../lib/gcc/arm-none-eabi/9.3.1/../../../../arm-none-eabi/lib/thumb/v6-m/nofp\libc_nano.a(lib_a-mlock.o)
 .debug_frame   0x0000000000002148       0x48 c:/st/stm32cubeide_1.7.0/stm32cubeide/plugins/com.st.stm32cube.ide.mcu.externaltools.gnu-tools-for-stm32.9-2020-q2-update.win32_2.0.0.202105311346/tools/bin/../lib/gcc/arm-none-eabi/9.3.1/../../../../arm-none-eabi/lib/thumb/v6-m/nofp\libc_nano.a(lib_a-reent.o)
 .debug_frame   0x0000000000002190       0xb0 c:/st/stm32cubeide_1.7.0/stm32cubeide/plugins/com.st.stm32cube.ide.mcu.externaltools.gnu-tools-for-stm32.9-2020-q2-update.win32_2.0.0.202105311346/tools/bin/../lib/gcc/arm-none-eabi/9.3.1/../../../../arm-none-eabi/lib/thumb/v6-m/nofp\libc_nano.a(lib_a-lock.o)
 .debug_frame   0x0000000000002240       0x20 c:/st/stm32cubeide_1.7.0/stm32cubeide/plugins/com.st.stm32cube.ide.mcu.externaltools.gnu-tools-for-stm32.9-2020-q2-update.win32_2.0.0.202105311346/tools/bin/../lib/gcc/arm-none-eabi/9.3.1/thumb/v6-m/nofp\libgcc.a(_udivsi3.o)
 .debug_frame   0x0000000000002260       0x20 c:/st/stm32cubeide_1.7.0/stm32cubeide/plugins/com.st.stm32cube.ide.mcu.externaltools.gnu-tools-for-stm32.9-2020-q2-update.win32_2.0.0.202105311346/tools/bin/../lib/gcc/arm-none-eabi/9.3.1/thumb/v6-m/nofp\libgcc.a(_divsi3.o)
 .debug_frame   0x0000000000002280       0x34 c:/st/stm32cubeide_1.7.0/stm32cubeide/plugins/com.st.stm32cube.ide.mcu.externaltools.gnu-tools-for-stm32.9-2020-q2-update.win32_2.0.0.202105311346/tools/bin/../lib/gcc/arm-none-eabi/9.3.1/thumb/v6-m/nofp\libgcc.a(_muldi3.o)
 .debug_frame   0x00000000000022b4       0x3c c:/st/stm32cubeide_1.7.0/stm32cubeide/plugins/com.st.stm32cube.ide.mcu.externaltools.gnu-tools-for-stm32.9-2020-q2-update.win32_2.0.0.202105311346/tools/bin/../lib/gcc/arm-none-eabi/9.3.1/thumb/v6-m/nofp\libgcc.a(_udivmoddi4.o)
