sntp.c:274:1:sntp_format_time	24	static
sntp.c:286:1:sntp_process	24	static
sntp.c:336:1:sntp_initialize_request	16	static
sntp.c:366:1:sntp_retry	24	static
sntp.c:439:1:sntp_recv	48	static
sntp.c:543:1:sntp_send_request	24	static
sntp.c:584:1:sntp_dns_found	24	static
sntp.c:608:1:sntp_request	32	static
sntp.c:654:1:sntp_init	8	static
sntp.c:693:1:sntp_stop	16	static
sntp.c:714:6:sntp_enabled	8	static
sntp.c:725:1:sntp_setoperatingmode	16	static
sntp.c:738:1:sntp_getoperatingmode	8	static
sntp.c:751:1:sntp_getreachability	16	static
sntp.c:784:1:sntp_setserver	16	static
sntp.c:862:1:sntp_getserver	16	static
sntp.c:878:1:sntp_setservername	16	static
sntp.c:894:1:sntp_getservername	16	static
