core_cm0plus.h:983:34:__NVIC_SystemReset	8	static,ignoring_inline_asm
mqtt_client.c:20:6:MQTT_Client_Init	24	static
mqtt_client.c:28:13:MQTT_Subcribe_Request_Callback	40	static
mqtt_client.c:70:13:MQTT_Incoming_Publish_Callback	40	static
mqtt_client.c:83:13:MQTT_Incoming_Data_Callback	40	static
mqtt_client.c:111:6:MQTT_Client_Connection_Callback	48	static
mqtt_client.c:148:15:MQTT_Connect_Broker	80	static
mqtt_client.c:196:13:mqtt_dns_found	32	static
mqtt_client.c:223:13:MQTT_Publish_Request_Callback	16	static
mqtt_client.c:234:13:MQTT_Client_Send_Heartbeat	40	static
mqtt_client.c:249:6:MQTT_Client_Polling_Task	40	static
