ppp.c:257:6:ppp_set_notify_phase_callback	16	static
ppp.c:274:7:ppp_connect	16	static
ppp.c:334:1:ppp_close	24	static
ppp.c:396:7:ppp_free	32	static
ppp.c:416:1:ppp_ioctl	24	static
ppp.c:458:13:ppp_do_connect	24	static
ppp.c:470:14:ppp_netif_init_cb	16	static
ppp.c:491:14:ppp_netif_output_ip4	24	static
ppp.c:507:14:ppp_netif_output	48	static
ppp.c:614:5:ppp_init	8	static
ppp.c:649:10:ppp_new	64	static
ppp.c:731:6:ppp_start	16	static
ppp.c:755:6:ppp_link_failed	24	static
ppp.c:763:6:ppp_link_end	24	static
ppp.c:776:6:ppp_input	40	static
ppp.c:992:7:ppp_write	24	static
ppp.c:999:6:ppp_link_terminated	16	static
ppp.c:1014:6:new_phase	24	static
ppp.c:1028:5:ppp_send_config	40	static
ppp.c:1044:5:ppp_recv_config	40	static
ppp.c:1059:5:sifaddr	40	static
ppp.c:1074:5:cifaddr	24	static
ppp.c:1110:5:sdns	40	static
ppp.c:1125:5:cdns	32	static
ppp.c:1149:5:sifvjcomp	32	static
ppp.c:1162:5:sifup	24	static
ppp.c:1177:5:sifdown	16	static
ppp.c:1203:7:get_mask	16	static
ppp.c:1318:6:netif_set_mtu	16	static
ppp.c:1327:5:netif_get_mtu	16	static
