core_cm0plus.h:983:34:__NVIC_SystemReset	8	static,ignoring_inline_asm
gsm_data_layer.c:55:6:GSM_Config_Module	56	static
gsm_data_layer.c:85:6:open_ppp_stack	56	static
gsm_data_layer.c:131:6:GSM_GET_IMEI_Buffer	16	static
gsm_data_layer.c:156:6:GSM_GET_Signal_Strength	16	static
gsm_data_layer.c:173:13:ppp_notify_phase_cb	24	static
gsm_data_layer.c:223:17:ppp_output_callback	24	static
gsm_data_layer.c:228:7:gsm_data_layer_get_ppp_control_block	8	static
gsm_data_layer.c:232:13:initialize_stnp	8	static
gsm_data_layer.c:245:6:lwip_sntp_recv_callback	16	static
gsm_data_layer.c:264:13:ppp_link_status_cb	40	static
gsm_data_layer.c:403:6:Polling_GSM_StateMachine	40	static
gsm_data_layer.c:434:6:gsm_is_in_ppp_mode	8	static
gsm_data_layer.c:438:6:gsm_data_layer_is_ppp_connected	8	static
gsm_data_layer.c:444:6:GSM_Manager_ChangeState	40	static
gsm_data_layer.c:483:6:GSM_Manager_ChangeInternetMode	16	static
gsm_data_layer.c:487:6:GSM_mnr_task	8	static
