core_cm0plus.h:983:34:__NVIC_SystemReset	8	static,ignoring_inline_asm
gsm_data_layer.c:57:6:GSM_Config_Module	56	static
gsm_data_layer.c:108:6:open_ppp_stack	56	static
gsm_data_layer.c:154:6:GSM_GET_IMEI_Buffer	16	static
gsm_data_layer.c:179:6:GSM_GET_Signal_Strength	16	static
gsm_data_layer.c:196:13:ppp_notify_phase_cb	24	static
gsm_data_layer.c:246:17:ppp_output_callback	24	static
gsm_data_layer.c:251:7:gsm_data_layer_get_ppp_control_block	8	static
gsm_data_layer.c:255:13:initialize_stnp	8	static
gsm_data_layer.c:268:6:lwip_sntp_recv_callback	16	static
gsm_data_layer.c:287:13:ppp_link_status_cb	40	static
gsm_data_layer.c:426:6:Polling_GSM_StateMachine	40	static
gsm_data_layer.c:457:6:gsm_is_in_ppp_mode	8	static
gsm_data_layer.c:461:6:gsm_data_layer_is_ppp_connected	8	static
gsm_data_layer.c:467:6:GSM_Manager_ChangeState	40	static
gsm_data_layer.c:506:6:GSM_Manager_ChangeInternetMode	16	static
gsm_data_layer.c:510:6:GSM_mnr_task	8	static
