Component: ARM Compiler 6.13.1 Tool: armlink [5d895400]

==============================================================================

Section Cross References

    startup_stm32l071xx.o(STACK) refers (Special) to heapauxi.o(.text) for __use_two_region_memory
    startup_stm32l071xx.o(HEAP) refers (Special) to heapauxi.o(.text) for __use_two_region_memory
    startup_stm32l071xx.o(RESET) refers (Special) to heapauxi.o(.text) for __use_two_region_memory
    startup_stm32l071xx.o(RESET) refers to startup_stm32l071xx.o(STACK) for __initial_sp
    startup_stm32l071xx.o(RESET) refers to startup_stm32l071xx.o(.text) for Reset_Handler
    startup_stm32l071xx.o(RESET) refers to stm32l0xx_it.o(.text.NMI_Handler) for NMI_Handler
    startup_stm32l071xx.o(RESET) refers to stm32l0xx_it.o(.text.HardFault_Handler) for HardFault_Handler
    startup_stm32l071xx.o(RESET) refers to stm32l0xx_it.o(.text.SVC_Handler) for SVC_Handler
    startup_stm32l071xx.o(RESET) refers to stm32l0xx_it.o(.text.PendSV_Handler) for PendSV_Handler
    startup_stm32l071xx.o(RESET) refers to stm32l0xx_it.o(.text.SysTick_Handler) for SysTick_Handler
    startup_stm32l071xx.o(RESET) refers to stm32l0xx_it.o(.text.USART1_IRQHandler) for USART1_IRQHandler
    startup_stm32l071xx.o(.text) refers (Special) to heapauxi.o(.text) for __use_two_region_memory
    startup_stm32l071xx.o(.text) refers to system_stm32l0xx.o(.text.SystemInit) for SystemInit
    startup_stm32l071xx.o(.text) refers to __main.o(!!!main) for __main
    startup_stm32l071xx.o(.text) refers to startup_stm32l071xx.o(HEAP) for Heap_Mem
    startup_stm32l071xx.o(.text) refers to startup_stm32l071xx.o(STACK) for Stack_Mem
    main.o(.ARM.exidx.text.USART_CharReception_Callback) refers to main.o(.text.USART_CharReception_Callback) for [Anonymous Symbol]
    main.o(.text.HAL_UART_RxCpltCallback) refers to stm32l0xx_hal_uart.o(.text.HAL_UART_Receive_IT) for HAL_UART_Receive_IT
    main.o(.text.HAL_UART_RxCpltCallback) refers to main.o(.bss.m_rx_buff) for [Anonymous Symbol]
    main.o(.text.HAL_UART_RxCpltCallback) refers to main.o(.bss..L_MergedGlobals) for [Anonymous Symbol]
    main.o(.text.HAL_UART_RxCpltCallback) refers to usart.o(.bss.huart1) for huart1
    main.o(.ARM.exidx.text.HAL_UART_RxCpltCallback) refers to main.o(.text.HAL_UART_RxCpltCallback) for [Anonymous Symbol]
    main.o(.text.EC200_Turn_on_Power) refers to segger_rtt.o(.text.SEGGER_RTT_WriteString) for SEGGER_RTT_WriteString
    main.o(.text.EC200_Turn_on_Power) refers to stm32l0xx_hal_gpio.o(.text.HAL_GPIO_WritePin) for HAL_GPIO_WritePin
    main.o(.text.EC200_Turn_on_Power) refers to stm32l0xx_hal.o(.text.HAL_Delay) for HAL_Delay
    main.o(.ARM.exidx.text.EC200_Turn_on_Power) refers to main.o(.text.EC200_Turn_on_Power) for [Anonymous Symbol]
    main.o(.text.EC200_Turn_off_Power) refers to segger_rtt.o(.text.SEGGER_RTT_WriteString) for SEGGER_RTT_WriteString
    main.o(.text.EC200_Turn_off_Power) refers to stm32l0xx_hal_gpio.o(.text.HAL_GPIO_WritePin) for HAL_GPIO_WritePin
    main.o(.text.EC200_Turn_off_Power) refers to stm32l0xx_hal.o(.text.HAL_Delay) for HAL_Delay
    main.o(.ARM.exidx.text.EC200_Turn_off_Power) refers to main.o(.text.EC200_Turn_off_Power) for [Anonymous Symbol]
    main.o(.ARM.exidx.text.UART_SendData) refers to main.o(.text.UART_SendData) for [Anonymous Symbol]
    main.o(.text.UART_ReceiveData) refers to main.o(.bss.m_rx_buff) for [Anonymous Symbol]
    main.o(.ARM.exidx.text.UART_ReceiveData) refers to main.o(.text.UART_ReceiveData) for [Anonymous Symbol]
    main.o(.text.main) refers to stm32l0xx_hal.o(.text.HAL_Init) for HAL_Init
    main.o(.text.main) refers to main.o(.text.SystemClock_Config) for SystemClock_Config
    main.o(.text.main) refers to segger_rtt.o(.text.SEGGER_RTT_Init) for SEGGER_RTT_Init
    main.o(.text.main) refers to segger_rtt.o(.text.SEGGER_RTT_ConfigUpBuffer) for SEGGER_RTT_ConfigUpBuffer
    main.o(.text.main) refers to gpio.o(.text.MX_GPIO_Init) for MX_GPIO_Init
    main.o(.text.main) refers to usart.o(.text.MX_USART1_UART_Init) for MX_USART1_UART_Init
    main.o(.text.main) refers to main.o(.text.EC200_Turn_on_Power) for EC200_Turn_on_Power
    main.o(.text.main) refers to stm32l0xx_hal_uart.o(.text.HAL_UART_Receive_IT) for HAL_UART_Receive_IT
    main.o(.text.main) refers to main.o(.text.UART_SendData) for UART_SendData
    main.o(.text.main) refers to stm32l0xx_hal.o(.text.HAL_Delay) for HAL_Delay
    main.o(.text.main) refers to segger_rtt_printf.o(.text.SEGGER_RTT_printf) for SEGGER_RTT_printf
    main.o(.text.main) refers to main.o(.bss..L_MergedGlobals) for [Anonymous Symbol]
    main.o(.text.main) refers to usart.o(.bss.huart1) for huart1
    main.o(.text.main) refers to main.o(.bss.m_rx_buff) for [Anonymous Symbol]
    main.o(.ARM.exidx.text.main) refers to main.o(.text.main) for [Anonymous Symbol]
    main.o(.text.SystemClock_Config) refers to rt_memclr.o(.text) for __aeabi_memclr4
[...]
    Removing stm32l0xx_hal_flash_ex.o(.text.HAL_FLASHEx_DATAEEPROM_Unlock), (56 bytes).
    Removing stm32l0xx_hal_flash_ex.o(.ARM.exidx.text.HAL_FLASHEx_DATAEEPROM_Unlock), (8 bytes).
    Removing stm32l0xx_hal_flash_ex.o(.text.HAL_FLASHEx_DATAEEPROM_Lock), (20 bytes).
    Removing stm32l0xx_hal_flash_ex.o(.ARM.exidx.text.HAL_FLASHEx_DATAEEPROM_Lock), (8 bytes).
    Removing stm32l0xx_hal_flash_ex.o(.text.HAL_FLASHEx_DATAEEPROM_Erase), (44 bytes).
    Removing stm32l0xx_hal_flash_ex.o(.ARM.exidx.text.HAL_FLASHEx_DATAEEPROM_Erase), (8 bytes).
    Removing stm32l0xx_hal_flash_ex.o(.text.HAL_FLASHEx_DATAEEPROM_Program), (88 bytes).
    Removing stm32l0xx_hal_flash_ex.o(.ARM.exidx.text.HAL_FLASHEx_DATAEEPROM_Program), (8 bytes).
    Removing stm32l0xx_hal_flash_ex.o(.text.HAL_FLASHEx_DATAEEPROM_EnableFixedTimeProgram), (20 bytes).
    Removing stm32l0xx_hal_flash_ex.o(.ARM.exidx.text.HAL_FLASHEx_DATAEEPROM_EnableFixedTimeProgram), (8 bytes).
    Removing stm32l0xx_hal_flash_ex.o(.text.HAL_FLASHEx_DATAEEPROM_DisableFixedTimeProgram), (20 bytes).
    Removing stm32l0xx_hal_flash_ex.o(.ARM.exidx.text.HAL_FLASHEx_DATAEEPROM_DisableFixedTimeProgram), (8 bytes).
    Removing stm32l0xx_hal_gpio.o(.text), (0 bytes).
    Removing stm32l0xx_hal_gpio.o(.ARM.exidx.text.HAL_GPIO_Init), (8 bytes).
    Removing stm32l0xx_hal_gpio.o(.text.HAL_GPIO_DeInit), (220 bytes).
    Removing stm32l0xx_hal_gpio.o(.ARM.exidx.text.HAL_GPIO_DeInit), (8 bytes).
    Removing stm32l0xx_hal_gpio.o(.text.HAL_GPIO_ReadPin), (10 bytes).
    Removing stm32l0xx_hal_gpio.o(.ARM.exidx.text.HAL_GPIO_ReadPin), (8 bytes).
    Removing stm32l0xx_hal_gpio.o(.ARM.exidx.text.HAL_GPIO_WritePin), (8 bytes).
    Removing stm32l0xx_hal_gpio.o(.text.HAL_GPIO_TogglePin), (16 bytes).
    Removing stm32l0xx_hal_gpio.o(.ARM.exidx.text.HAL_GPIO_TogglePin), (8 bytes).
    Removing stm32l0xx_hal_gpio.o(.text.HAL_GPIO_LockPin), (40 bytes).
    Removing stm32l0xx_hal_gpio.o(.ARM.exidx.text.HAL_GPIO_LockPin), (8 bytes).
    Removing stm32l0xx_hal_gpio.o(.text.HAL_GPIO_EXTI_IRQHandler), (24 bytes).
    Removing stm32l0xx_hal_gpio.o(.ARM.exidx.text.HAL_GPIO_EXTI_IRQHandler), (8 bytes).
    Removing stm32l0xx_hal_gpio.o(.text.HAL_GPIO_EXTI_Callback), (2 bytes).
    Removing stm32l0xx_hal_gpio.o(.ARM.exidx.text.HAL_GPIO_EXTI_Callback), (8 bytes).
    Removing stm32l0xx_hal_dma.o(.text), (0 bytes).
    Removing stm32l0xx_hal_dma.o(.text.HAL_DMA_Init), (160 bytes).
    Removing stm32l0xx_hal_dma.o(.ARM.exidx.text.HAL_DMA_Init), (8 bytes).
    Removing stm32l0xx_hal_dma.o(.text.HAL_DMA_DeInit), (100 bytes).
    Removing stm32l0xx_hal_dma.o(.ARM.exidx.text.HAL_DMA_DeInit), (8 bytes).
    Removing stm32l0xx_hal_dma.o(.text.HAL_DMA_Start), (68 bytes).
    Removing stm32l0xx_hal_dma.o(.ARM.exidx.text.HAL_DMA_Start), (8 bytes).
    Removing stm32l0xx_hal_dma.o(.text.DMA_SetConfig), (42 bytes).
    Removing stm32l0xx_hal_dma.o(.ARM.exidx.text.DMA_SetConfig), (8 bytes).
    Removing stm32l0xx_hal_dma.o(.text.HAL_DMA_Start_IT), (94 bytes).
    Removing stm32l0xx_hal_dma.o(.ARM.exidx.text.HAL_DMA_Start_IT), (8 bytes).
    Removing stm32l0xx_hal_dma.o(.ARM.exidx.text.HAL_DMA_Abort), (8 bytes).
    Removing stm32l0xx_hal_dma.o(.ARM.exidx.text.HAL_DMA_Abort_IT), (8 bytes).
    Removing stm32l0xx_hal_dma.o(.text.HAL_DMA_PollForTransfer), (188 bytes).
    Removing stm32l0xx_hal_dma.o(.ARM.exidx.text.HAL_DMA_PollForTransfer), (8 bytes).
    Removing stm32l0xx_hal_dma.o(.text.HAL_DMA_IRQHandler), (150 bytes).
    Removing stm32l0xx_hal_dma.o(.ARM.exidx.text.HAL_DMA_IRQHandler), (8 bytes).
    Removing stm32l0xx_hal_dma.o(.text.HAL_DMA_RegisterCallback), (70 bytes).
    Removing stm32l0xx_hal_dma.o(.ARM.exidx.text.HAL_DMA_RegisterCallback), (8 bytes).
    Removing stm32l0xx_hal_dma.o(.text.HAL_DMA_UnRegisterCallback), (88 bytes).
    Removing stm32l0xx_hal_dma.o(.ARM.exidx.text.HAL_DMA_UnRegisterCallback), (8 bytes).
    Removing stm32l0xx_hal_dma.o(.text.HAL_DMA_GetState), (6 bytes).
    Removing stm32l0xx_hal_dma.o(.ARM.exidx.text.HAL_DMA_GetState), (8 bytes).
    Removing stm32l0xx_hal_dma.o(.text.HAL_DMA_GetError), (4 bytes).
    Removing stm32l0xx_hal_dma.o(.ARM.exidx.text.HAL_DMA_GetError), (8 bytes).
    Removing stm32l0xx_hal_pwr.o(.text), (0 bytes).
    Removing stm32l0xx_hal_pwr.o(.text.HAL_PWR_DeInit), (24 bytes).
    Removing stm32l0xx_hal_pwr.o(.ARM.exidx.text.HAL_PWR_DeInit), (8 bytes).
    Removing stm32l0xx_hal_pwr.o(.text.HAL_PWR_EnableBkUpAccess), (20 bytes).
    Removing stm32l0xx_hal_pwr.o(.ARM.exidx.text.HAL_PWR_EnableBkUpAccess), (8 bytes).
    Removing stm32l0xx_hal_pwr.o(.text.HAL_PWR_DisableBkUpAccess), (20 bytes).
    Removing stm32l0xx_hal_pwr.o(.ARM.exidx.text.HAL_PWR_DisableBkUpAccess), (8 bytes).
    Removing stm32l0xx_hal_pwr.o(.text.HAL_PWR_ConfigPVD), (104 bytes).
    Removing stm32l0xx_hal_pwr.o(.ARM.exidx.text.HAL_PWR_ConfigPVD), (8 bytes).
    Removing stm32l0xx_hal_pwr.o(.text.HAL_PWR_EnablePVD), (16 bytes).
    Removing stm32l0xx_hal_pwr.o(.ARM.exidx.text.HAL_PWR_EnablePVD), (8 bytes).
    Removing stm32l0xx_hal_pwr.o(.text.HAL_PWR_DisablePVD), (16 bytes).
    Removing stm32l0xx_hal_pwr.o(.ARM.exidx.text.HAL_PWR_DisablePVD), (8 bytes).
    Removing stm32l0xx_hal_pwr.o(.text.HAL_PWR_EnableWakeUpPin), (16 bytes).
    Removing stm32l0xx_hal_pwr.o(.ARM.exidx.text.HAL_PWR_EnableWakeUpPin), (8 bytes).
    Removing stm32l0xx_hal_pwr.o(.text.HAL_PWR_DisableWakeUpPin), (16 bytes).
    Removing stm32l0xx_hal_pwr.o(.ARM.exidx.text.HAL_PWR_DisableWakeUpPin), (8 bytes).
    Removing stm32l0xx_hal_pwr.o(.text.HAL_PWR_EnterSLEEPMode), (88 bytes).
    Removing stm32l0xx_hal_pwr.o(.ARM.exidx.text.HAL_PWR_EnterSLEEPMode), (8 bytes).
    Removing stm32l0xx_hal_pwr.o(.text.HAL_PWR_EnterSTOPMode), (92 bytes).
    Removing stm32l0xx_hal_pwr.o(.ARM.exidx.text.HAL_PWR_EnterSTOPMode), (8 bytes).
    Removing stm32l0xx_hal_pwr.o(.text.HAL_PWR_EnterSTANDBYMode), (32 bytes).
    Removing stm32l0xx_hal_pwr.o(.ARM.exidx.text.HAL_PWR_EnterSTANDBYMode), (8 bytes).
    Removing stm32l0xx_hal_pwr.o(.text.HAL_PWR_EnableSleepOnExit), (16 bytes).
    Removing stm32l0xx_hal_pwr.o(.ARM.exidx.text.HAL_PWR_EnableSleepOnExit), (8 bytes).
    Removing stm32l0xx_hal_pwr.o(.text.HAL_PWR_DisableSleepOnExit), (16 bytes).
    Removing stm32l0xx_hal_pwr.o(.ARM.exidx.text.HAL_PWR_DisableSleepOnExit), (8 bytes).
    Removing stm32l0xx_hal_pwr.o(.text.HAL_PWR_EnableSEVOnPend), (16 bytes).
    Removing stm32l0xx_hal_pwr.o(.ARM.exidx.text.HAL_PWR_EnableSEVOnPend), (8 bytes).
    Removing stm32l0xx_hal_pwr.o(.text.HAL_PWR_DisableSEVOnPend), (16 bytes).
    Removing stm32l0xx_hal_pwr.o(.ARM.exidx.text.HAL_PWR_DisableSEVOnPend), (8 bytes).
    Removing stm32l0xx_hal_pwr.o(.text.HAL_PWR_PVD_IRQHandler), (28 bytes).
    Removing stm32l0xx_hal_pwr.o(.ARM.exidx.text.HAL_PWR_PVD_IRQHandler), (8 bytes).
    Removing stm32l0xx_hal_pwr.o(.text.HAL_PWR_PVDCallback), (2 bytes).
    Removing stm32l0xx_hal_pwr.o(.ARM.exidx.text.HAL_PWR_PVDCallback), (8 bytes).
    Removing stm32l0xx_hal_pwr_ex.o(.text), (0 bytes).
    Removing stm32l0xx_hal_pwr_ex.o(.text.HAL_PWREx_GetVoltageRange), (16 bytes).
    Removing stm32l0xx_hal_pwr_ex.o(.ARM.exidx.text.HAL_PWREx_GetVoltageRange), (8 bytes).
    Removing stm32l0xx_hal_pwr_ex.o(.text.HAL_PWREx_EnableFastWakeUp), (20 bytes).
    Removing stm32l0xx_hal_pwr_ex.o(.ARM.exidx.text.HAL_PWREx_EnableFastWakeUp), (8 bytes).
    Removing stm32l0xx_hal_pwr_ex.o(.text.HAL_PWREx_DisableFastWakeUp), (20 bytes).
    Removing stm32l0xx_hal_pwr_ex.o(.ARM.exidx.text.HAL_PWREx_DisableFastWakeUp), (8 bytes).
    Removing stm32l0xx_hal_pwr_ex.o(.text.HAL_PWREx_EnableUltraLowPower), (20 bytes).
    Removing stm32l0xx_hal_pwr_ex.o(.ARM.exidx.text.HAL_PWREx_EnableUltraLowPower), (8 bytes).
    Removing stm32l0xx_hal_pwr_ex.o(.text.HAL_PWREx_DisableUltraLowPower), (20 bytes).
    Removing stm32l0xx_hal_pwr_ex.o(.ARM.exidx.text.HAL_PWREx_DisableUltraLowPower), (8 bytes).
    Removing stm32l0xx_hal_pwr_ex.o(.text.HAL_PWREx_EnableLowPowerRunMode), (24 bytes).
    Removing stm32l0xx_hal_pwr_ex.o(.ARM.exidx.text.HAL_PWREx_EnableLowPowerRunMode), (8 bytes).
    Removing stm32l0xx_hal_pwr_ex.o(.text.HAL_PWREx_DisableLowPowerRunMode), (72 bytes).
    Removing stm32l0xx_hal_pwr_ex.o(.ARM.exidx.text.HAL_PWREx_DisableLowPowerRunMode), (8 bytes).
    Removing stm32l0xx_hal_cortex.o(.text), (0 bytes).
    Removing stm32l0xx_hal_cortex.o(.ARM.exidx.text.HAL_NVIC_SetPriority), (8 bytes).
    Removing stm32l0xx_hal_cortex.o(.ARM.exidx.text.__NVIC_SetPriority), (8 bytes).
    Removing stm32l0xx_hal_cortex.o(.ARM.exidx.text.HAL_NVIC_EnableIRQ), (8 bytes).
    Removing stm32l0xx_hal_cortex.o(.text.HAL_NVIC_DisableIRQ), (32 bytes).
    Removing stm32l0xx_hal_cortex.o(.ARM.exidx.text.HAL_NVIC_DisableIRQ), (8 bytes).
    Removing stm32l0xx_hal_cortex.o(.text.HAL_NVIC_SystemReset), (4 bytes).
    Removing stm32l0xx_hal_cortex.o(.ARM.exidx.text.HAL_NVIC_SystemReset), (8 bytes).
    Removing stm32l0xx_hal_cortex.o(.text.__NVIC_SystemReset), (28 bytes).
    Removing stm32l0xx_hal_cortex.o(.ARM.exidx.text.__NVIC_SystemReset), (8 bytes).
    Removing stm32l0xx_hal_cortex.o(.ARM.exidx.text.HAL_SYSTICK_Config), (8 bytes).
    Removing stm32l0xx_hal_cortex.o(.text.HAL_NVIC_GetPriority), (52 bytes).
    Removing stm32l0xx_hal_cortex.o(.ARM.exidx.text.HAL_NVIC_GetPriority), (8 bytes).
    Removing stm32l0xx_hal_cortex.o(.text.HAL_NVIC_SetPendingIRQ), (24 bytes).
    Removing stm32l0xx_hal_cortex.o(.ARM.exidx.text.HAL_NVIC_SetPendingIRQ), (8 bytes).
    Removing stm32l0xx_hal_cortex.o(.text.HAL_NVIC_GetPendingIRQ), (28 bytes).
    Removing stm32l0xx_hal_cortex.o(.ARM.exidx.text.HAL_NVIC_GetPendingIRQ), (8 bytes).
    Removing stm32l0xx_hal_cortex.o(.text.HAL_NVIC_ClearPendingIRQ), (24 bytes).
    Removing stm32l0xx_hal_cortex.o(.ARM.exidx.text.HAL_NVIC_ClearPendingIRQ), (8 bytes).
    Removing stm32l0xx_hal_cortex.o(.text.HAL_SYSTICK_CLKSourceConfig), (24 bytes).
    Removing stm32l0xx_hal_cortex.o(.ARM.exidx.text.HAL_SYSTICK_CLKSourceConfig), (8 bytes).
    Removing stm32l0xx_hal_cortex.o(.text.HAL_SYSTICK_IRQHandler), (8 bytes).
    Removing stm32l0xx_hal_cortex.o(.ARM.exidx.text.HAL_SYSTICK_IRQHandler), (8 bytes).
    Removing stm32l0xx_hal_cortex.o(.text.HAL_SYSTICK_Callback), (2 bytes).
    Removing stm32l0xx_hal_cortex.o(.ARM.exidx.text.HAL_SYSTICK_Callback), (8 bytes).
    Removing stm32l0xx_hal_cortex.o(.text.HAL_MPU_Disable), (16 bytes).
    Removing stm32l0xx_hal_cortex.o(.ARM.exidx.text.HAL_MPU_Disable), (8 bytes).
    Removing stm32l0xx_hal_cortex.o(.text.HAL_MPU_Enable), (24 bytes).
    Removing stm32l0xx_hal_cortex.o(.ARM.exidx.text.HAL_MPU_Enable), (8 bytes).
    Removing stm32l0xx_hal_cortex.o(.text.HAL_MPU_ConfigRegion), (80 bytes).
    Removing stm32l0xx_hal_cortex.o(.ARM.exidx.text.HAL_MPU_ConfigRegion), (8 bytes).
    Removing stm32l0xx_hal_exti.o(.text), (0 bytes).
    Removing stm32l0xx_hal_exti.o(.text.HAL_EXTI_SetConfigLine), (152 bytes).
    Removing stm32l0xx_hal_exti.o(.ARM.exidx.text.HAL_EXTI_SetConfigLine), (8 bytes).
    Removing stm32l0xx_hal_exti.o(.text.HAL_EXTI_GetConfigLine), (124 bytes).
    Removing stm32l0xx_hal_exti.o(.ARM.exidx.text.HAL_EXTI_GetConfigLine), (8 bytes).
    Removing stm32l0xx_hal_exti.o(.text.HAL_EXTI_ClearConfigLine), (96 bytes).
    Removing stm32l0xx_hal_exti.o(.ARM.exidx.text.HAL_EXTI_ClearConfigLine), (8 bytes).
    Removing stm32l0xx_hal_exti.o(.text.HAL_EXTI_RegisterCallback), (14 bytes).
    Removing stm32l0xx_hal_exti.o(.ARM.exidx.text.HAL_EXTI_RegisterCallback), (8 bytes).
    Removing stm32l0xx_hal_exti.o(.text.HAL_EXTI_GetHandle), (14 bytes).
    Removing stm32l0xx_hal_exti.o(.ARM.exidx.text.HAL_EXTI_GetHandle), (8 bytes).
    Removing stm32l0xx_hal_exti.o(.text.HAL_EXTI_IRQHandler), (36 bytes).
    Removing stm32l0xx_hal_exti.o(.ARM.exidx.text.HAL_EXTI_IRQHandler), (8 bytes).
    Removing stm32l0xx_hal_exti.o(.text.HAL_EXTI_GetPending), (24 bytes).
    Removing stm32l0xx_hal_exti.o(.ARM.exidx.text.HAL_EXTI_GetPending), (8 bytes).
    Removing stm32l0xx_hal_exti.o(.text.HAL_EXTI_ClearPending), (20 bytes).
    Removing stm32l0xx_hal_exti.o(.ARM.exidx.text.HAL_EXTI_ClearPending), (8 bytes).
    Removing stm32l0xx_hal_exti.o(.text.HAL_EXTI_GenerateSWI), (20 bytes).
    Removing stm32l0xx_hal_exti.o(.ARM.exidx.text.HAL_EXTI_GenerateSWI), (8 bytes).
    Removing system_stm32l0xx.o(.text), (0 bytes).
    Removing system_stm32l0xx.o(.ARM.exidx.text.SystemInit), (8 bytes).
    Removing system_stm32l0xx.o(.text.SystemCoreClockUpdate), (144 bytes).
    Removing system_stm32l0xx.o(.ARM.exidx.text.SystemCoreClockUpdate), (8 bytes).
    Removing app_main.o(.text), (0 bytes).
    Removing app_main.o(.text.App_Main), (2 bytes).
    Removing app_main.o(.ARM.exidx.text.App_Main), (8 bytes).

732 unused section(s) (total 29668 bytes) removed from the image.

==============================================================================

Image Symbol Table

    Local Symbols

    Symbol Name                              Value     Ov Type        Size  Object(Section)

    ../clib/angel/boardlib.s                 0x00000000   Number         0  boardinit1.o ABSOLUTE
    ../clib/angel/boardlib.s                 0x00000000   Number         0  boardinit2.o ABSOLUTE
    ../clib/angel/boardlib.s                 0x00000000   Number         0  boardinit3.o ABSOLUTE
    ../clib/angel/boardlib.s                 0x00000000   Number         0  boardshut.o ABSOLUTE
    ../clib/angel/handlers.s                 0x00000000   Number         0  __scatter_copy.o ABSOLUTE
    ../clib/angel/handlers.s                 0x00000000   Number         0  __scatter_zi.o ABSOLUTE
    ../clib/angel/kernel.s                   0x00000000   Number         0  __rtentry.o ABSOLUTE
    ../clib/angel/kernel.s                   0x00000000   Number         0  __rtentry2.o ABSOLUTE
    ../clib/angel/kernel.s                   0x00000000   Number         0  __rtentry4.o ABSOLUTE
    ../clib/angel/kernel.s                   0x00000000   Number         0  rtexit.o ABSOLUTE
    ../clib/angel/kernel.s                   0x00000000   Number         0  rtexit2.o ABSOLUTE
    ../clib/angel/rt.s                       0x00000000   Number         0  aeabi_idiv0.o ABSOLUTE
    ../clib/angel/rt.s                       0x00000000   Number         0  aeabi_idiv0_sigfpe.o ABSOLUTE
    ../clib/angel/rt.s                       0x00000000   Number         0  aeabi_ldiv0.o ABSOLUTE
    ../clib/angel/rt.s                       0x00000000   Number         0  aeabi_ldiv0_sigfpe.o ABSOLUTE
    ../clib/angel/rt.s                       0x00000000   Number         0  rt_div0.o ABSOLUTE
    ../clib/angel/rt.s                       0x00000000   Number         0  rt_raise.o ABSOLUTE
    ../clib/angel/scatterp.s                 0x00000000   Number         0  __scatter.o ABSOLUTE
    ../clib/angel/startup.s                  0x00000000   Number         0  __main.o ABSOLUTE
    ../clib/angel/sys.s                      0x00000000   Number         0  sys_stackheap_outer.o ABSOLUTE
    ../clib/angel/sys.s                      0x00000000   Number         0  libspace.o ABSOLUTE
    ../clib/angel/sys.s                      0x00000000   Number         0  tempstk.o ABSOLUTE
    ../clib/angel/sys.s                      0x00000000   Number         0  use_no_semi.o ABSOLUTE
    ../clib/angel/sys.s                      0x00000000   Number         0  indicate_semi.o ABSOLUTE
    ../clib/angel/sysapp.c                   0x00000000   Number         0  sys_exit.o ABSOLUTE
    ../clib/angel/sysapp.c                   0x00000000   Number         0  sys_exit_hlt.o ABSOLUTE
    ../clib/angel/sysapp.c                   0x00000000   Number         0  sys_wrch.o ABSOLUTE
    ../clib/angel/sysapp.c                   0x00000000   Number         0  sys_wrch_hlt.o ABSOLUTE
    ../clib/angel/sysapp.c                   0x00000000   Number         0  sys_command.o ABSOLUTE
    ../clib/angel/sysapp.c                   0x00000000   Number         0  sys_command_hlt.o ABSOLUTE
    ../clib/armsys.c                         0x00000000   Number         0  argv_veneer.o ABSOLUTE
    ../clib/armsys.c                         0x00000000   Number         0  _get_argv_nomalloc.o ABSOLUTE
    ../clib/armsys.c                         0x00000000   Number         0  no_argv.o ABSOLUTE
    ../clib/division.c                       0x00000000   Number         0  lludiv.o ABSOLUTE
    ../clib/division.s                       0x00000000   Number         0  aeabi_sdiv.o ABSOLUTE
    ../clib/division.s                       0x00000000   Number         0  aeabi_sdiv_div0.o ABSOLUTE
    ../clib/heapalloc.c                      0x00000000   Number         0  hrguard.o ABSOLUTE
    ../clib/heapaux.c                        0x00000000   Number         0  heapauxi.o ABSOLUTE
    ../clib/libinit.s                        0x00000000   Number         0  libinit.o ABSOLUTE
    ../clib/libinit.s                        0x00000000   Number         0  libinit2.o ABSOLUTE
    ../clib/libinit.s                        0x00000000   Number         0  libshutdown.o ABSOLUTE
    ../clib/libinit.s                        0x00000000   Number         0  libshutdown2.o ABSOLUTE
    ../clib/memcpset.c                       0x00000000   Number         0  rt_memcpy.o ABSOLUTE
    ../clib/memcpset.c                       0x00000000   Number         0  rt_memcpy.o ABSOLUTE
    ../clib/memcpset.c                       0x00000000   Number         0  rt_memclr.o ABSOLUTE
    ../clib/signal.c                         0x00000000   Number         0  defsig_fpe_outer.o ABSOLUTE
    ../clib/signal.c                         0x00000000   Number         0  defsig_fpe_formal.o ABSOLUTE
    ../clib/signal.c                         0x00000000   Number         0  defsig_exit.o ABSOLUTE
    ../clib/signal.c                         0x00000000   Number         0  defsig_fpe_inner.o ABSOLUTE
    ../clib/signal.c                         0x00000000   Number         0  __raise.o ABSOLUTE
    ../clib/signal.c                         0x00000000   Number         0  defsig_general.o ABSOLUTE
    ../clib/signal.c                         0x00000000   Number         0  defsig_abrt_inner.o ABSOLUTE
    ../clib/signal.c                         0x00000000   Number         0  defsig_rtred_inner.o ABSOLUTE
    ../clib/signal.c                         0x00000000   Number         0  defsig_rtmem_inner.o ABSOLUTE
    ../clib/signal.c                         0x00000000   Number         0  defsig_rtmem_outer.o ABSOLUTE
    ../clib/signal.c                         0x00000000   Number         0  defsig_rtmem_formal.o ABSOLUTE
    ../clib/signal.c                         0x00000000   Number         0  defsig_stak_inner.o ABSOLUTE
    ../clib/signal.c                         0x00000000   Number         0  defsig_pvfn_inner.o ABSOLUTE
    ../clib/signal.c                         0x00000000   Number         0  defsig_cppl_inner.o ABSOLUTE
    ../clib/signal.c                         0x00000000   Number         0  defsig_segv_inner.o ABSOLUTE
    ../clib/signal.c                         0x00000000   Number         0  defsig_other.o ABSOLUTE
    ../clib/signal.s                         0x00000000   Number         0  defsig.o ABSOLUTE
    ../clib/stdlib.c                         0x00000000   Number         0  exit.o ABSOLUTE
    ../clib/string.c                         0x00000000   Number         0  strlen.o ABSOLUTE
    ../fplib/cfplib/fpinit.c                 0x00000000   Number         0  fpinit.o ABSOLUTE
    App_Main.c                               0x00000000   Number         0  app_main.o ABSOLUTE
    SEGGER_RTT.c                             0x00000000   Number         0  segger_rtt.o ABSOLUTE
    SEGGER_RTT_printf.c                      0x00000000   Number         0  segger_rtt_printf.o ABSOLUTE
    dc.s                                     0x00000000   Number         0  dc.o ABSOLUTE
    gpio.c                                   0x00000000   Number         0  gpio.o ABSOLUTE
    main.c                                   0x00000000   Number         0  main.o ABSOLUTE
    startup_stm32l071xx.s                    0x00000000   Number         0  startup_stm32l071xx.o ABSOLUTE
    stm32l0xx_hal.c                          0x00000000   Number         0  stm32l0xx_hal.o ABSOLUTE
    stm32l0xx_hal_cortex.c                   0x00000000   Number         0  stm32l0xx_hal_cortex.o ABSOLUTE
    stm32l0xx_hal_dma.c                      0x00000000   Number         0  stm32l0xx_hal_dma.o ABSOLUTE
    stm32l0xx_hal_exti.c                     0x00000000   Number         0  stm32l0xx_hal_exti.o ABSOLUTE
    stm32l0xx_hal_flash.c                    0x00000000   Number         0  stm32l0xx_hal_flash.o ABSOLUTE
    stm32l0xx_hal_flash_ex.c                 0x00000000   Number         0  stm32l0xx_hal_flash_ex.o ABSOLUTE
    stm32l0xx_hal_flash_ramfunc.c            0x00000000   Number         0  stm32l0xx_hal_flash_ramfunc.o ABSOLUTE
    stm32l0xx_hal_gpio.c                     0x00000000   Number         0  stm32l0xx_hal_gpio.o ABSOLUTE
    stm32l0xx_hal_i2c.c                      0x00000000   Number         0  stm32l0xx_hal_i2c.o ABSOLUTE
    stm32l0xx_hal_i2c_ex.c                   0x00000000   Number         0  stm32l0xx_hal_i2c_ex.o ABSOLUTE
    stm32l0xx_hal_msp.c                      0x00000000   Number         0  stm32l0xx_hal_msp.o ABSOLUTE
    stm32l0xx_hal_pwr.c                      0x00000000   Number         0  stm32l0xx_hal_pwr.o ABSOLUTE
    stm32l0xx_hal_pwr_ex.c                   0x00000000   Number         0  stm32l0xx_hal_pwr_ex.o ABSOLUTE
    stm32l0xx_hal_rcc.c                      0x00000000   Number         0  stm32l0xx_hal_rcc.o ABSOLUTE
    stm32l0xx_hal_rcc_ex.c                   0x00000000   Number         0  stm32l0xx_hal_rcc_ex.o ABSOLUTE
    stm32l0xx_hal_tim.c                      0x00000000   Number         0  stm32l0xx_hal_tim.o ABSOLUTE
    stm32l0xx_hal_tim_ex.c                   0x00000000   Number         0  stm32l0xx_hal_tim_ex.o ABSOLUTE
    stm32l0xx_hal_uart.c                     0x00000000   Number         0  stm32l0xx_hal_uart.o ABSOLUTE
    stm32l0xx_hal_uart_ex.c                  0x00000000   Number         0  stm32l0xx_hal_uart_ex.o ABSOLUTE
    stm32l0xx_it.c                           0x00000000   Number         0  stm32l0xx_it.o ABSOLUTE
    system_stm32l0xx.c                       0x00000000   Number         0  system_stm32l0xx.o ABSOLUTE
    usart.c                                  0x00000000   Number         0  usart.o ABSOLUTE
    RESET                                    0x08000000   Section      192  startup_stm32l071xx.o(RESET)
    !!!main                                  0x080000c0   Section        8  __main.o(!!!main)
    !!!scatter                               0x080000c8   Section       60  __scatter.o(!!!scatter)
    !!handler_copy                           0x08000104   Section       26  __scatter_copy.o(!!handler_copy)
    !!handler_zi                             0x08000120   Section       28  __scatter_zi.o(!!handler_zi)
    .ARM.Collect$$libinit$$00000000          0x0800013c   Section        2  libinit.o(.ARM.Collect$$libinit$$00000000)
    .ARM.Collect$$libinit$$00000002          0x0800013e   Section        0  libinit2.o(.ARM.Collect$$libinit$$00000002)
    .ARM.Collect$$libinit$$00000004          0x0800013e   Section        0  libinit2.o(.ARM.Collect$$libinit$$00000004)
    .ARM.Collect$$libinit$$0000000A          0x0800013e   Section        0  libinit2.o(.ARM.Collect$$libinit$$0000000A)
    .ARM.Collect$$libinit$$0000000C          0x0800013e   Section        0  libinit2.o(.ARM.Collect$$libinit$$0000000C)
    .ARM.Collect$$libinit$$0000000E          0x0800013e   Section        0  libinit2.o(.ARM.Collect$$libinit$$0000000E)
    .ARM.Collect$$libinit$$00000011          0x0800013e   Section        0  libinit2.o(.ARM.Collect$$libinit$$00000011)
    .ARM.Collect$$libinit$$00000013          0x0800013e   Section        0  libinit2.o(.ARM.Collect$$libinit$$00000013)
    .ARM.Collect$$libinit$$00000015          0x0800013e   Section        0  libinit2.o(.ARM.Collect$$libinit$$00000015)
    .ARM.Collect$$libinit$$00000017          0x0800013e   Section        0  libinit2.o(.ARM.Collect$$libinit$$00000017)
    .ARM.Collect$$libinit$$00000019          0x0800013e   Section        0  libinit2.o(.ARM.Collect$$libinit$$00000019)
    .ARM.Collect$$libinit$$0000001B          0x0800013e   Section        0  libinit2.o(.ARM.Collect$$libinit$$0000001B)
    .ARM.Collect$$libinit$$0000001D          0x0800013e   Section        0  libinit2.o(.ARM.Collect$$libinit$$0000001D)
    .ARM.Collect$$libinit$$0000001F          0x0800013e   Section        0  libinit2.o(.ARM.Collect$$libinit$$0000001F)
    .ARM.Collect$$libinit$$00000021          0x0800013e   Section        0  libinit2.o(.ARM.Collect$$libinit$$00000021)
    .ARM.Collect$$libinit$$00000023          0x0800013e   Section        0  libinit2.o(.ARM.Collect$$libinit$$00000023)
    .ARM.Collect$$libinit$$00000025          0x0800013e   Section        0  libinit2.o(.ARM.Collect$$libinit$$00000025)
    .ARM.Collect$$libinit$$0000002C          0x0800013e   Section        0  libinit2.o(.ARM.Collect$$libinit$$0000002C)
    .ARM.Collect$$libinit$$0000002E          0x0800013e   Section        0  libinit2.o(.ARM.Collect$$libinit$$0000002E)
    .ARM.Collect$$libinit$$00000030          0x0800013e   Section        0  libinit2.o(.ARM.Collect$$libinit$$00000030)
    .ARM.Collect$$libinit$$00000032          0x0800013e   Section        0  libinit2.o(.ARM.Collect$$libinit$$00000032)
    .ARM.Collect$$libinit$$00000033          0x0800013e   Section        2  libinit2.o(.ARM.Collect$$libinit$$00000033)
    .ARM.Collect$$libshutdown$$00000000      0x08000140   Section        2  libshutdown.o(.ARM.Collect$$libshutdown$$00000000)
    .ARM.Collect$$libshutdown$$00000002      0x08000142   Section        0  libshutdown2.o(.ARM.Collect$$libshutdown$$00000002)
    .ARM.Collect$$libshutdown$$00000004      0x08000142   Section        0  libshutdown2.o(.ARM.Collect$$libshutdown$$00000004)
    .ARM.Collect$$libshutdown$$00000007      0x08000142   Section        0  libshutdown2.o(.ARM.Collect$$libshutdown$$00000007)
    .ARM.Collect$$libshutdown$$0000000A      0x08000142   Section        0  libshutdown2.o(.ARM.Collect$$libshutdown$$0000000A)
    .ARM.Collect$$libshutdown$$0000000C      0x08000142   Section        0  libshutdown2.o(.ARM.Collect$$libshutdown$$0000000C)
    .ARM.Collect$$libshutdown$$0000000F      0x08000142   Section        0  libshutdown2.o(.ARM.Collect$$libshutdown$$0000000F)
    .ARM.Collect$$libshutdown$$00000010      0x08000142   Section        2  libshutdown2.o(.ARM.Collect$$libshutdown$$00000010)
    .ARM.Collect$$rtentry$$00000000          0x08000144   Section        0  __rtentry.o(.ARM.Collect$$rtentry$$00000000)
    .ARM.Collect$$rtentry$$00000002          0x08000144   Section        0  __rtentry2.o(.ARM.Collect$$rtentry$$00000002)
    .ARM.Collect$$rtentry$$00000004          0x08000144   Section        6  __rtentry4.o(.ARM.Collect$$rtentry$$00000004)
    .ARM.Collect$$rtentry$$00000009          0x0800014a   Section        0  __rtentry2.o(.ARM.Collect$$rtentry$$00000009)
    .ARM.Collect$$rtentry$$0000000A          0x0800014a   Section        4  __rtentry2.o(.ARM.Collect$$rtentry$$0000000A)
    .ARM.Collect$$rtentry$$0000000C          0x0800014e   Section        0  __rtentry2.o(.ARM.Collect$$rtentry$$0000000C)
    .ARM.Collect$$rtentry$$0000000D          0x0800014e   Section        8  __rtentry2.o(.ARM.Collect$$rtentry$$0000000D)
    .ARM.Collect$$rtexit$$00000000           0x08000156   Section        2  rtexit.o(.ARM.Collect$$rtexit$$00000000)
    .ARM.Collect$$rtexit$$00000002           0x08000158   Section        0  rtexit2.o(.ARM.Collect$$rtexit$$00000002)
    .ARM.Collect$$rtexit$$00000003           0x08000158   Section        4  rtexit2.o(.ARM.Collect$$rtexit$$00000003)
    .ARM.Collect$$rtexit$$00000004           0x0800015c   Section        6  rtexit2.o(.ARM.Collect$$rtexit$$00000004)
    .emb_text                                0x08000164   Section       56  rt_memcpy.o(.emb_text)
    .text                                    0x0800019c   Section       56  startup_stm32l071xx.o(.text)
    .text                                    0x080001d4   Section        0  lludiv.o(.text)
    .text                                    0x080002e4   Section        0  strlen.o(.text)
    .text                                    0x08000328   Section        0  rt_memcpy.o(.text)
    .text                                    0x080003aa   Section        0  rt_memclr.o(.text)
    .text                                    0x080003ec   Section      364  aeabi_sdiv.o(.text)
    .text                                    0x08000558   Section        0  heapauxi.o(.text)
    .text                                    0x0800055e   Section       62  sys_stackheap_outer.o(.text)
    .text                                    0x0800059c   Section        0  exit.o(.text)
    .text                                    0x080005ac   Section        8  libspace.o(.text)
    .text                                    0x080005b4   Section        0  sys_exit.o(.text)
    .text                                    0x080005c0   Section        2  use_no_semi.o(.text)
    .text                                    0x080005c2   Section        0  indicate_semi.o(.text)
    [Anonymous Symbol]                       0x080005c4   Section        0  main.o(.text.EC200_Turn_on_Power)
    __arm_cp.2_0                             0x08000658   Number         4  main.o(.text.EC200_Turn_on_Power)
    __arm_cp.2_1                             0x0800065c   Number         4  main.o(.text.EC200_Turn_on_Power)
    __arm_cp.2_2                             0x08000660   Number         4  main.o(.text.EC200_Turn_on_Power)
    __arm_cp.2_3                             0x08000664   Number         4  main.o(.text.EC200_Turn_on_Power)
    [Anonymous Symbol]                       0x08000680   Section        0  main.o(.text.Error_Handler)
    [Anonymous Symbol]                       0x08000688   Section        0  stm32l0xx_hal_dma.o(.text.HAL_DMA_Abort)
    [Anonymous Symbol]                       0x080006c8   Section        0  stm32l0xx_hal_dma.o(.text.HAL_DMA_Abort_IT)
    [Anonymous Symbol]                       0x08000710   Section        0  stm32l0xx_hal.o(.text.HAL_Delay)
    [Anonymous Symbol]                       0x08000730   Section        0  stm32l0xx_hal_gpio.o(.text.HAL_GPIO_Init)
    __arm_cp.0_0                             0x0800089c   Number         4  stm32l0xx_hal_gpio.o(.text.HAL_GPIO_Init)
    __arm_cp.0_1                             0x080008a0   Number         4  stm32l0xx_hal_gpio.o(.text.HAL_GPIO_Init)
    __arm_cp.0_3                             0x080008a4   Number         4  stm32l0xx_hal_gpio.o(.text.HAL_GPIO_Init)
    [Anonymous Symbol]                       0x080008a8   Section        0  stm32l0xx_hal_gpio.o(.text.HAL_GPIO_WritePin)
    [Anonymous Symbol]                       0x080008b8   Section        0  stm32l0xx_hal.o(.text.HAL_GetTick)
    [Anonymous Symbol]                       0x080008c0   Section        0  stm32l0xx_hal.o(.text.HAL_IncTick)
    __arm_cp.5_1                             0x080008d0   Number         4  stm32l0xx_hal.o(.text.HAL_IncTick)
    [Anonymous Symbol]                       0x080008d4   Section        0  stm32l0xx_hal.o(.text.HAL_Init)
    [Anonymous Symbol]                       0x080008f8   Section        0  stm32l0xx_hal.o(.text.HAL_InitTick)
    __arm_cp.1_0                             0x08000934   Number         4  stm32l0xx_hal.o(.text.HAL_InitTick)
    [Anonymous Symbol]                       0x08000938   Section        0  stm32l0xx_hal_msp.o(.text.HAL_MspInit)
    __arm_cp.0_0                             0x0800094c   Number         4  stm32l0xx_hal_msp.o(.text.HAL_MspInit)
    [Anonymous Symbol]                       0x08000950   Section        0  stm32l0xx_hal_cortex.o(.text.HAL_NVIC_EnableIRQ)
    __arm_cp.2_0                             0x08000964   Number         4  stm32l0xx_hal_cortex.o(.text.HAL_NVIC_EnableIRQ)
    [Anonymous Symbol]                       0x08000968   Section        0  stm32l0xx_hal_cortex.o(.text.HAL_NVIC_SetPriority)
    [Anonymous Symbol]                       0x08000970   Section        0  stm32l0xx_hal_rcc_ex.o(.text.HAL_RCCEx_PeriphCLKConfig)
    __arm_cp.0_1                             0x08000aec   Number         4  stm32l0xx_hal_rcc_ex.o(.text.HAL_RCCEx_PeriphCLKConfig)
    [Anonymous Symbol]                       0x08000af0   Section        0  stm32l0xx_hal_rcc.o(.text.HAL_RCC_ClockConfig)
    __arm_cp.3_0                             0x08000c7c   Number         4  stm32l0xx_hal_rcc.o(.text.HAL_RCC_ClockConfig)
    __arm_cp.3_1                             0x08000c80   Number         4  stm32l0xx_hal_rcc.o(.text.HAL_RCC_ClockConfig)
    __arm_cp.3_3                             0x08000c84   Number         4  stm32l0xx_hal_rcc.o(.text.HAL_RCC_ClockConfig)
    __arm_cp.3_5                             0x08000c88   Number         4  stm32l0xx_hal_rcc.o(.text.HAL_RCC_ClockConfig)
    [Anonymous Symbol]                       0x08000c8c   Section        0  stm32l0xx_hal_rcc.o(.text.HAL_RCC_GetPCLK1Freq)
    [Anonymous Symbol]                       0x08000ca0   Section        0  stm32l0xx_hal_rcc.o(.text.HAL_RCC_GetPCLK2Freq)
    __arm_cp.8_0                             0x08000cb4   Number         4  stm32l0xx_hal_rcc.o(.text.HAL_RCC_GetPCLK2Freq)
    __arm_cp.8_1                             0x08000cb8   Number         4  stm32l0xx_hal_rcc.o(.text.HAL_RCC_GetPCLK2Freq)
    __arm_cp.8_2                             0x08000cbc   Number         4  stm32l0xx_hal_rcc.o(.text.HAL_RCC_GetPCLK2Freq)
    [Anonymous Symbol]                       0x08000cc0   Section        0  stm32l0xx_hal_rcc.o(.text.HAL_RCC_GetSysClockFreq)
    __arm_cp.2_0                             0x08000d1c   Number         4  stm32l0xx_hal_rcc.o(.text.HAL_RCC_GetSysClockFreq)
    __arm_cp.2_1                             0x08000d20   Number         4  stm32l0xx_hal_rcc.o(.text.HAL_RCC_GetSysClockFreq)
    __arm_cp.2_2                             0x08000d24   Number         4  stm32l0xx_hal_rcc.o(.text.HAL_RCC_GetSysClockFreq)
    __arm_cp.2_3                             0x08000d28   Number         4  stm32l0xx_hal_rcc.o(.text.HAL_RCC_GetSysClockFreq)
    __arm_cp.2_4                             0x08000d2c   Number         4  stm32l0xx_hal_rcc.o(.text.HAL_RCC_GetSysClockFreq)
    [Anonymous Symbol]                       0x08000d30   Section        0  stm32l0xx_hal_rcc.o(.text.HAL_RCC_OscConfig)
    __arm_cp.1_8                             0x08001114   Number         4  stm32l0xx_hal_rcc.o(.text.HAL_RCC_OscConfig)
    __arm_cp.1_1                             0x08001194   Number         4  stm32l0xx_hal_rcc.o(.text.HAL_RCC_OscConfig)
    __arm_cp.1_2                             0x08001198   Number         4  stm32l0xx_hal_rcc.o(.text.HAL_RCC_OscConfig)
    __arm_cp.1_3                             0x0800119c   Number         4  stm32l0xx_hal_rcc.o(.text.HAL_RCC_OscConfig)
    __arm_cp.1_4                             0x080011a0   Number         4  stm32l0xx_hal_rcc.o(.text.HAL_RCC_OscConfig)
    __arm_cp.1_5                             0x080011a4   Number         4  stm32l0xx_hal_rcc.o(.text.HAL_RCC_OscConfig)
    [Anonymous Symbol]                       0x080011a8   Section        0  stm32l0xx_hal_cortex.o(.text.HAL_SYSTICK_Config)
    __arm_cp.6_0                             0x080011d0   Number         4  stm32l0xx_hal_cortex.o(.text.HAL_SYSTICK_Config)
    __arm_cp.6_1                             0x080011d4   Number         4  stm32l0xx_hal_cortex.o(.text.HAL_SYSTICK_Config)
    __arm_cp.6_2                             0x080011d8   Number         4  stm32l0xx_hal_cortex.o(.text.HAL_SYSTICK_Config)
    [Anonymous Symbol]                       0x080011dc   Section        0  stm32l0xx_hal_uart.o(.text.HAL_UARTEx_RxEventCallback)
    [Anonymous Symbol]                       0x080011de   Section        0  stm32l0xx_hal_uart_ex.o(.text.HAL_UARTEx_WakeupCallback)
    [Anonymous Symbol]                       0x080011e0   Section        0  stm32l0xx_hal_uart.o(.text.HAL_UART_ErrorCallback)
    [Anonymous Symbol]                       0x080011e4   Section        0  stm32l0xx_hal_uart.o(.text.HAL_UART_IRQHandler)
    __arm_cp.42_0                            0x080014d4   Number         4  stm32l0xx_hal_uart.o(.text.HAL_UART_IRQHandler)
    __arm_cp.42_1                            0x080014d8   Number         4  stm32l0xx_hal_uart.o(.text.HAL_UART_IRQHandler)
    __arm_cp.42_2                            0x080014dc   Number         4  stm32l0xx_hal_uart.o(.text.HAL_UART_IRQHandler)
    [Anonymous Symbol]                       0x080014e0   Section        0  stm32l0xx_hal_uart.o(.text.HAL_UART_Init)
    [Anonymous Symbol]                       0x0800154c   Section        0  usart.o(.text.HAL_UART_MspInit)
    [Anonymous Symbol]                       0x080015b0   Section        0  stm32l0xx_hal_uart.o(.text.HAL_UART_Receive_IT)
    __arm_cp.16_0                            0x08001620   Number         4  stm32l0xx_hal_uart.o(.text.HAL_UART_Receive_IT)
    [Anonymous Symbol]                       0x08001624   Section        0  main.o(.text.HAL_UART_RxCpltCallback)
    __arm_cp.1_0                             0x08001644   Number         4  main.o(.text.HAL_UART_RxCpltCallback)
    __arm_cp.1_1                             0x08001648   Number         4  main.o(.text.HAL_UART_RxCpltCallback)
    [Anonymous Symbol]                       0x0800164c   Section        0  stm32l0xx_hal_uart.o(.text.HAL_UART_TxCpltCallback)
    [Anonymous Symbol]                       0x0800164e   Section        0  stm32l0xx_it.o(.text.HardFault_Handler)
    [Anonymous Symbol]                       0x08001650   Section        0  gpio.o(.text.MX_GPIO_Init)
    __arm_cp.0_0                             0x080016fc   Number         4  gpio.o(.text.MX_GPIO_Init)
    __arm_cp.0_1                             0x08001700   Number         4  gpio.o(.text.MX_GPIO_Init)
    __arm_cp.0_2                             0x08001704   Number         4  gpio.o(.text.MX_GPIO_Init)
    __arm_cp.0_3                             0x08001708   Number         4  gpio.o(.text.MX_GPIO_Init)
    __arm_cp.0_4                             0x0800170c   Number         4  gpio.o(.text.MX_GPIO_Init)
    [Anonymous Symbol]                       0x08001710   Section        0  usart.o(.text.MX_USART1_UART_Init)
    __arm_cp.0_0                             0x08001740   Number         4  usart.o(.text.MX_USART1_UART_Init)
    __arm_cp.0_1                             0x08001744   Number         4  usart.o(.text.MX_USART1_UART_Init)
    [Anonymous Symbol]                       0x08001748   Section        0  stm32l0xx_it.o(.text.NMI_Handler)
    [Anonymous Symbol]                       0x0800174a   Section        0  stm32l0xx_it.o(.text.PendSV_Handler)
    [Anonymous Symbol]                       0x0800174c   Section        0  segger_rtt.o(.text.SEGGER_RTT_ConfigUpBuffer)
    [Anonymous Symbol]                       0x0800177c   Section        0  segger_rtt.o(.text.SEGGER_RTT_Init)
    [Anonymous Symbol]                       0x08001784   Section        0  segger_rtt.o(.text.SEGGER_RTT_Write)
    [Anonymous Symbol]                       0x080017b4   Section        0  segger_rtt.o(.text.SEGGER_RTT_WriteNoLock)
    __arm_cp.11_0                            0x08001818   Number         4  segger_rtt.o(.text.SEGGER_RTT_WriteNoLock)
    [Anonymous Symbol]                       0x0800181c   Section        0  segger_rtt.o(.text.SEGGER_RTT_WriteString)
    [Anonymous Symbol]                       0x08001834   Section        0  segger_rtt_printf.o(.text.SEGGER_RTT_printf)
    [Anonymous Symbol]                       0x08001850   Section        0  segger_rtt_printf.o(.text.SEGGER_RTT_vprintf)
    [Anonymous Symbol]                       0x08001adc   Section        0  stm32l0xx_it.o(.text.SVC_Handler)
    [Anonymous Symbol]                       0x08001ade   Section        0  stm32l0xx_it.o(.text.SysTick_Handler)
    [Anonymous Symbol]                       0x08001ae8   Section        0  main.o(.text.SystemClock_Config)
    __arm_cp.7_0                             0x08001b7c   Number         4  main.o(.text.SystemClock_Config)
    [Anonymous Symbol]                       0x08001b80   Section        0  system_stm32l0xx.o(.text.SystemInit)
    [Anonymous Symbol]                       0x08001b82   Section        0  stm32l0xx_hal_uart.o(.text.UART_AdvFeatureConfig)
    [Anonymous Symbol]                       0x08001c3c   Section        0  stm32l0xx_hal_uart.o(.text.UART_CheckIdleState)
    __arm_cp.4_0                             0x08001ca0   Number         4  stm32l0xx_hal_uart.o(.text.UART_CheckIdleState)
    UART_DMAAbortOnError                     0x08001ca5   Thumb Code    22  stm32l0xx_hal_uart.o(.text.UART_DMAAbortOnError)
    [Anonymous Symbol]                       0x08001ca4   Section        0  stm32l0xx_hal_uart.o(.text.UART_DMAAbortOnError)
    UART_EndRxTransfer                       0x08001cbb   Thumb Code    88  stm32l0xx_hal_uart.o(.text.UART_EndRxTransfer)
    [Anonymous Symbol]                       0x08001cba   Section        0  stm32l0xx_hal_uart.o(.text.UART_EndRxTransfer)
    UART_RxISR_16BIT                         0x08001d13   Thumb Code   162  stm32l0xx_hal_uart.o(.text.UART_RxISR_16BIT)
    [Anonymous Symbol]                       0x08001d12   Section        0  stm32l0xx_hal_uart.o(.text.UART_RxISR_16BIT)
    UART_RxISR_8BIT                          0x08001db5   Thumb Code   164  stm32l0xx_hal_uart.o(.text.UART_RxISR_8BIT)
    [Anonymous Symbol]                       0x08001db4   Section        0  stm32l0xx_hal_uart.o(.text.UART_RxISR_8BIT)
    [Anonymous Symbol]                       0x08001e58   Section        0  main.o(.text.UART_SendData)
    [Anonymous Symbol]                       0x08001e78   Section        0  stm32l0xx_hal_uart.o(.text.UART_SetConfig)
    __arm_cp.2_0                             0x08002028   Number         4  stm32l0xx_hal_uart.o(.text.UART_SetConfig)
    __arm_cp.2_1                             0x0800202c   Number         4  stm32l0xx_hal_uart.o(.text.UART_SetConfig)
    __arm_cp.2_2                             0x08002030   Number         4  stm32l0xx_hal_uart.o(.text.UART_SetConfig)
    __arm_cp.2_3                             0x08002034   Number         4  stm32l0xx_hal_uart.o(.text.UART_SetConfig)
    __arm_cp.2_4                             0x08002038   Number         4  stm32l0xx_hal_uart.o(.text.UART_SetConfig)
    __arm_cp.2_5                             0x0800203c   Number         4  stm32l0xx_hal_uart.o(.text.UART_SetConfig)
    __arm_cp.2_6                             0x08002040   Number         4  stm32l0xx_hal_uart.o(.text.UART_SetConfig)
    __arm_cp.2_7                             0x08002044   Number         4  stm32l0xx_hal_uart.o(.text.UART_SetConfig)
    __arm_cp.2_9                             0x08002058   Number         4  stm32l0xx_hal_uart.o(.text.UART_SetConfig)
    __arm_cp.2_10                            0x0800205c   Number         4  stm32l0xx_hal_uart.o(.text.UART_SetConfig)
    __arm_cp.2_11                            0x08002060   Number         4  stm32l0xx_hal_uart.o(.text.UART_SetConfig)
    __arm_cp.2_12                            0x08002064   Number         4  stm32l0xx_hal_uart.o(.text.UART_SetConfig)
    __arm_cp.2_13                            0x08002068   Number         4  stm32l0xx_hal_uart.o(.text.UART_SetConfig)
    [Anonymous Symbol]                       0x0800206c   Section        0  stm32l0xx_hal_uart.o(.text.UART_Start_Receive_IT)
    __arm_cp.17_0                            0x08002108   Number         4  stm32l0xx_hal_uart.o(.text.UART_Start_Receive_IT)
    __arm_cp.17_1                            0x0800210c   Number         4  stm32l0xx_hal_uart.o(.text.UART_Start_Receive_IT)
    __arm_cp.17_2                            0x08002110   Number         4  stm32l0xx_hal_uart.o(.text.UART_Start_Receive_IT)
    [Anonymous Symbol]                       0x08002114   Section        0  stm32l0xx_hal_uart.o(.text.UART_WaitOnFlagUntilTimeout)
    [Anonymous Symbol]                       0x080021e0   Section        0  stm32l0xx_it.o(.text.USART1_IRQHandler)
    [Anonymous Symbol]                       0x080021fc   Section        0  main.o(.text.USART_CharReception_Callback)
    _DoInit                                  0x08002201   Thumb Code   100  segger_rtt.o(.text._DoInit)
    [Anonymous Symbol]                       0x08002200   Section        0  segger_rtt.o(.text._DoInit)
    __arm_cp.1_0                             0x0800224c   Number         4  segger_rtt.o(.text._DoInit)
    __arm_cp.1_1                             0x08002250   Number         4  segger_rtt.o(.text._DoInit)
    __arm_cp.1_2                             0x08002254   Number         4  segger_rtt.o(.text._DoInit)
    __arm_cp.1_3                             0x08002258   Number         4  segger_rtt.o(.text._DoInit)
    _GetAvailWriteSpace                      0x08002265   Thumb Code    22  segger_rtt.o(.text._GetAvailWriteSpace)
    [Anonymous Symbol]                       0x08002264   Section        0  segger_rtt.o(.text._GetAvailWriteSpace)
    _PrintUnsigned                           0x0800227d   Thumb Code   264  segger_rtt_printf.o(.text._PrintUnsigned)
    [Anonymous Symbol]                       0x0800227c   Section        0  segger_rtt_printf.o(.text._PrintUnsigned)
    _PrintUnsigned._aV2C                     0x08002374   Number         0  segger_rtt_printf.o(.text._PrintUnsigned)
    _StoreChar                               0x08002385   Thumb Code    64  segger_rtt_printf.o(.text._StoreChar)
    [Anonymous Symbol]                       0x08002384   Section        0  segger_rtt_printf.o(.text._StoreChar)
    _WriteBlocking                           0x080023c5   Thumb Code    92  segger_rtt.o(.text._WriteBlocking)
    [Anonymous Symbol]                       0x080023c4   Section        0  segger_rtt.o(.text._WriteBlocking)
    _WriteNoCheck                            0x08002421   Thumb Code    54  segger_rtt.o(.text._WriteNoCheck)
    [Anonymous Symbol]                       0x08002420   Section        0  segger_rtt.o(.text._WriteNoCheck)
    __NVIC_SetPriority                       0x08002459   Thumb Code    64  stm32l0xx_hal_cortex.o(.text.__NVIC_SetPriority)
    [Anonymous Symbol]                       0x08002458   Section        0  stm32l0xx_hal_cortex.o(.text.__NVIC_SetPriority)
    __arm_cp.1_0                             0x08002490   Number         4  stm32l0xx_hal_cortex.o(.text.__NVIC_SetPriority)
    __arm_cp.1_1                             0x08002494   Number         4  stm32l0xx_hal_cortex.o(.text.__NVIC_SetPriority)
    [Anonymous Symbol]                       0x08002498   Section        0  main.o(.text.main)
    __arm_cp.6_0                             0x08002500   Number         4  main.o(.text.main)
    __arm_cp.6_2                             0x08002508   Number         4  main.o(.text.main)
    __arm_cp.6_4                             0x08002518   Number         4  main.o(.text.main)
    __arm_cp.6_5                             0x0800251c   Number         4  main.o(.text.main)
    .Lswitch.table.UART_SetConfig.2          0x0800254c   Data          16  stm32l0xx_hal_uart.o(.rodata.cst16)
    .L.str                                   0x0800255c   Data           9  segger_rtt.o(.rodata.str1.1)
    [Anonymous Symbol]                       0x0800255c   Section        0  segger_rtt.o(.rodata.str1.1)
    [Anonymous Symbol]                       0x20000000   Section        0  stm32l0xx_hal.o(.data..L_MergedGlobals)
    .bss                                     0x20000010   Section       96  libspace.o(.bss)
    [Anonymous Symbol]                       0x20000070   Section        0  main.o(.bss..L_MergedGlobals)
    logBuffer                                0x20000071   Data          32  main.o(.bss..L_MergedGlobals)
    _ActiveTerminal                          0x20000091   Data           1  segger_rtt.o(.bss..L_MergedGlobals)
    [Anonymous Symbol]                       0x20000091   Section        0  segger_rtt.o(.bss..L_MergedGlobals)
    _acDownBuffer                            0x20000092   Data          64  segger_rtt.o(.bss..L_MergedGlobals)
    _acUpBuffer                              0x2000011c   Data         256  segger_rtt.o(.bss._acUpBuffer)
    [Anonymous Symbol]                       0x2000011c   Section        0  segger_rtt.o(.bss._acUpBuffer)
    m_rx_buff                                0x200002a0   Data        1026  main.o(.bss.m_rx_buff)
    [Anonymous Symbol]                       0x200002a0   Section        0  main.o(.bss.m_rx_buff)
    Heap_Mem                                 0x200006a8   Data         512  startup_stm32l071xx.o(HEAP)
    HEAP                                     0x200006a8   Section      512  startup_stm32l071xx.o(HEAP)
    Stack_Mem                                0x200008a8   Data        1024  startup_stm32l071xx.o(STACK)
    STACK                                    0x200008a8   Section     1024  startup_stm32l071xx.o(STACK)
    __initial_sp                             0x20000ca8   Data           0  startup_stm32l071xx.o(STACK)

    Global Symbols

    Symbol Name                              Value     Ov Type        Size  Object(Section)

    BuildAttributes$$THM_ISAv3M$S$PE$A:L22$X:L11$S22$IEEE1$IW$~IW$USESV6$~STKCKD$USESV7$~SHL$OSPACE$ROPI$EBA8$UX$STANDARDLIB$REQ8$PRES8$EABIv2 0x00000000   Number         0  anon$$obj.o ABSOLUTE
    __ARM_exceptions_init                     - Undefined Weak Reference
    __alloca_initialize                       - Undefined Weak Reference
    __arm_preinit_                            - Undefined Weak Reference
    __cpp_initialize__aeabi_                  - Undefined Weak Reference
    __cxa_finalize                            - Undefined Weak Reference
    __rt_locale                               - Undefined Weak Reference
    __sigvec_lookup                           - Undefined Weak Reference
    _atexit_init                              - Undefined Weak Reference
    _call_atexit_fns                          - Undefined Weak Reference
    _clock_init                               - Undefined Weak Reference
    _fp_trap_init                             - Undefined Weak Reference
    _fp_trap_shutdown                         - Undefined Weak Reference
    _get_lc_collate                           - Undefined Weak Reference
    _get_lc_ctype                             - Undefined Weak Reference
    _get_lc_monetary                          - Undefined Weak Reference
    _get_lc_numeric                           - Undefined Weak Reference
    _get_lc_time                              - Undefined Weak Reference
    _getenv_init                              - Undefined Weak Reference
    _handle_redirection                       - Undefined Weak Reference
    _init_alloc                               - Undefined Weak Reference
    _init_user_alloc                          - Undefined Weak Reference
    _initio                                   - Undefined Weak Reference
    _rand_init                                - Undefined Weak Reference
    _signal_finish                            - Undefined Weak Reference
    _signal_init                              - Undefined Weak Reference
    _terminate_alloc                          - Undefined Weak Reference
    _terminate_user_alloc                     - Undefined Weak Reference
    _terminateio                              - Undefined Weak Reference
    __Vectors_Size                           0x000000c0   Number         0  startup_stm32l071xx.o ABSOLUTE
    __Vectors                                0x08000000   Data           4  startup_stm32l071xx.o(RESET)
    __Vectors_End                            0x080000c0   Data           0  startup_stm32l071xx.o(RESET)
    __main                                   0x080000c1   Thumb Code     8  __main.o(!!!main)
    __scatterload                            0x080000c9   Thumb Code     0  __scatter.o(!!!scatter)
    __scatterload_rt2                        0x080000c9   Thumb Code    52  __scatter.o(!!!scatter)
    __scatterload_rt2_thumb_only             0x080000c9   Thumb Code     0  __scatter.o(!!!scatter)
    __scatterload_null                       0x080000d9   Thumb Code     0  __scatter.o(!!!scatter)
    __scatterload_copy                       0x08000105   Thumb Code    26  __scatter_copy.o(!!handler_copy)
    __scatterload_zeroinit                   0x08000121   Thumb Code    28  __scatter_zi.o(!!handler_zi)
    __rt_lib_init                            0x0800013d   Thumb Code     0  libinit.o(.ARM.Collect$$libinit$$00000000)
    __rt_lib_init_alloca_1                   0x0800013f   Thumb Code     0  libinit2.o(.ARM.Collect$$libinit$$0000002E)
    __rt_lib_init_argv_1                     0x0800013f   Thumb Code     0  libinit2.o(.ARM.Collect$$libinit$$0000002C)
    __rt_lib_init_atexit_1                   0x0800013f   Thumb Code     0  libinit2.o(.ARM.Collect$$libinit$$0000001B)
    __rt_lib_init_clock_1                    0x0800013f   Thumb Code     0  libinit2.o(.ARM.Collect$$libinit$$00000021)
    __rt_lib_init_cpp_1                      0x0800013f   Thumb Code     0  libinit2.o(.ARM.Collect$$libinit$$00000032)
    __rt_lib_init_exceptions_1               0x0800013f   Thumb Code     0  libinit2.o(.ARM.Collect$$libinit$$00000030)
    __rt_lib_init_fp_1                       0x0800013f   Thumb Code     0  libinit2.o(.ARM.Collect$$libinit$$00000002)
    __rt_lib_init_fp_trap_1                  0x0800013f   Thumb Code     0  libinit2.o(.ARM.Collect$$libinit$$0000001F)
    __rt_lib_init_getenv_1                   0x0800013f   Thumb Code     0  libinit2.o(.ARM.Collect$$libinit$$00000023)
    __rt_lib_init_heap_1                     0x0800013f   Thumb Code     0  libinit2.o(.ARM.Collect$$libinit$$0000000A)
    __rt_lib_init_lc_collate_1               0x0800013f   Thumb Code     0  libinit2.o(.ARM.Collect$$libinit$$00000011)
    __rt_lib_init_lc_ctype_1                 0x0800013f   Thumb Code     0  libinit2.o(.ARM.Collect$$libinit$$00000013)
    __rt_lib_init_lc_monetary_1              0x0800013f   Thumb Code     0  libinit2.o(.ARM.Collect$$libinit$$00000015)
    __rt_lib_init_lc_numeric_1               0x0800013f   Thumb Code     0  libinit2.o(.ARM.Collect$$libinit$$00000017)
    __rt_lib_init_lc_time_1                  0x0800013f   Thumb Code     0  libinit2.o(.ARM.Collect$$libinit$$00000019)
    __rt_lib_init_preinit_1                  0x0800013f   Thumb Code     0  libinit2.o(.ARM.Collect$$libinit$$00000004)
    __rt_lib_init_rand_1                     0x0800013f   Thumb Code     0  libinit2.o(.ARM.Collect$$libinit$$0000000E)
    __rt_lib_init_return                     0x0800013f   Thumb Code     0  libinit2.o(.ARM.Collect$$libinit$$00000033)
    __rt_lib_init_signal_1                   0x0800013f   Thumb Code     0  libinit2.o(.ARM.Collect$$libinit$$0000001D)
    __rt_lib_init_stdio_1                    0x0800013f   Thumb Code     0  libinit2.o(.ARM.Collect$$libinit$$00000025)
    __rt_lib_init_user_alloc_1               0x0800013f   Thumb Code     0  libinit2.o(.ARM.Collect$$libinit$$0000000C)
    __rt_lib_shutdown                        0x08000141   Thumb Code     0  libshutdown.o(.ARM.Collect$$libshutdown$$00000000)
    __rt_lib_shutdown_cpp_1                  0x08000143   Thumb Code     0  libshutdown2.o(.ARM.Collect$$libshutdown$$00000002)
    __rt_lib_shutdown_fp_trap_1              0x08000143   Thumb Code     0  libshutdown2.o(.ARM.Collect$$libshutdown$$00000007)
    __rt_lib_shutdown_heap_1                 0x08000143   Thumb Code     0  libshutdown2.o(.ARM.Collect$$libshutdown$$0000000F)
    __rt_lib_shutdown_return                 0x08000143   Thumb Code     0  libshutdown2.o(.ARM.Collect$$libshutdown$$00000010)
    __rt_lib_shutdown_signal_1               0x08000143   Thumb Code     0  libshutdown2.o(.ARM.Collect$$libshutdown$$0000000A)
    __rt_lib_shutdown_stdio_1                0x08000143   Thumb Code     0  libshutdown2.o(.ARM.Collect$$libshutdown$$00000004)
    __rt_lib_shutdown_user_alloc_1           0x08000143   Thumb Code     0  libshutdown2.o(.ARM.Collect$$libshutdown$$0000000C)
    __rt_entry                               0x08000145   Thumb Code     0  __rtentry.o(.ARM.Collect$$rtentry$$00000000)
    __rt_entry_presh_1                       0x08000145   Thumb Code     0  __rtentry2.o(.ARM.Collect$$rtentry$$00000002)
    __rt_entry_sh                            0x08000145   Thumb Code     0  __rtentry4.o(.ARM.Collect$$rtentry$$00000004)
    __rt_entry_li                            0x0800014b   Thumb Code     0  __rtentry2.o(.ARM.Collect$$rtentry$$0000000A)
    __rt_entry_postsh_1                      0x0800014b   Thumb Code     0  __rtentry2.o(.ARM.Collect$$rtentry$$00000009)
    __rt_entry_main                          0x0800014f   Thumb Code     0  __rtentry2.o(.ARM.Collect$$rtentry$$0000000D)
    __rt_entry_postli_1                      0x0800014f   Thumb Code     0  __rtentry2.o(.ARM.Collect$$rtentry$$0000000C)
    __rt_exit                                0x08000157   Thumb Code     0  rtexit.o(.ARM.Collect$$rtexit$$00000000)
    __rt_exit_ls                             0x08000159   Thumb Code     0  rtexit2.o(.ARM.Collect$$rtexit$$00000003)
    __rt_exit_prels_1                        0x08000159   Thumb Code     0  rtexit2.o(.ARM.Collect$$rtexit$$00000002)
    __rt_exit_exit                           0x0800015d   Thumb Code     0  rtexit2.o(.ARM.Collect$$rtexit$$00000004)
    __aeabi_memcpy4                          0x08000165   Thumb Code    56  rt_memcpy.o(.emb_text)
    __aeabi_memcpy8                          0x08000165   Thumb Code     0  rt_memcpy.o(.emb_text)
    Reset_Handler                            0x0800019d   Thumb Code     8  startup_stm32l071xx.o(.text)
    ADC1_COMP_IRQHandler                     0x080001af   Thumb Code     0  startup_stm32l071xx.o(.text)
    DMA1_Channel1_IRQHandler                 0x080001af   Thumb Code     0  startup_stm32l071xx.o(.text)
    DMA1_Channel2_3_IRQHandler               0x080001af   Thumb Code     0  startup_stm32l071xx.o(.text)
    DMA1_Channel4_5_6_7_IRQHandler           0x080001af   Thumb Code     0  startup_stm32l071xx.o(.text)
    EXTI0_1_IRQHandler                       0x080001af   Thumb Code     0  startup_stm32l071xx.o(.text)
    EXTI2_3_IRQHandler                       0x080001af   Thumb Code     0  startup_stm32l071xx.o(.text)
    EXTI4_15_IRQHandler                      0x080001af   Thumb Code     0  startup_stm32l071xx.o(.text)
    FLASH_IRQHandler                         0x080001af   Thumb Code     0  startup_stm32l071xx.o(.text)
    I2C1_IRQHandler                          0x080001af   Thumb Code     0  startup_stm32l071xx.o(.text)
    I2C2_IRQHandler                          0x080001af   Thumb Code     0  startup_stm32l071xx.o(.text)
    I2C3_IRQHandler                          0x080001af   Thumb Code     0  startup_stm32l071xx.o(.text)
    LPTIM1_IRQHandler                        0x080001af   Thumb Code     0  startup_stm32l071xx.o(.text)
    LPUART1_IRQHandler                       0x080001af   Thumb Code     0  startup_stm32l071xx.o(.text)
    PVD_IRQHandler                           0x080001af   Thumb Code     0  startup_stm32l071xx.o(.text)
    RCC_IRQHandler                           0x080001af   Thumb Code     0  startup_stm32l071xx.o(.text)
    RTC_IRQHandler                           0x080001af   Thumb Code     0  startup_stm32l071xx.o(.text)
    SPI1_IRQHandler                          0x080001af   Thumb Code     0  startup_stm32l071xx.o(.text)
    SPI2_IRQHandler                          0x080001af   Thumb Code     0  startup_stm32l071xx.o(.text)
    TIM21_IRQHandler                         0x080001af   Thumb Code     0  startup_stm32l071xx.o(.text)
    TIM22_IRQHandler                         0x080001af   Thumb Code     0  startup_stm32l071xx.o(.text)
    TIM2_IRQHandler                          0x080001af   Thumb Code     0  startup_stm32l071xx.o(.text)
    TIM3_IRQHandler                          0x080001af   Thumb Code     0  startup_stm32l071xx.o(.text)
    TIM6_IRQHandler                          0x080001af   Thumb Code     0  startup_stm32l071xx.o(.text)
    TIM7_IRQHandler                          0x080001af   Thumb Code     0  startup_stm32l071xx.o(.text)
    USART2_IRQHandler                        0x080001af   Thumb Code     0  startup_stm32l071xx.o(.text)
    USART4_5_IRQHandler                      0x080001af   Thumb Code     0  startup_stm32l071xx.o(.text)
    WWDG_IRQHandler                          0x080001af   Thumb Code     0  startup_stm32l071xx.o(.text)
    __user_initial_stackheap                 0x080001b1   Thumb Code     0  startup_stm32l071xx.o(.text)
    __aeabi_uldivmod                         0x080001d5   Thumb Code   272  lludiv.o(.text)
    _ll_udiv                                 0x080001d5   Thumb Code     0  lludiv.o(.text)
    strlen                                   0x080002e5   Thumb Code    62  strlen.o(.text)
    __aeabi_memcpy                           0x08000329   Thumb Code   130  rt_memcpy.o(.text)
    __rt_memcpy                              0x08000329   Thumb Code     0  rt_memcpy.o(.text)
    _memset_w                                0x080003ab   Thumb Code    26  rt_memclr.o(.text)
    _memset                                  0x080003c5   Thumb Code    30  rt_memclr.o(.text)
    __aeabi_memclr                           0x080003e3   Thumb Code     4  rt_memclr.o(.text)
    __rt_memclr                              0x080003e3   Thumb Code     0  rt_memclr.o(.text)
    __aeabi_memclr4                          0x080003e7   Thumb Code     0  rt_memclr.o(.text)
    __aeabi_memclr8                          0x080003e7   Thumb Code     0  rt_memclr.o(.text)
    __rt_memclr_w                            0x080003e7   Thumb Code     4  rt_memclr.o(.text)
    __aeabi_uidiv                            0x080003ed   Thumb Code     0  aeabi_sdiv.o(.text)
    __aeabi_uidivmod                         0x080003ed   Thumb Code    20  aeabi_sdiv.o(.text)
    __aeabi_idiv                             0x08000401   Thumb Code     0  aeabi_sdiv.o(.text)
    __aeabi_idivmod                          0x08000401   Thumb Code   338  aeabi_sdiv.o(.text)
    __use_two_region_memory                  0x08000559   Thumb Code     2  heapauxi.o(.text)
    __rt_heap_escrow$2region                 0x0800055b   Thumb Code     2  heapauxi.o(.text)
    __rt_heap_expand$2region                 0x0800055d   Thumb Code     2  heapauxi.o(.text)
    __user_setup_stackheap                   0x0800055f   Thumb Code    62  sys_stackheap_outer.o(.text)
    exit                                     0x0800059d   Thumb Code    16  exit.o(.text)
    __user_libspace                          0x080005ad   Thumb Code     8  libspace.o(.text)
    __user_perproc_libspace                  0x080005ad   Thumb Code     0  libspace.o(.text)
    __user_perthread_libspace                0x080005ad   Thumb Code     0  libspace.o(.text)
    _sys_exit                                0x080005b5   Thumb Code     8  sys_exit.o(.text)
    __I$use$semihosting                      0x080005c1   Thumb Code     0  use_no_semi.o(.text)
    __use_no_semihosting_swi                 0x080005c1   Thumb Code     2  use_no_semi.o(.text)
    __semihosting_library_function           0x080005c3   Thumb Code     0  indicate_semi.o(.text)
    EC200_Turn_on_Power                      0x080005c5   Thumb Code   188  main.o(.text.EC200_Turn_on_Power)
    Error_Handler                            0x08000681   Thumb Code     8  main.o(.text.Error_Handler)
    HAL_DMA_Abort                            0x08000689   Thumb Code    64  stm32l0xx_hal_dma.o(.text.HAL_DMA_Abort)
    HAL_DMA_Abort_IT                         0x080006c9   Thumb Code    72  stm32l0xx_hal_dma.o(.text.HAL_DMA_Abort_IT)
    HAL_Delay                                0x08000711   Thumb Code    32  stm32l0xx_hal.o(.text.HAL_Delay)
    HAL_GPIO_Init                            0x08000731   Thumb Code   376  stm32l0xx_hal_gpio.o(.text.HAL_GPIO_Init)
    HAL_GPIO_WritePin                        0x080008a9   Thumb Code    14  stm32l0xx_hal_gpio.o(.text.HAL_GPIO_WritePin)
    HAL_GetTick                              0x080008b9   Thumb Code     8  stm32l0xx_hal.o(.text.HAL_GetTick)
    HAL_IncTick                              0x080008c1   Thumb Code    20  stm32l0xx_hal.o(.text.HAL_IncTick)
    HAL_Init                                 0x080008d5   Thumb Code    36  stm32l0xx_hal.o(.text.HAL_Init)
    HAL_InitTick                             0x080008f9   Thumb Code    64  stm32l0xx_hal.o(.text.HAL_InitTick)
    HAL_MspInit                              0x08000939   Thumb Code    24  stm32l0xx_hal_msp.o(.text.HAL_MspInit)
    HAL_NVIC_EnableIRQ                       0x08000951   Thumb Code    24  stm32l0xx_hal_cortex.o(.text.HAL_NVIC_EnableIRQ)
    HAL_NVIC_SetPriority                     0x08000969   Thumb Code     8  stm32l0xx_hal_cortex.o(.text.HAL_NVIC_SetPriority)
    HAL_RCCEx_PeriphCLKConfig                0x08000971   Thumb Code   384  stm32l0xx_hal_rcc_ex.o(.text.HAL_RCCEx_PeriphCLKConfig)
    HAL_RCC_ClockConfig                      0x08000af1   Thumb Code   412  stm32l0xx_hal_rcc.o(.text.HAL_RCC_ClockConfig)
    HAL_RCC_GetPCLK1Freq                     0x08000c8d   Thumb Code    20  stm32l0xx_hal_rcc.o(.text.HAL_RCC_GetPCLK1Freq)
    HAL_RCC_GetPCLK2Freq                     0x08000ca1   Thumb Code    32  stm32l0xx_hal_rcc.o(.text.HAL_RCC_GetPCLK2Freq)
    HAL_RCC_GetSysClockFreq                  0x08000cc1   Thumb Code   112  stm32l0xx_hal_rcc.o(.text.HAL_RCC_GetSysClockFreq)
    HAL_RCC_OscConfig                        0x08000d31   Thumb Code  1144  stm32l0xx_hal_rcc.o(.text.HAL_RCC_OscConfig)
    HAL_SYSTICK_Config                       0x080011a9   Thumb Code    52  stm32l0xx_hal_cortex.o(.text.HAL_SYSTICK_Config)
    HAL_UARTEx_RxEventCallback               0x080011dd   Thumb Code     2  stm32l0xx_hal_uart.o(.text.HAL_UARTEx_RxEventCallback)
    HAL_UARTEx_WakeupCallback                0x080011df   Thumb Code     2  stm32l0xx_hal_uart_ex.o(.text.HAL_UARTEx_WakeupCallback)
    HAL_UART_ErrorCallback                   0x080011e1   Thumb Code     2  stm32l0xx_hal_uart.o(.text.HAL_UART_ErrorCallback)
    HAL_UART_IRQHandler                      0x080011e5   Thumb Code   764  stm32l0xx_hal_uart.o(.text.HAL_UART_IRQHandler)
    HAL_UART_Init                            0x080014e1   Thumb Code   106  stm32l0xx_hal_uart.o(.text.HAL_UART_Init)
    HAL_UART_MspInit                         0x0800154d   Thumb Code   100  usart.o(.text.HAL_UART_MspInit)
    HAL_UART_Receive_IT                      0x080015b1   Thumb Code   116  stm32l0xx_hal_uart.o(.text.HAL_UART_Receive_IT)
    HAL_UART_RxCpltCallback                  0x08001625   Thumb Code    40  main.o(.text.HAL_UART_RxCpltCallback)
    HAL_UART_TxCpltCallback                  0x0800164d   Thumb Code     2  stm32l0xx_hal_uart.o(.text.HAL_UART_TxCpltCallback)
    HardFault_Handler                        0x0800164f   Thumb Code     2  stm32l0xx_it.o(.text.HardFault_Handler)
    MX_GPIO_Init                             0x08001651   Thumb Code   192  gpio.o(.text.MX_GPIO_Init)
    MX_USART1_UART_Init                      0x08001711   Thumb Code    56  usart.o(.text.MX_USART1_UART_Init)
    NMI_Handler                              0x08001749   Thumb Code     2  stm32l0xx_it.o(.text.NMI_Handler)
    PendSV_Handler                           0x0800174b   Thumb Code     2  stm32l0xx_it.o(.text.PendSV_Handler)
    SEGGER_RTT_ConfigUpBuffer                0x0800174d   Thumb Code    48  segger_rtt.o(.text.SEGGER_RTT_ConfigUpBuffer)
    SEGGER_RTT_Init                          0x0800177d   Thumb Code     8  segger_rtt.o(.text.SEGGER_RTT_Init)
    SEGGER_RTT_Write                         0x08001785   Thumb Code    48  segger_rtt.o(.text.SEGGER_RTT_Write)
    SEGGER_RTT_WriteNoLock                   0x080017b5   Thumb Code   104  segger_rtt.o(.text.SEGGER_RTT_WriteNoLock)
    SEGGER_RTT_WriteString                   0x0800181d   Thumb Code    24  segger_rtt.o(.text.SEGGER_RTT_WriteString)
    SEGGER_RTT_printf                        0x08001835   Thumb Code    26  segger_rtt_printf.o(.text.SEGGER_RTT_printf)
    SEGGER_RTT_vprintf                       0x08001851   Thumb Code   652  segger_rtt_printf.o(.text.SEGGER_RTT_vprintf)
    SVC_Handler                              0x08001add   Thumb Code     2  stm32l0xx_it.o(.text.SVC_Handler)
    SysTick_Handler                          0x08001adf   Thumb Code     8  stm32l0xx_it.o(.text.SysTick_Handler)
    SystemClock_Config                       0x08001ae9   Thumb Code   152  main.o(.text.SystemClock_Config)
    SystemInit                               0x08001b81   Thumb Code     2  system_stm32l0xx.o(.text.SystemInit)
    UART_AdvFeatureConfig                    0x08001b83   Thumb Code   184  stm32l0xx_hal_uart.o(.text.UART_AdvFeatureConfig)
    UART_CheckIdleState                      0x08001c3d   Thumb Code   104  stm32l0xx_hal_uart.o(.text.UART_CheckIdleState)
    UART_SendData                            0x08001e59   Thumb Code    32  main.o(.text.UART_SendData)
    UART_SetConfig                           0x08001e79   Thumb Code   500  stm32l0xx_hal_uart.o(.text.UART_SetConfig)
    UART_Start_Receive_IT                    0x0800206d   Thumb Code   168  stm32l0xx_hal_uart.o(.text.UART_Start_Receive_IT)
    UART_WaitOnFlagUntilTimeout              0x08002115   Thumb Code   204  stm32l0xx_hal_uart.o(.text.UART_WaitOnFlagUntilTimeout)
    USART1_IRQHandler                        0x080021e1   Thumb Code    28  stm32l0xx_it.o(.text.USART1_IRQHandler)
    USART_CharReception_Callback             0x080021fd   Thumb Code     2  main.o(.text.USART_CharReception_Callback)
    main                                     0x08002499   Thumb Code   144  main.o(.text.main)
    AHBPrescTable                            0x08002528   Data          16  system_stm32l0xx.o(.rodata.AHBPrescTable)
    APBPrescTable                            0x08002538   Data           8  system_stm32l0xx.o(.rodata.APBPrescTable)
    PLLMulTable                              0x08002540   Data           9  system_stm32l0xx.o(.rodata.PLLMulTable)
    Region$$Table$$Base                      0x08002568   Number         0  anon$$obj.o(Region$$Table)
    Region$$Table$$Limit                     0x08002588   Number         0  anon$$obj.o(Region$$Table)
    uwTickFreq                               0x20000000   Data           1  stm32l0xx_hal.o(.data..L_MergedGlobals)
    uwTickPrio                               0x20000004   Data           4  stm32l0xx_hal.o(.data..L_MergedGlobals)
    SystemCoreClock                          0x20000008   Data           4  system_stm32l0xx.o(.data.SystemCoreClock)
    __libspace_start                         0x20000010   Data          96  libspace.o(.bss)
    __temporary_stack_top$libspace           0x20000070   Data           0  libspace.o(.bss)
    data                                     0x20000070   Data           1  main.o(.bss..L_MergedGlobals)
    _SEGGER_RTT                              0x200000d4   Data          72  segger_rtt.o(.bss._SEGGER_RTT)
    huart1                                   0x2000021c   Data         132  usart.o(.bss.huart1)
    uwTick                                   0x200006a4   Data           4  stm32l0xx_hal.o(.bss.uwTick)



==============================================================================

Memory Map of the image

  Image Entry point : 0x080000c1

  Load Region LR_IROM1 (Base: 0x08000000, Size: 0x00002598, Max: 0x00030000, ABSOLUTE)

    Execution Region ER_IROM1 (Exec base: 0x08000000, Load base: 0x08000000, Size: 0x00002588, Max: 0x00030000, ABSOLUTE)

    Exec Addr    Load Addr    Size         Type   Attr      Idx    E Section Name        Object

    0x08000000   0x08000000   0x000000c0   Data   RO            3    RESET               startup_stm32l071xx.o
    0x080000c0   0x080000c0   0x00000008   Code   RO         1033  * !!!main             c_p.l(__main.o)
    0x080000c8   0x080000c8   0x0000003c   Code   RO         1212    !!!scatter          c_p.l(__scatter.o)
    0x08000104   0x08000104   0x0000001a   Code   RO         1214    !!handler_copy      c_p.l(__scatter_copy.o)
    0x0800011e   0x0800011e   0x00000002   PAD
    0x08000120   0x08000120   0x0000001c   Code   RO         1216    !!handler_zi        c_p.l(__scatter_zi.o)
    0x0800013c   0x0800013c   0x00000002   Code   RO         1075    .ARM.Collect$$libinit$$00000000  c_p.l(libinit.o)
    0x0800013e   0x0800013e   0x00000000   Code   RO         1089    .ARM.Collect$$libinit$$00000002  c_p.l(libinit2.o)
    0x0800013e   0x0800013e   0x00000000   Code   RO         1091    .ARM.Collect$$libinit$$00000004  c_p.l(libinit2.o)
    0x0800013e   0x0800013e   0x00000000   Code   RO         1094    .ARM.Collect$$libinit$$0000000A  c_p.l(libinit2.o)
    0x0800013e   0x0800013e   0x00000000   Code   RO         1096    .ARM.Collect$$libinit$$0000000C  c_p.l(libinit2.o)
    0x0800013e   0x0800013e   0x00000000   Code   RO         1098    .ARM.Collect$$libinit$$0000000E  c_p.l(libinit2.o)
    0x0800013e   0x0800013e   0x00000000   Code   RO         1101    .ARM.Collect$$libinit$$00000011  c_p.l(libinit2.o)
    0x0800013e   0x0800013e   0x00000000   Code   RO         1103    .ARM.Collect$$libinit$$00000013  c_p.l(libinit2.o)
    0x0800013e   0x0800013e   0x00000000   Code   RO         1105    .ARM.Collect$$libinit$$00000015  c_p.l(libinit2.o)
    0x0800013e   0x0800013e   0x00000000   Code   RO         1107    .ARM.Collect$$libinit$$00000017  c_p.l(libinit2.o)
    0x0800013e   0x0800013e   0x00000000   Code   RO         1109    .ARM.Collect$$libinit$$00000019  c_p.l(libinit2.o)
    0x0800013e   0x0800013e   0x00000000   Code   RO         1111    .ARM.Collect$$libinit$$0000001B  c_p.l(libinit2.o)
    0x0800013e   0x0800013e   0x00000000   Code   RO         1113    .ARM.Collect$$libinit$$0000001D  c_p.l(libinit2.o)
    0x0800013e   0x0800013e   0x00000000   Code   RO         1115    .ARM.Collect$$libinit$$0000001F  c_p.l(libinit2.o)
    0x0800013e   0x0800013e   0x00000000   Code   RO         1117    .ARM.Collect$$libinit$$00000021  c_p.l(libinit2.o)
    0x0800013e   0x0800013e   0x00000000   Code   RO         1119    .ARM.Collect$$libinit$$00000023  c_p.l(libinit2.o)
    0x0800013e   0x0800013e   0x00000000   Code   RO         1121    .ARM.Collect$$libinit$$00000025  c_p.l(libinit2.o)
    0x0800013e   0x0800013e   0x00000000   Code   RO         1125    .ARM.Collect$$libinit$$0000002C  c_p.l(libinit2.o)
    0x0800013e   0x0800013e   0x00000000   Code   RO         1127    .ARM.Collect$$libinit$$0000002E  c_p.l(libinit2.o)
    0x0800013e   0x0800013e   0x00000000   Code   RO         1129    .ARM.Collect$$libinit$$00000030  c_p.l(libinit2.o)
    0x0800013e   0x0800013e   0x00000000   Code   RO         1131    .ARM.Collect$$libinit$$00000032  c_p.l(libinit2.o)
    0x0800013e   0x0800013e   0x00000002   Code   RO         1132    .ARM.Collect$$libinit$$00000033  c_p.l(libinit2.o)
    0x08000140   0x08000140   0x00000002   Code   RO         1167    .ARM.Collect$$libshutdown$$00000000  c_p.l(libshutdown.o)
    0x08000142   0x08000142   0x00000000   Code   RO         1195    .ARM.Collect$$libshutdown$$00000002  c_p.l(libshutdown2.o)
    0x08000142   0x08000142   0x00000000   Code   RO         1197    .ARM.Collect$$libshutdown$$00000004  c_p.l(libshutdown2.o)
    0x08000142   0x08000142   0x00000000   Code   RO         1200    .ARM.Collect$$libshutdown$$00000007  c_p.l(libshutdown2.o)
    0x08000142   0x08000142   0x00000000   Code   RO         1203    .ARM.Collect$$libshutdown$$0000000A  c_p.l(libshutdown2.o)
    0x08000142   0x08000142   0x00000000   Code   RO         1205    .ARM.Collect$$libshutdown$$0000000C  c_p.l(libshutdown2.o)
    0x08000142   0x08000142   0x00000000   Code   RO         1208    .ARM.Collect$$libshutdown$$0000000F  c_p.l(libshutdown2.o)
    0x08000142   0x08000142   0x00000002   Code   RO         1209    .ARM.Collect$$libshutdown$$00000010  c_p.l(libshutdown2.o)
    0x08000144   0x08000144   0x00000000   Code   RO         1035    .ARM.Collect$$rtentry$$00000000  c_p.l(__rtentry.o)
    0x08000144   0x08000144   0x00000000   Code   RO         1045    .ARM.Collect$$rtentry$$00000002  c_p.l(__rtentry2.o)
    0x08000144   0x08000144   0x00000006   Code   RO         1057    .ARM.Collect$$rtentry$$00000004  c_p.l(__rtentry4.o)
    0x0800014a   0x0800014a   0x00000000   Code   RO         1047    .ARM.Collect$$rtentry$$00000009  c_p.l(__rtentry2.o)
    0x0800014a   0x0800014a   0x00000004   Code   RO         1048    .ARM.Collect$$rtentry$$0000000A  c_p.l(__rtentry2.o)
    0x0800014e   0x0800014e   0x00000000   Code   RO         1050    .ARM.Collect$$rtentry$$0000000C  c_p.l(__rtentry2.o)
    0x0800014e   0x0800014e   0x00000008   Code   RO         1051    .ARM.Collect$$rtentry$$0000000D  c_p.l(__rtentry2.o)
    0x08000156   0x08000156   0x00000002   Code   RO         1080    .ARM.Collect$$rtexit$$00000000  c_p.l(rtexit.o)
    0x08000158   0x08000158   0x00000000   Code   RO         1138    .ARM.Collect$$rtexit$$00000002  c_p.l(rtexit2.o)
    0x08000158   0x08000158   0x00000004   Code   RO         1139    .ARM.Collect$$rtexit$$00000003  c_p.l(rtexit2.o)
    0x0800015c   0x0800015c   0x00000006   Code   RO         1140    .ARM.Collect$$rtexit$$00000004  c_p.l(rtexit2.o)
    0x08000162   0x08000162   0x00000002   PAD
    0x08000164   0x08000164   0x00000038   Code   RO         1021    .emb_text           c_p.l(rt_memcpy.o)
    0x0800019c   0x0800019c   0x00000038   Code   RO            4    .text               startup_stm32l071xx.o
    0x080001d4   0x080001d4   0x00000110   Code   RO         1017    .text               c_p.l(lludiv.o)
    0x080002e4   0x080002e4   0x00000044   Code   RO         1019    .text               c_p.l(strlen.o)
    0x08000328   0x08000328   0x00000082   Code   RO         1022    .text               c_p.l(rt_memcpy.o)
    0x080003aa   0x080003aa   0x00000040   Code   RO         1025    .text               c_p.l(rt_memclr.o)
    0x080003ea   0x080003ea   0x00000002   PAD
    0x080003ec   0x080003ec   0x0000016c   Code   RO         1027    .text               c_p.l(aeabi_sdiv.o)
    0x08000558   0x08000558   0x00000006   Code   RO         1031    .text               c_p.l(heapauxi.o)
    0x0800055e   0x0800055e   0x0000003e   Code   RO         1061    .text               c_p.l(sys_stackheap_outer.o)
    0x0800059c   0x0800059c   0x00000010   Code   RO         1064    .text               c_p.l(exit.o)
    0x080005ac   0x080005ac   0x00000008   Code   RO         1076    .text               c_p.l(libspace.o)
    0x080005b4   0x080005b4   0x0000000c   Code   RO         1133    .text               c_p.l(sys_exit.o)
    0x080005c0   0x080005c0   0x00000002   Code   RO         1156    .text               c_p.l(use_no_semi.o)
    0x080005c2   0x080005c2   0x00000000   Code   RO         1158    .text               c_p.l(indicate_semi.o)
    0x080005c2   0x080005c2   0x00000002   PAD
    0x080005c4   0x080005c4   0x000000bc   Code   RO           15    .text.EC200_Turn_on_Power  main.o
    0x08000680   0x08000680   0x00000008   Code   RO           27    .text.Error_Handler  main.o
    0x08000688   0x08000688   0x00000040   Code   RO          829    .text.HAL_DMA_Abort  stm32l0xx_hal_dma.o
    0x080006c8   0x080006c8   0x00000048   Code   RO          831    .text.HAL_DMA_Abort_IT  stm32l0xx_hal_dma.o
    0x08000710   0x08000710   0x00000020   Code   RO          393    .text.HAL_Delay     stm32l0xx_hal.o
    0x08000730   0x08000730   0x00000178   Code   RO          794    .text.HAL_GPIO_Init  stm32l0xx_hal_gpio.o
    0x080008a8   0x080008a8   0x0000000e   Code   RO          800    .text.HAL_GPIO_WritePin  stm32l0xx_hal_gpio.o
    0x080008b6   0x080008b6   0x00000002   PAD
    0x080008b8   0x080008b8   0x00000008   Code   RO          385    .text.HAL_GetTick   stm32l0xx_hal.o
    0x080008c0   0x080008c0   0x00000014   Code   RO          383    .text.HAL_IncTick   stm32l0xx_hal.o
    0x080008d4   0x080008d4   0x00000024   Code   RO          373    .text.HAL_Init      stm32l0xx_hal.o
    0x080008f8   0x080008f8   0x00000040   Code   RO          375    .text.HAL_InitTick  stm32l0xx_hal.o
    0x08000938   0x08000938   0x00000018   Code   RO           86    .text.HAL_MspInit   stm32l0xx_hal_msp.o
    0x08000950   0x08000950   0x00000018   Code   RO          924    .text.HAL_NVIC_EnableIRQ  stm32l0xx_hal_cortex.o
    0x08000968   0x08000968   0x00000008   Code   RO          920    .text.HAL_NVIC_SetPriority  stm32l0xx_hal_cortex.o
    0x08000970   0x08000970   0x00000180   Code   RO          669    .text.HAL_RCCEx_PeriphCLKConfig  stm32l0xx_hal_rcc_ex.o
    0x08000af0   0x08000af0   0x0000019c   Code   RO          640    .text.HAL_RCC_ClockConfig  stm32l0xx_hal_rcc.o
    0x08000c8c   0x08000c8c   0x00000014   Code   RO          648    .text.HAL_RCC_GetPCLK1Freq  stm32l0xx_hal_rcc.o
    0x08000ca0   0x08000ca0   0x00000020   Code   RO          650    .text.HAL_RCC_GetPCLK2Freq  stm32l0xx_hal_rcc.o
    0x08000cc0   0x08000cc0   0x00000070   Code   RO          638    .text.HAL_RCC_GetSysClockFreq  stm32l0xx_hal_rcc.o
    0x08000d30   0x08000d30   0x00000478   Code   RO          636    .text.HAL_RCC_OscConfig  stm32l0xx_hal_rcc.o
    0x080011a8   0x080011a8   0x00000034   Code   RO          932    .text.HAL_SYSTICK_Config  stm32l0xx_hal_cortex.o
    0x080011dc   0x080011dc   0x00000002   Code   RO          292    .text.HAL_UARTEx_RxEventCallback  stm32l0xx_hal_uart.o
    0x080011de   0x080011de   0x00000002   Code   RO          344    .text.HAL_UARTEx_WakeupCallback  stm32l0xx_hal_uart_ex.o
    0x080011e0   0x080011e0   0x00000002   Code   RO          290    .text.HAL_UART_ErrorCallback  stm32l0xx_hal_uart.o
    0x080011e2   0x080011e2   0x00000002   PAD
    0x080011e4   0x080011e4   0x000002fc   Code   RO          286    .text.HAL_UART_IRQHandler  stm32l0xx_hal_uart.o
    0x080014e0   0x080014e0   0x0000006a   Code   RO          202    .text.HAL_UART_Init  stm32l0xx_hal_uart.o
    0x0800154a   0x0800154a   0x00000002   PAD
    0x0800154c   0x0800154c   0x00000064   Code   RO           52    .text.HAL_UART_MspInit  usart.o
    0x080015b0   0x080015b0   0x00000074   Code   RO          234    .text.HAL_UART_Receive_IT  stm32l0xx_hal_uart.o
    0x08001624   0x08001624   0x00000028   Code   RO           13    .text.HAL_UART_RxCpltCallback  main.o
    0x0800164c   0x0800164c   0x00000002   Code   RO          294    .text.HAL_UART_TxCpltCallback  stm32l0xx_hal_uart.o
    0x0800164e   0x0800164e   0x00000002   Code   RO           68    .text.HardFault_Handler  stm32l0xx_it.o
    0x08001650   0x08001650   0x000000c0   Code   RO           41    .text.MX_GPIO_Init  gpio.o
    0x08001710   0x08001710   0x00000038   Code   RO           50    .text.MX_USART1_UART_Init  usart.o
    0x08001748   0x08001748   0x00000002   Code   RO           66    .text.NMI_Handler   stm32l0xx_it.o
    0x0800174a   0x0800174a   0x00000002   Code   RO           72    .text.PendSV_Handler  stm32l0xx_it.o
    0x0800174c   0x0800174c   0x00000030   Code   RO          162    .text.SEGGER_RTT_ConfigUpBuffer  segger_rtt.o
    0x0800177c   0x0800177c   0x00000008   Code   RO          174    .text.SEGGER_RTT_Init  segger_rtt.o
    0x08001784   0x08001784   0x00000030   Code   RO          138    .text.SEGGER_RTT_Write  segger_rtt.o
    0x080017b4   0x080017b4   0x00000068   Code   RO          134    .text.SEGGER_RTT_WriteNoLock  segger_rtt.o
    0x0800181c   0x0800181c   0x00000018   Code   RO          140    .text.SEGGER_RTT_WriteString  segger_rtt.o
    0x08001834   0x08001834   0x0000001a   Code   RO          101    .text.SEGGER_RTT_printf  segger_rtt_printf.o
    0x0800184e   0x0800184e   0x00000002   PAD
    0x08001850   0x08001850   0x0000028c   Code   RO           95    .text.SEGGER_RTT_vprintf  segger_rtt_printf.o
    0x08001adc   0x08001adc   0x00000002   Code   RO           70    .text.SVC_Handler   stm32l0xx_it.o
    0x08001ade   0x08001ade   0x00000008   Code   RO           74    .text.SysTick_Handler  stm32l0xx_it.o
    0x08001ae6   0x08001ae6   0x00000002   PAD
    0x08001ae8   0x08001ae8   0x00000098   Code   RO           25    .text.SystemClock_Config  main.o
    0x08001b80   0x08001b80   0x00000002   Code   RO          990    .text.SystemInit    system_stm32l0xx.o
    0x08001b82   0x08001b82   0x000000b8   Code   RO          208    .text.UART_AdvFeatureConfig  stm32l0xx_hal_uart.o
    0x08001c3a   0x08001c3a   0x00000002   PAD
    0x08001c3c   0x08001c3c   0x00000068   Code   RO          210    .text.UART_CheckIdleState  stm32l0xx_hal_uart.o
    0x08001ca4   0x08001ca4   0x00000016   Code   RO          288    .text.UART_DMAAbortOnError  stm32l0xx_hal_uart.o
    0x08001cba   0x08001cba   0x00000058   Code   RO          258    .text.UART_EndRxTransfer  stm32l0xx_hal_uart.o
    0x08001d12   0x08001d12   0x000000a2   Code   RO          324    .text.UART_RxISR_16BIT  stm32l0xx_hal_uart.o
    0x08001db4   0x08001db4   0x000000a4   Code   RO          326    .text.UART_RxISR_8BIT  stm32l0xx_hal_uart.o
    0x08001e58   0x08001e58   0x00000020   Code   RO           19    .text.UART_SendData  main.o
    0x08001e78   0x08001e78   0x000001f4   Code   RO          206    .text.UART_SetConfig  stm32l0xx_hal_uart.o
    0x0800206c   0x0800206c   0x000000a8   Code   RO          236    .text.UART_Start_Receive_IT  stm32l0xx_hal_uart.o
    0x08002114   0x08002114   0x000000cc   Code   RO          224    .text.UART_WaitOnFlagUntilTimeout  stm32l0xx_hal_uart.o
    0x080021e0   0x080021e0   0x0000001c   Code   RO           76    .text.USART1_IRQHandler  stm32l0xx_it.o
    0x080021fc   0x080021fc   0x00000002   Code   RO           11    .text.USART_CharReception_Callback  main.o
    0x080021fe   0x080021fe   0x00000002   PAD
    0x08002200   0x08002200   0x00000064   Code   RO          114    .text._DoInit       segger_rtt.o
    0x08002264   0x08002264   0x00000016   Code   RO          128    .text._GetAvailWriteSpace  segger_rtt.o
    0x0800227a   0x0800227a   0x00000002   PAD
    0x0800227c   0x0800227c   0x00000108   Code   RO           99    .text._PrintUnsigned  segger_rtt_printf.o
    0x08002384   0x08002384   0x00000040   Code   RO           97    .text._StoreChar    segger_rtt_printf.o
    0x080023c4   0x080023c4   0x0000005c   Code   RO          132    .text._WriteBlocking  segger_rtt.o
    0x08002420   0x08002420   0x00000036   Code   RO          130    .text._WriteNoCheck  segger_rtt.o
    0x08002456   0x08002456   0x00000002   PAD
    0x08002458   0x08002458   0x00000040   Code   RO          922    .text.__NVIC_SetPriority  stm32l0xx_hal_cortex.o
    0x08002498   0x08002498   0x00000090   Code   RO           23    .text.main          main.o
    0x08002528   0x08002528   0x00000010   Data   RO          995    .rodata.AHBPrescTable  system_stm32l0xx.o
    0x08002538   0x08002538   0x00000008   Data   RO          996    .rodata.APBPrescTable  system_stm32l0xx.o
    0x08002540   0x08002540   0x00000009   Data   RO          997    .rodata.PLLMulTable  system_stm32l0xx.o
    0x08002549   0x08002549   0x00000003   PAD
    0x0800254c   0x0800254c   0x00000010   Data   RO          332    .rodata.cst16       stm32l0xx_hal_uart.o
    0x0800255c   0x0800255c   0x00000009   Data   RO          188    .rodata.str1.1      segger_rtt.o
    0x08002565   0x08002565   0x00000003   PAD
    0x08002568   0x08002568   0x00000020   Data   RO         1211    Region$$Table       anon$$obj.o


    Execution Region RW_IRAM1 (Exec base: 0x20000000, Load base: 0x08002588, Size: 0x00000ca8, Max: 0x00005000, ABSOLUTE)

    Exec Addr    Load Addr    Size         Type   Attr      Idx    E Section Name        Object

    0x20000000   0x08002588   0x00000008   Data   RW          436    .data..L_MergedGlobals  stm32l0xx_hal.o
    0x20000008   0x08002590   0x00000004   Data   RW          994    .data.SystemCoreClock  system_stm32l0xx.o
    0x2000000c   0x08002594   0x00000004   PAD
    0x20000010        -       0x00000060   Zero   RW         1077    .bss                c_p.l(libspace.o)
    0x20000070        -       0x00000021   Zero   RW           31    .bss..L_MergedGlobals  main.o
    0x20000091        -       0x00000041   Zero   RW          190    .bss..L_MergedGlobals  segger_rtt.o
    0x200000d2   0x08002594   0x00000002   PAD
    0x200000d4        -       0x00000048   Zero   RW          186    .bss._SEGGER_RTT    segger_rtt.o
    0x2000011c        -       0x00000100   Zero   RW          189    .bss._acUpBuffer    segger_rtt.o
    0x2000021c        -       0x00000084   Zero   RW           56    .bss.huart1         usart.o
    0x200002a0        -       0x00000402   Zero   RW           29    .bss.m_rx_buff      main.o
    0x200006a2   0x08002594   0x00000002   PAD
    0x200006a4        -       0x00000004   Zero   RW          435    .bss.uwTick         stm32l0xx_hal.o
    0x200006a8        -       0x00000200   Zero   RW            2    HEAP                startup_stm32l071xx.o
    0x200008a8        -       0x00000400   Zero   RW            1    STACK               startup_stm32l071xx.o


==============================================================================

Image component sizes


      Code (inc. data)   RO Data    RW Data    ZI Data      Debug   Object Name

       192         20          0          0          0       1866   gpio.o
       566         92          0          0       1059       6474   main.o
       500         28          9          0        393      16917   segger_rtt.o
      1006         36          0          0          0       4936   segger_rtt_printf.o
        56         26        192          0       1536        624   startup_stm32l071xx.o
       160          8          0          8          4       6819   stm32l0xx_hal.o
       148         24          0          0          0       6357   stm32l0xx_hal_cortex.o
       136          0          0          0          0       6648   stm32l0xx_hal_dma.o
       390         12          0          0          0       4907   stm32l0xx_hal_gpio.o
        24          4          0          0          0       1083   stm32l0xx_hal_msp.o
      1720         76          0          0          0       8131   stm32l0xx_hal_rcc.o
       384          4          0          0          0       4704   stm32l0xx_hal_rcc_ex.o
      2588        130         16          0          0      39177   stm32l0xx_hal_uart.o
         2          0          0          0          0       9020   stm32l0xx_hal_uart_ex.o
        44          0          0          0          0       1299   stm32l0xx_it.o
         2          0         33          4          0       1969   system_stm32l0xx.o
       156          8          0          0        132       5344   usart.o

    ----------------------------------------------------------------------
      8092        468        288         12       3132     126275   Object Totals
         0          0         32          0          0          0   (incl. Generated)
        18          0          6          0          8          0   (incl. Padding)

    ----------------------------------------------------------------------

      Code (inc. data)   RO Data    RW Data    ZI Data      Debug   Library Member Name

         8          0          0          0          0         68   __main.o
         0          0          0          0          0          0   __rtentry.o
        12          0          0          0          0          0   __rtentry2.o
         6          0          0          0          0          0   __rtentry4.o
        60          8          0          0          0          0   __scatter.o
        26          0          0          0          0          0   __scatter_copy.o
        28          0          0          0          0          0   __scatter_zi.o
       364          4          0          0          0         92   aeabi_sdiv.o
        16          0          0          0          0         68   exit.o
         6          0          0          0          0        136   heapauxi.o
         0          0          0          0          0          0   indicate_semi.o
         2          0          0          0          0          0   libinit.o
         2          0          0          0          0          0   libinit2.o
         2          0          0          0          0          0   libshutdown.o
         2          0          0          0          0          0   libshutdown2.o
         8          4          0          0         96         68   libspace.o
       272          0          0          0          0         88   lludiv.o
        64          0          0          0          0        108   rt_memclr.o
       186          0          0          0          0        144   rt_memcpy.o
         2          0          0          0          0          0   rtexit.o
        10          0          0          0          0          0   rtexit2.o
        68          6          0          0          0         72   strlen.o
        12          4          0          0          0         60   sys_exit.o
        62          0          0          0          0         80   sys_stackheap_outer.o
         2          0          0          0          0         68   use_no_semi.o

    ----------------------------------------------------------------------
      1228         26          0          0         96       1052   Library Totals
         8          0          0          0          0          0   (incl. Padding)

    ----------------------------------------------------------------------

      Code (inc. data)   RO Data    RW Data    ZI Data      Debug   Library Name

      1220         26          0          0         96       1052   c_p.l

    ----------------------------------------------------------------------
      1228         26          0          0         96       1052   Library Totals

    ----------------------------------------------------------------------

==============================================================================


      Code (inc. data)   RO Data    RW Data    ZI Data      Debug   

      9320        494        288         12       3228     126715   Grand Totals
      9320        494        288         12       3228     126715   ELF Image Totals
      9320        494        288         12          0          0   ROM Totals

==============================================================================

    Total RO  Size (Code + RO Data)                 9608 (   9.38kB)
    Total RW  Size (RW Data + ZI Data)              3240 (   3.16kB)
    Total ROM Size (Code + RO Data + RW Data)       9620 (   9.39kB)

==============================================================================

